<?xml version="1.0"?>
<link_info>
   <banner>TMS320C2000 Linker PC v6.4.2</banner>
   <copyright>Copyright (c) 1996-2015 Texas Instruments Incorporated</copyright>
   <link_time>0x5557b24a</link_time>
   <link_errors>0x0</link_errors>
   <output_file>Example_F2802xAdcSoc.out</output_file>
   <entry_point>
      <name>code_start</name>
      <address>0x0</address>
   </entry_point>
   <input_file_list>
      <input_file id="fl-2">
         <path>.\</path>
         <kind>object</kind>
         <file>Example_2802xAdcSoc.obj</file>
         <name>Example_2802xAdcSoc.obj</name>
      </input_file>
      <input_file id="fl-a">
         <path>C:\projetos\PSE\trunk\f2802x_common\lib\</path>
         <kind>archive</kind>
         <file>driverlib.lib</file>
         <name>adc.obj</name>
      </input_file>
      <input_file id="fl-b">
         <path>C:\projetos\PSE\trunk\f2802x_common\lib\</path>
         <kind>archive</kind>
         <file>driverlib.lib</file>
         <name>clk.obj</name>
      </input_file>
      <input_file id="fl-c">
         <path>C:\projetos\PSE\trunk\f2802x_common\lib\</path>
         <kind>archive</kind>
         <file>driverlib.lib</file>
         <name>cpu.obj</name>
      </input_file>
      <input_file id="fl-d">
         <path>C:\projetos\PSE\trunk\f2802x_common\lib\</path>
         <kind>archive</kind>
         <file>driverlib.lib</file>
         <name>f2802xx_codestartbranch.obj</name>
      </input_file>
      <input_file id="fl-e">
         <path>C:\projetos\PSE\trunk\f2802x_common\lib\</path>
         <kind>archive</kind>
         <file>driverlib.lib</file>
         <name>flash.obj</name>
      </input_file>
      <input_file id="fl-f">
         <path>C:\projetos\PSE\trunk\f2802x_common\lib\</path>
         <kind>archive</kind>
         <file>driverlib.lib</file>
         <name>gpio.obj</name>
      </input_file>
      <input_file id="fl-10">
         <path>C:\projetos\PSE\trunk\f2802x_common\lib\</path>
         <kind>archive</kind>
         <file>driverlib.lib</file>
         <name>pie.obj</name>
      </input_file>
      <input_file id="fl-11">
         <path>C:\projetos\PSE\trunk\f2802x_common\lib\</path>
         <kind>archive</kind>
         <file>driverlib.lib</file>
         <name>pll.obj</name>
      </input_file>
      <input_file id="fl-12">
         <path>C:\projetos\PSE\trunk\f2802x_common\lib\</path>
         <kind>archive</kind>
         <file>driverlib.lib</file>
         <name>pwm.obj</name>
      </input_file>
      <input_file id="fl-13">
         <path>C:\projetos\PSE\trunk\f2802x_common\lib\</path>
         <kind>archive</kind>
         <file>driverlib.lib</file>
         <name>timer.obj</name>
      </input_file>
      <input_file id="fl-14">
         <path>C:\projetos\PSE\trunk\f2802x_common\lib\</path>
         <kind>archive</kind>
         <file>driverlib.lib</file>
         <name>wdog.obj</name>
      </input_file>
      <input_file id="fl-15">
         <path>C:\projetos\PSE\trunk\f2802x_common\lib\</path>
         <kind>archive</kind>
         <file>driverlib.lib</file>
         <name>f2802xx_defaultisr.obj</name>
      </input_file>
      <input_file id="fl-16">
         <path>C:\ti\ccsv6\tools\compiler\ti-cgt-c2000_6.4.2\lib\</path>
         <kind>archive</kind>
         <file>rts2800_ml.lib</file>
         <name>boot.obj</name>
      </input_file>
      <input_file id="fl-17">
         <path>C:\ti\ccsv6\tools\compiler\ti-cgt-c2000_6.4.2\lib\</path>
         <kind>archive</kind>
         <file>rts2800_ml.lib</file>
         <name>exit.obj</name>
      </input_file>
      <input_file id="fl-18">
         <path>C:\ti\ccsv6\tools\compiler\ti-cgt-c2000_6.4.2\lib\</path>
         <kind>archive</kind>
         <file>rts2800_ml.lib</file>
         <name>_lock.obj</name>
      </input_file>
      <input_file id="fl-19">
         <path>C:\ti\ccsv6\tools\compiler\ti-cgt-c2000_6.4.2\lib\</path>
         <kind>archive</kind>
         <file>rts2800_ml.lib</file>
         <name>args_main.obj</name>
      </input_file>
   </input_file_list>
   <object_component_list>
      <object_component id="oc-33">
         <name>codestart</name>
         <load_address>0x0</load_address>
         <run_address>0x0</run_address>
         <size>0x2</size>
         <input_file_ref idref="fl-d"/>
      </object_component>
      <object_component id="oc-37">
         <name>.text:retain</name>
         <load_address>0xb6</load_address>
         <run_address>0xb6</run_address>
         <size>0x7e</size>
         <input_file_ref idref="fl-2"/>
      </object_component>
      <object_component id="oc-d2">
         <name>.text:_GPIO_setMode</name>
         <load_address>0x134</load_address>
         <run_address>0x134</run_address>
         <size>0x48</size>
         <input_file_ref idref="fl-f"/>
      </object_component>
      <object_component id="oc-ad">
         <name>.text</name>
         <load_address>0x17c</load_address>
         <run_address>0x17c</run_address>
         <size>0x44</size>
         <input_file_ref idref="fl-16"/>
      </object_component>
      <object_component id="oc-d3">
         <name>.text:_GPIO_setDirection</name>
         <load_address>0x1c0</load_address>
         <run_address>0x1c0</run_address>
         <size>0x29</size>
         <input_file_ref idref="fl-f"/>
      </object_component>
      <object_component id="oc-d1">
         <name>.text:_GPIO_setPullUp</name>
         <load_address>0x1e9</load_address>
         <run_address>0x1e9</run_address>
         <size>0x29</size>
         <input_file_ref idref="fl-f"/>
      </object_component>
      <object_component id="oc-dd">
         <name>.text:_ADC_setIntMode</name>
         <load_address>0x212</load_address>
         <run_address>0x212</run_address>
         <size>0x22</size>
         <input_file_ref idref="fl-a"/>
      </object_component>
      <object_component id="oc-de">
         <name>.text:_ADC_setIntSrc</name>
         <load_address>0x234</load_address>
         <run_address>0x234</run_address>
         <size>0x22</size>
         <input_file_ref idref="fl-a"/>
      </object_component>
      <object_component id="oc-c7">
         <name>.text</name>
         <load_address>0x256</load_address>
         <run_address>0x256</run_address>
         <size>0x19</size>
         <input_file_ref idref="fl-19"/>
      </object_component>
      <object_component id="oc-c8">
         <name>.text</name>
         <load_address>0x26f</load_address>
         <run_address>0x26f</run_address>
         <size>0x19</size>
         <input_file_ref idref="fl-17"/>
      </object_component>
      <object_component id="oc-dc">
         <name>.text:_ADC_enableInt</name>
         <load_address>0x288</load_address>
         <run_address>0x288</run_address>
         <size>0x17</size>
         <input_file_ref idref="fl-a"/>
      </object_component>
      <object_component id="oc-108">
         <name>.text:_PLL_setup</name>
         <load_address>0x29f</load_address>
         <run_address>0x29f</run_address>
         <size>0x15</size>
         <input_file_ref idref="fl-11"/>
      </object_component>
      <object_component id="oc-d4">
         <name>.text:_GPIO_setLow</name>
         <load_address>0x2b4</load_address>
         <run_address>0x2b4</run_address>
         <size>0x14</size>
         <input_file_ref idref="fl-f"/>
      </object_component>
      <object_component id="oc-c5">
         <name>.text:_GPIO_toggle</name>
         <load_address>0x2c8</load_address>
         <run_address>0x2c8</run_address>
         <size>0x14</size>
         <input_file_ref idref="fl-f"/>
      </object_component>
      <object_component id="oc-111">
         <name>.text:_PIE_enableAdcInt</name>
         <load_address>0x2dc</load_address>
         <run_address>0x2dc</run_address>
         <size>0x14</size>
         <input_file_ref idref="fl-10"/>
      </object_component>
      <object_component id="oc-cd">
         <name>.text:_TIMER_setPreScaler</name>
         <load_address>0x2f0</load_address>
         <run_address>0x2f0</run_address>
         <size>0x13</size>
         <input_file_ref idref="fl-13"/>
      </object_component>
      <object_component id="oc-df">
         <name>.text:_ADC_setSocChanNumber</name>
         <load_address>0x303</load_address>
         <run_address>0x303</run_address>
         <size>0x12</size>
         <input_file_ref idref="fl-a"/>
      </object_component>
      <object_component id="oc-e1">
         <name>.text:_ADC_setSocSampleWindow</name>
         <load_address>0x315</load_address>
         <run_address>0x315</run_address>
         <size>0x12</size>
         <input_file_ref idref="fl-a"/>
      </object_component>
      <object_component id="oc-e0">
         <name>.text:_ADC_setSocTrigSrc</name>
         <load_address>0x327</load_address>
         <run_address>0x327</run_address>
         <size>0x12</size>
         <input_file_ref idref="fl-a"/>
      </object_component>
      <object_component id="oc-db">
         <name>.text:_ADC_setIntPulseGenMode</name>
         <load_address>0x339</load_address>
         <run_address>0x339</run_address>
         <size>0x11</size>
         <input_file_ref idref="fl-a"/>
      </object_component>
      <object_component id="oc-d9">
         <name>.text:_ADC_setVoltRefSrc</name>
         <load_address>0x34a</load_address>
         <run_address>0x34a</run_address>
         <size>0x11</size>
         <input_file_ref idref="fl-a"/>
      </object_component>
      <object_component id="oc-10a">
         <name>.text:_PIE_disableAllInts</name>
         <load_address>0x35b</load_address>
         <run_address>0x35b</run_address>
         <size>0x11</size>
         <input_file_ref idref="fl-10"/>
      </object_component>
      <object_component id="oc-10d">
         <name>.text:_PIE_setDebugIntVectorTable</name>
         <load_address>0x36c</load_address>
         <run_address>0x36c</run_address>
         <size>0x11</size>
         <input_file_ref idref="fl-10"/>
      </object_component>
      <object_component id="oc-10f">
         <name>.text:_PIE_registerPieIntHandler</name>
         <load_address>0x37d</load_address>
         <run_address>0x37d</run_address>
         <size>0xf</size>
         <input_file_ref idref="fl-10"/>
      </object_component>
      <object_component id="oc-110">
         <name>.text:_PIE_registerSystemIntHandler</name>
         <load_address>0x38c</load_address>
         <run_address>0x38c</run_address>
         <size>0xb</size>
         <input_file_ref idref="fl-10"/>
      </object_component>
      <object_component id="oc-d8">
         <name>.text:_ADC_enable</name>
         <load_address>0x397</load_address>
         <run_address>0x397</run_address>
         <size>0xa</size>
         <input_file_ref idref="fl-a"/>
      </object_component>
      <object_component id="oc-d5">
         <name>.text:_ADC_enableBandGap</name>
         <load_address>0x3a1</load_address>
         <run_address>0x3a1</run_address>
         <size>0xa</size>
         <input_file_ref idref="fl-a"/>
      </object_component>
      <object_component id="oc-d6">
         <name>.text:_ADC_enableRefBuffers</name>
         <load_address>0x3ab</load_address>
         <run_address>0x3ab</run_address>
         <size>0xa</size>
         <input_file_ref idref="fl-a"/>
      </object_component>
      <object_component id="oc-da">
         <name>.text:_ADC_enableTempSensor</name>
         <load_address>0x3b5</load_address>
         <run_address>0x3b5</run_address>
         <size>0xa</size>
         <input_file_ref idref="fl-a"/>
      </object_component>
      <object_component id="oc-fb">
         <name>.text:_ADC_init</name>
         <load_address>0x3bf</load_address>
         <run_address>0x3bf</run_address>
         <size>0xa</size>
         <input_file_ref idref="fl-a"/>
      </object_component>
      <object_component id="oc-d7">
         <name>.text:_ADC_powerUp</name>
         <load_address>0x3c9</load_address>
         <run_address>0x3c9</run_address>
         <size>0xa</size>
         <input_file_ref idref="fl-a"/>
      </object_component>
      <object_component id="oc-c9">
         <name>.text:_CLK_disablePwmClock</name>
         <load_address>0x3d3</load_address>
         <run_address>0x3d3</run_address>
         <size>0xa</size>
         <input_file_ref idref="fl-b"/>
      </object_component>
      <object_component id="oc-100">
         <name>.text:_PIE_init</name>
         <load_address>0x3dd</load_address>
         <run_address>0x3dd</run_address>
         <size>0xa</size>
         <input_file_ref idref="fl-10"/>
      </object_component>
      <object_component id="oc-ca">
         <name>.text:_CLK_enablePwmClock</name>
         <load_address>0x3e7</load_address>
         <run_address>0x3e7</run_address>
         <size>0x9</size>
         <input_file_ref idref="fl-b"/>
      </object_component>
      <object_component id="oc-ee">
         <name>.text:_PWM_setActionQual_CntUp_CmpA_PwmA</name>
         <load_address>0x3f0</load_address>
         <run_address>0x3f0</run_address>
         <size>0x9</size>
         <input_file_ref idref="fl-12"/>
      </object_component>
      <object_component id="oc-106">
         <name>.text:_CLK_enableAdcClock</name>
         <load_address>0x3f9</load_address>
         <run_address>0x3f9</run_address>
         <size>0x7</size>
         <input_file_ref idref="fl-b"/>
      </object_component>
      <object_component id="oc-c6">
         <name>.text</name>
         <load_address>0x8000</load_address>
         <run_address>0x8000</run_address>
         <size>0x3d0</size>
         <input_file_ref idref="fl-2"/>
      </object_component>
      <object_component id="oc-f0">
         <name>.text:_PWM_setActionQual_CntUp_CmpB_PwmB</name>
         <load_address>0x83d0</load_address>
         <run_address>0x83d0</run_address>
         <size>0x9</size>
         <input_file_ref idref="fl-12"/>
      </object_component>
      <object_component id="oc-f3">
         <name>.text:_PWM_setSocAPeriod</name>
         <load_address>0x83d9</load_address>
         <run_address>0x83d9</run_address>
         <size>0x9</size>
         <input_file_ref idref="fl-12"/>
      </object_component>
      <object_component id="oc-f2">
         <name>.text:_PWM_setSocAPulseSrc</name>
         <load_address>0x83e2</load_address>
         <run_address>0x83e2</run_address>
         <size>0x9</size>
         <input_file_ref idref="fl-12"/>
      </object_component>
      <object_component id="oc-11d">
         <name>.text</name>
         <load_address>0x83eb</load_address>
         <run_address>0x83eb</run_address>
         <size>0x9</size>
         <input_file_ref idref="fl-18"/>
      </object_component>
      <object_component id="oc-fc">
         <name>.text:_CLK_init</name>
         <load_address>0x83f4</load_address>
         <run_address>0x83f4</run_address>
         <size>0x8</size>
         <input_file_ref idref="fl-b"/>
      </object_component>
      <object_component id="oc-fe">
         <name>.text:_FLASH_init</name>
         <load_address>0x83fc</load_address>
         <run_address>0x83fc</run_address>
         <size>0x8</size>
         <input_file_ref idref="fl-e"/>
      </object_component>
      <object_component id="oc-ff">
         <name>.text:_GPIO_init</name>
         <load_address>0x8404</load_address>
         <run_address>0x8404</run_address>
         <size>0x8</size>
         <input_file_ref idref="fl-f"/>
      </object_component>
      <object_component id="oc-101">
         <name>.text:_PLL_init</name>
         <load_address>0x840c</load_address>
         <run_address>0x840c</run_address>
         <size>0x8</size>
         <input_file_ref idref="fl-11"/>
      </object_component>
      <object_component id="oc-102">
         <name>.text:_PWM_init</name>
         <load_address>0x8414</load_address>
         <run_address>0x8414</run_address>
         <size>0x8</size>
         <input_file_ref idref="fl-12"/>
      </object_component>
      <object_component id="oc-104">
         <name>.text:_TIMER_init</name>
         <load_address>0x841c</load_address>
         <run_address>0x841c</run_address>
         <size>0x8</size>
         <input_file_ref idref="fl-13"/>
      </object_component>
      <object_component id="oc-105">
         <name>.text:_WDOG_disable</name>
         <load_address>0x8424</load_address>
         <run_address>0x8424</run_address>
         <size>0x8</size>
         <input_file_ref idref="fl-14"/>
      </object_component>
      <object_component id="oc-103">
         <name>.text:_WDOG_init</name>
         <load_address>0x842c</load_address>
         <run_address>0x842c</run_address>
         <size>0x8</size>
         <input_file_ref idref="fl-14"/>
      </object_component>
      <object_component id="oc-4c">
         <name>.text</name>
         <load_address>0x8434</load_address>
         <run_address>0x8434</run_address>
         <size>0x8</size>
         <input_file_ref idref="fl-d"/>
      </object_component>
      <object_component id="oc-f9">
         <name>.text:_CLK_enableTbClockSync</name>
         <load_address>0x843c</load_address>
         <run_address>0x843c</run_address>
         <size>0x7</size>
         <input_file_ref idref="fl-b"/>
      </object_component>
      <object_component id="oc-107">
         <name>.text:_CLK_setOscSrc</name>
         <load_address>0x8443</load_address>
         <run_address>0x8443</run_address>
         <size>0x7</size>
         <input_file_ref idref="fl-b"/>
      </object_component>
      <object_component id="oc-119">
         <name>.text:_PLL_setDivider</name>
         <load_address>0x844a</load_address>
         <run_address>0x844a</run_address>
         <size>0x7</size>
         <input_file_ref idref="fl-11"/>
      </object_component>
      <object_component id="oc-ed">
         <name>.text:_PWM_setActionQual_Zero_PwmA</name>
         <load_address>0x8451</load_address>
         <run_address>0x8451</run_address>
         <size>0x7</size>
         <input_file_ref idref="fl-12"/>
      </object_component>
      <object_component id="oc-ef">
         <name>.text:_PWM_setActionQual_Zero_PwmB</name>
         <load_address>0x8458</load_address>
         <run_address>0x8458</run_address>
         <size>0x7</size>
         <input_file_ref idref="fl-12"/>
      </object_component>
      <object_component id="oc-f6">
         <name>.text:_PWM_setDeadBandInputMode</name>
         <load_address>0x845f</load_address>
         <run_address>0x845f</run_address>
         <size>0x7</size>
         <input_file_ref idref="fl-12"/>
      </object_component>
      <object_component id="oc-f4">
         <name>.text:_PWM_setDeadBandOutputMode</name>
         <load_address>0x8466</load_address>
         <run_address>0x8466</run_address>
         <size>0x7</size>
         <input_file_ref idref="fl-12"/>
      </object_component>
      <object_component id="oc-f5">
         <name>.text:_PWM_setDeadBandPolarity</name>
         <load_address>0x846d</load_address>
         <run_address>0x846d</run_address>
         <size>0x7</size>
         <input_file_ref idref="fl-12"/>
      </object_component>
      <object_component id="oc-11a">
         <name>.text:_PLL_setMultiplier</name>
         <load_address>0x8474</load_address>
         <run_address>0x8474</run_address>
         <size>0x6</size>
         <input_file_ref idref="fl-11"/>
      </object_component>
      <object_component id="oc-ec">
         <name>.text:_PWM_setLoadMode_CmpB</name>
         <load_address>0x847a</load_address>
         <run_address>0x847a</run_address>
         <size>0x6</size>
         <input_file_ref idref="fl-12"/>
      </object_component>
      <object_component id="oc-e9">
         <name>.text:_PWM_setShadowMode_CmpA</name>
         <load_address>0x8480</load_address>
         <run_address>0x8480</run_address>
         <size>0x6</size>
         <input_file_ref idref="fl-12"/>
      </object_component>
      <object_component id="oc-ea">
         <name>.text:_PWM_setShadowMode_CmpB</name>
         <load_address>0x8486</load_address>
         <run_address>0x8486</run_address>
         <size>0x6</size>
         <input_file_ref idref="fl-12"/>
      </object_component>
      <object_component id="oc-cf">
         <name>.text:_TIMER_setEmulationMode</name>
         <load_address>0x848c</load_address>
         <run_address>0x848c</run_address>
         <size>0x6</size>
         <input_file_ref idref="fl-13"/>
      </object_component>
      <object_component id="oc-89">
         <name>.text:_ADCINT1_ISR</name>
         <load_address>0x8492</load_address>
         <run_address>0x8492</run_address>
         <size>0x5</size>
         <input_file_ref idref="fl-15"/>
      </object_component>
      <object_component id="oc-8a">
         <name>.text:_ADCINT2_ISR</name>
         <load_address>0x8497</load_address>
         <run_address>0x8497</run_address>
         <size>0x5</size>
         <input_file_ref idref="fl-15"/>
      </object_component>
      <object_component id="oc-9f">
         <name>.text:_ADCINT3_ISR</name>
         <load_address>0x849c</load_address>
         <run_address>0x849c</run_address>
         <size>0x5</size>
         <input_file_ref idref="fl-15"/>
      </object_component>
      <object_component id="oc-a0">
         <name>.text:_ADCINT4_ISR</name>
         <load_address>0x84a1</load_address>
         <run_address>0x84a1</run_address>
         <size>0x5</size>
         <input_file_ref idref="fl-15"/>
      </object_component>
      <object_component id="oc-a1">
         <name>.text:_ADCINT5_ISR</name>
         <load_address>0x84a6</load_address>
         <run_address>0x84a6</run_address>
         <size>0x5</size>
         <input_file_ref idref="fl-15"/>
      </object_component>
      <object_component id="oc-a2">
         <name>.text:_ADCINT6_ISR</name>
         <load_address>0x84ab</load_address>
         <run_address>0x84ab</run_address>
         <size>0x5</size>
         <input_file_ref idref="fl-15"/>
      </object_component>
      <object_component id="oc-a3">
         <name>.text:_ADCINT7_ISR</name>
         <load_address>0x84b0</load_address>
         <run_address>0x84b0</run_address>
         <size>0x5</size>
         <input_file_ref idref="fl-15"/>
      </object_component>
      <object_component id="oc-a4">
         <name>.text:_ADCINT8_ISR</name>
         <load_address>0x84b5</load_address>
         <run_address>0x84b5</run_address>
         <size>0x5</size>
         <input_file_ref idref="fl-15"/>
      </object_component>
      <object_component id="oc-8d">
         <name>.text:_ADCINT9_ISR</name>
         <load_address>0x84ba</load_address>
         <run_address>0x84ba</run_address>
         <size>0x5</size>
         <input_file_ref idref="fl-15"/>
      </object_component>
      <object_component id="oc-78">
         <name>.text:_DATALOG_ISR</name>
         <load_address>0x84bf</load_address>
         <run_address>0x84bf</run_address>
         <size>0x5</size>
         <input_file_ref idref="fl-15"/>
      </object_component>
      <object_component id="oc-98">
         <name>.text:_ECAP1_INT_ISR</name>
         <load_address>0x84c4</load_address>
         <run_address>0x84c4</run_address>
         <size>0x5</size>
         <input_file_ref idref="fl-15"/>
      </object_component>
      <object_component id="oc-a6">
         <name>.text:_EMPTY_ISR</name>
         <load_address>0x84c9</load_address>
         <run_address>0x84c9</run_address>
         <size>0x5</size>
         <input_file_ref idref="fl-15"/>
      </object_component>
      <object_component id="oc-7a">
         <name>.text:_EMUINT_ISR</name>
         <load_address>0x84ce</load_address>
         <run_address>0x84ce</run_address>
         <size>0x5</size>
         <input_file_ref idref="fl-15"/>
      </object_component>
      <object_component id="oc-94">
         <name>.text:_EPWM1_INT_ISR</name>
         <load_address>0x84d3</load_address>
         <run_address>0x84d3</run_address>
         <size>0x5</size>
         <input_file_ref idref="fl-15"/>
      </object_component>
      <object_component id="oc-90">
         <name>.text:_EPWM1_TZINT_ISR</name>
         <load_address>0x84d8</load_address>
         <run_address>0x84d8</run_address>
         <size>0x5</size>
         <input_file_ref idref="fl-15"/>
      </object_component>
      <object_component id="oc-95">
         <name>.text:_EPWM2_INT_ISR</name>
         <load_address>0x84dd</load_address>
         <run_address>0x84dd</run_address>
         <size>0x5</size>
         <input_file_ref idref="fl-15"/>
      </object_component>
      <object_component id="oc-91">
         <name>.text:_EPWM2_TZINT_ISR</name>
         <load_address>0x84e2</load_address>
         <run_address>0x84e2</run_address>
         <size>0x5</size>
         <input_file_ref idref="fl-15"/>
      </object_component>
      <object_component id="oc-96">
         <name>.text:_EPWM3_INT_ISR</name>
         <load_address>0x84e7</load_address>
         <run_address>0x84e7</run_address>
         <size>0x5</size>
         <input_file_ref idref="fl-15"/>
      </object_component>
      <object_component id="oc-92">
         <name>.text:_EPWM3_TZINT_ISR</name>
         <load_address>0x84ec</load_address>
         <run_address>0x84ec</run_address>
         <size>0x5</size>
         <input_file_ref idref="fl-15"/>
      </object_component>
      <object_component id="oc-97">
         <name>.text:_EPWM4_INT_ISR</name>
         <load_address>0x84f1</load_address>
         <run_address>0x84f1</run_address>
         <size>0x5</size>
         <input_file_ref idref="fl-15"/>
      </object_component>
      <object_component id="oc-93">
         <name>.text:_EPWM4_TZINT_ISR</name>
         <load_address>0x84f6</load_address>
         <run_address>0x84f6</run_address>
         <size>0x5</size>
         <input_file_ref idref="fl-15"/>
      </object_component>
      <object_component id="oc-9b">
         <name>.text:_I2CINT1A_ISR</name>
         <load_address>0x84fb</load_address>
         <run_address>0x84fb</run_address>
         <size>0x5</size>
         <input_file_ref idref="fl-15"/>
      </object_component>
      <object_component id="oc-9c">
         <name>.text:_I2CINT2A_ISR</name>
         <load_address>0x8500</load_address>
         <run_address>0x8500</run_address>
         <size>0x5</size>
         <input_file_ref idref="fl-15"/>
      </object_component>
      <object_component id="oc-7c">
         <name>.text:_ILLEGAL_ISR</name>
         <load_address>0x8505</load_address>
         <run_address>0x8505</run_address>
         <size>0x5</size>
         <input_file_ref idref="fl-15"/>
      </object_component>
      <object_component id="oc-76">
         <name>.text:_INT13_ISR</name>
         <load_address>0x850a</load_address>
         <run_address>0x850a</run_address>
         <size>0x5</size>
         <input_file_ref idref="fl-15"/>
      </object_component>
      <object_component id="oc-77">
         <name>.text:_INT14_ISR</name>
         <load_address>0x850f</load_address>
         <run_address>0x850f</run_address>
         <size>0x5</size>
         <input_file_ref idref="fl-15"/>
      </object_component>
      <object_component id="oc-7b">
         <name>.text:_NMI_ISR</name>
         <load_address>0x8514</load_address>
         <run_address>0x8514</run_address>
         <size>0x5</size>
         <input_file_ref idref="fl-15"/>
      </object_component>
      <object_component id="oc-a7">
         <name>.text:_PIE_RESERVED</name>
         <load_address>0x8519</load_address>
         <run_address>0x8519</run_address>
         <size>0x5</size>
         <input_file_ref idref="fl-15"/>
      </object_component>
      <object_component id="oc-5c">
         <name>.text:_PIE_illegalIsr</name>
         <load_address>0x851e</load_address>
         <run_address>0x851e</run_address>
         <size>0x5</size>
         <input_file_ref idref="fl-10"/>
      </object_component>
      <object_component id="oc-79">
         <name>.text:_RTOSINT_ISR</name>
         <load_address>0x8523</load_address>
         <run_address>0x8523</run_address>
         <size>0x5</size>
         <input_file_ref idref="fl-15"/>
      </object_component>
      <object_component id="oc-9d">
         <name>.text:_SCIRXINTA_ISR</name>
         <load_address>0x8528</load_address>
         <run_address>0x8528</run_address>
         <size>0x5</size>
         <input_file_ref idref="fl-15"/>
      </object_component>
      <object_component id="oc-9e">
         <name>.text:_SCITXINTA_ISR</name>
         <load_address>0x852d</load_address>
         <run_address>0x852d</run_address>
         <size>0x5</size>
         <input_file_ref idref="fl-15"/>
      </object_component>
      <object_component id="oc-99">
         <name>.text:_SPIRXINTA_ISR</name>
         <load_address>0x8532</load_address>
         <run_address>0x8532</run_address>
         <size>0x5</size>
         <input_file_ref idref="fl-15"/>
      </object_component>
      <object_component id="oc-9a">
         <name>.text:_SPITXINTA_ISR</name>
         <load_address>0x8537</load_address>
         <run_address>0x8537</run_address>
         <size>0x5</size>
         <input_file_ref idref="fl-15"/>
      </object_component>
      <object_component id="oc-8e">
         <name>.text:_TINT0_ISR</name>
         <load_address>0x853c</load_address>
         <run_address>0x853c</run_address>
         <size>0x5</size>
         <input_file_ref idref="fl-15"/>
      </object_component>
      <object_component id="oc-86">
         <name>.text:_USER10_ISR</name>
         <load_address>0x8541</load_address>
         <run_address>0x8541</run_address>
         <size>0x5</size>
         <input_file_ref idref="fl-15"/>
      </object_component>
      <object_component id="oc-87">
         <name>.text:_USER11_ISR</name>
         <load_address>0x8546</load_address>
         <run_address>0x8546</run_address>
         <size>0x5</size>
         <input_file_ref idref="fl-15"/>
      </object_component>
      <object_component id="oc-88">
         <name>.text:_USER12_ISR</name>
         <load_address>0x854b</load_address>
         <run_address>0x854b</run_address>
         <size>0x5</size>
         <input_file_ref idref="fl-15"/>
      </object_component>
      <object_component id="oc-7d">
         <name>.text:_USER1_ISR</name>
         <load_address>0x8550</load_address>
         <run_address>0x8550</run_address>
         <size>0x5</size>
         <input_file_ref idref="fl-15"/>
      </object_component>
      <object_component id="oc-7e">
         <name>.text:_USER2_ISR</name>
         <load_address>0x8555</load_address>
         <run_address>0x8555</run_address>
         <size>0x5</size>
         <input_file_ref idref="fl-15"/>
      </object_component>
      <object_component id="oc-7f">
         <name>.text:_USER3_ISR</name>
         <load_address>0x855a</load_address>
         <run_address>0x855a</run_address>
         <size>0x5</size>
         <input_file_ref idref="fl-15"/>
      </object_component>
      <object_component id="oc-80">
         <name>.text:_USER4_ISR</name>
         <load_address>0x855f</load_address>
         <run_address>0x855f</run_address>
         <size>0x5</size>
         <input_file_ref idref="fl-15"/>
      </object_component>
      <object_component id="oc-81">
         <name>.text:_USER5_ISR</name>
         <load_address>0x8564</load_address>
         <run_address>0x8564</run_address>
         <size>0x5</size>
         <input_file_ref idref="fl-15"/>
      </object_component>
      <object_component id="oc-82">
         <name>.text:_USER6_ISR</name>
         <load_address>0x8569</load_address>
         <run_address>0x8569</run_address>
         <size>0x5</size>
         <input_file_ref idref="fl-15"/>
      </object_component>
      <object_component id="oc-83">
         <name>.text:_USER7_ISR</name>
         <load_address>0x856e</load_address>
         <run_address>0x856e</run_address>
         <size>0x5</size>
         <input_file_ref idref="fl-15"/>
      </object_component>
      <object_component id="oc-84">
         <name>.text:_USER8_ISR</name>
         <load_address>0x8573</load_address>
         <run_address>0x8573</run_address>
         <size>0x5</size>
         <input_file_ref idref="fl-15"/>
      </object_component>
      <object_component id="oc-85">
         <name>.text:_USER9_ISR</name>
         <load_address>0x8578</load_address>
         <run_address>0x8578</run_address>
         <size>0x5</size>
         <input_file_ref idref="fl-15"/>
      </object_component>
      <object_component id="oc-8f">
         <name>.text:_WAKEINT_ISR</name>
         <load_address>0x857d</load_address>
         <run_address>0x857d</run_address>
         <size>0x5</size>
         <input_file_ref idref="fl-15"/>
      </object_component>
      <object_component id="oc-8b">
         <name>.text:_XINT1_ISR</name>
         <load_address>0x8582</load_address>
         <run_address>0x8582</run_address>
         <size>0x5</size>
         <input_file_ref idref="fl-15"/>
      </object_component>
      <object_component id="oc-8c">
         <name>.text:_XINT2_ISR</name>
         <load_address>0x8587</load_address>
         <run_address>0x8587</run_address>
         <size>0x5</size>
         <input_file_ref idref="fl-15"/>
      </object_component>
      <object_component id="oc-a5">
         <name>.text:_XINT3_ISR</name>
         <load_address>0x858c</load_address>
         <run_address>0x858c</run_address>
         <size>0x5</size>
         <input_file_ref idref="fl-15"/>
      </object_component>
      <object_component id="oc-a8">
         <name>.text:_rsvd_ISR</name>
         <load_address>0x8591</load_address>
         <run_address>0x8591</run_address>
         <size>0x5</size>
         <input_file_ref idref="fl-15"/>
      </object_component>
      <object_component id="oc-112">
         <name>.text:_CPU_enableInt</name>
         <load_address>0x8596</load_address>
         <run_address>0x8596</run_address>
         <size>0x4</size>
         <input_file_ref idref="fl-c"/>
      </object_component>
      <object_component id="oc-fd">
         <name>.text:_CPU_init</name>
         <load_address>0x859a</load_address>
         <run_address>0x859a</run_address>
         <size>0x4</size>
         <input_file_ref idref="fl-c"/>
      </object_component>
      <object_component id="oc-f1">
         <name>.text:_PWM_enableSocAPulse</name>
         <load_address>0x859e</load_address>
         <run_address>0x859e</run_address>
         <size>0x4</size>
         <input_file_ref idref="fl-12"/>
      </object_component>
      <object_component id="oc-e8">
         <name>.text:_PWM_setClkDiv</name>
         <load_address>0x85a2</load_address>
         <run_address>0x85a2</run_address>
         <size>0x4</size>
         <input_file_ref idref="fl-12"/>
      </object_component>
      <object_component id="oc-e2">
         <name>.text:_PWM_setCounterMode</name>
         <load_address>0x85a6</load_address>
         <run_address>0x85a6</run_address>
         <size>0x4</size>
         <input_file_ref idref="fl-12"/>
      </object_component>
      <object_component id="oc-e7">
         <name>.text:_PWM_setHighSpeedClkDiv</name>
         <load_address>0x85aa</load_address>
         <run_address>0x85aa</run_address>
         <size>0x4</size>
         <input_file_ref idref="fl-12"/>
      </object_component>
      <object_component id="oc-eb">
         <name>.text:_PWM_setLoadMode_CmpA</name>
         <load_address>0x85ae</load_address>
         <run_address>0x85ae</run_address>
         <size>0x4</size>
         <input_file_ref idref="fl-12"/>
      </object_component>
      <object_component id="oc-10c">
         <name>.text:_CPU_clearIntFlags</name>
         <load_address>0x85b2</load_address>
         <run_address>0x85b2</run_address>
         <size>0x3</size>
         <input_file_ref idref="fl-c"/>
      </object_component>
      <object_component id="oc-10b">
         <name>.text:_CPU_disableGlobalInts</name>
         <load_address>0x85b5</load_address>
         <run_address>0x85b5</run_address>
         <size>0x3</size>
         <input_file_ref idref="fl-c"/>
      </object_component>
      <object_component id="oc-115">
         <name>.text:_CPU_enableDebugInt</name>
         <load_address>0x85b8</load_address>
         <run_address>0x85b8</run_address>
         <size>0x3</size>
         <input_file_ref idref="fl-c"/>
      </object_component>
      <object_component id="oc-114">
         <name>.text:_CPU_enableGlobalInts</name>
         <load_address>0x85bb</load_address>
         <run_address>0x85bb</run_address>
         <size>0x3</size>
         <input_file_ref idref="fl-c"/>
      </object_component>
      <object_component id="oc-109">
         <name>.text:_PIE_disable</name>
         <load_address>0x85be</load_address>
         <run_address>0x85be</run_address>
         <size>0x3</size>
         <input_file_ref idref="fl-10"/>
      </object_component>
      <object_component id="oc-10e">
         <name>.text:_PIE_enable</name>
         <load_address>0x85c1</load_address>
         <run_address>0x85c1</run_address>
         <size>0x3</size>
         <input_file_ref idref="fl-10"/>
      </object_component>
      <object_component id="oc-113">
         <name>.text:_PIE_enableTimer0Int</name>
         <load_address>0x85c4</load_address>
         <run_address>0x85c4</run_address>
         <size>0x3</size>
         <input_file_ref idref="fl-10"/>
      </object_component>
      <object_component id="oc-118">
         <name>.text:_PLL_getClkStatus</name>
         <load_address>0x85c7</load_address>
         <run_address>0x85c7</run_address>
         <size>0x3</size>
         <input_file_ref idref="fl-11"/>
      </object_component>
      <object_component id="oc-11b">
         <name>.text:_PLL_getLockStatus</name>
         <load_address>0x85ca</load_address>
         <run_address>0x85ca</run_address>
         <size>0x3</size>
         <input_file_ref idref="fl-11"/>
      </object_component>
      <object_component id="oc-e4">
         <name>.text:_PWM_disableCounterLoad</name>
         <load_address>0x85cd</load_address>
         <run_address>0x85cd</run_address>
         <size>0x3</size>
         <input_file_ref idref="fl-12"/>
      </object_component>
      <object_component id="oc-f8">
         <name>.text:_PWM_setDeadBandFallingEdgeDelay</name>
         <load_address>0x85d0</load_address>
         <run_address>0x85d0</run_address>
         <size>0x3</size>
         <input_file_ref idref="fl-12"/>
      </object_component>
      <object_component id="oc-f7">
         <name>.text:_PWM_setDeadBandRisingEdgeDelay</name>
         <load_address>0x85d3</load_address>
         <run_address>0x85d3</run_address>
         <size>0x3</size>
         <input_file_ref idref="fl-12"/>
      </object_component>
      <object_component id="oc-d0">
         <name>.text:_TIMER_enableInt</name>
         <load_address>0x85d6</load_address>
         <run_address>0x85d6</run_address>
         <size>0x3</size>
         <input_file_ref idref="fl-13"/>
      </object_component>
      <object_component id="oc-ce">
         <name>.text:_TIMER_reload</name>
         <load_address>0x85d9</load_address>
         <run_address>0x85d9</run_address>
         <size>0x3</size>
         <input_file_ref idref="fl-13"/>
      </object_component>
      <object_component id="oc-fa">
         <name>.text:_TIMER_start</name>
         <load_address>0x85dc</load_address>
         <run_address>0x85dc</run_address>
         <size>0x3</size>
         <input_file_ref idref="fl-13"/>
      </object_component>
      <object_component id="oc-cb">
         <name>.text:_TIMER_stop</name>
         <load_address>0x85df</load_address>
         <run_address>0x85df</run_address>
         <size>0x3</size>
         <input_file_ref idref="fl-13"/>
      </object_component>
      <object_component id="oc-e6">
         <name>.text:_PWM_setCount</name>
         <load_address>0x85e2</load_address>
         <run_address>0x85e2</run_address>
         <size>0x2</size>
         <input_file_ref idref="fl-12"/>
      </object_component>
      <object_component id="oc-e3">
         <name>.text:_PWM_setPeriod</name>
         <load_address>0x85e4</load_address>
         <run_address>0x85e4</run_address>
         <size>0x2</size>
         <input_file_ref idref="fl-12"/>
      </object_component>
      <object_component id="oc-e5">
         <name>.text:_PWM_setPhase</name>
         <load_address>0x85e6</load_address>
         <run_address>0x85e6</run_address>
         <size>0x2</size>
         <input_file_ref idref="fl-12"/>
      </object_component>
      <object_component id="oc-cc">
         <name>.text:_TIMER_setPeriod</name>
         <load_address>0x85e8</load_address>
         <run_address>0x85e8</run_address>
         <size>0x2</size>
         <input_file_ref idref="fl-13"/>
      </object_component>
      <object_component id="oc-35">
         <name>.cinit</name>
         <load_address>0x50</load_address>
         <run_address>0x50</run_address>
         <size>0x50</size>
         <input_file_ref idref="fl-2"/>
      </object_component>
      <object_component id="oc-b5">
         <name>.cinit</name>
         <load_address>0xa0</load_address>
         <run_address>0xa0</run_address>
         <size>0xa</size>
         <input_file_ref idref="fl-17"/>
      </object_component>
      <object_component id="oc-117">
         <name>.cinit:__lock</name>
         <load_address>0xaa</load_address>
         <run_address>0xaa</run_address>
         <size>0x5</size>
         <input_file_ref idref="fl-18"/>
      </object_component>
      <object_component id="oc-11e">
         <name>.cinit:__unlock</name>
         <load_address>0xaf</load_address>
         <run_address>0xaf</run_address>
         <size>0x5</size>
         <input_file_ref idref="fl-18"/>
      </object_component>
      <object_component id="oc-af">
         <name>.reset</name>
         <load_address>0x3fffc0</load_address>
         <run_address>0x3fffc0</run_address>
         <size>0x2</size>
         <input_file_ref idref="fl-16"/>
      </object_component>
      <object_component id="oc-ae">
         <name>.stack</name>
         <uninitialized>true</uninitialized>
         <run_address>0x400</run_address>
         <size>0x0</size>
         <input_file_ref idref="fl-16"/>
      </object_component>
      <object_component id="oc-159">
         <name>.stack</name>
         <uninitialized>true</uninitialized>
         <run_address>0x400</run_address>
         <size>0x0</size>
      </object_component>
      <object_component id="oc-36">
         <name>.ebss</name>
         <uninitialized>true</uninitialized>
         <run_address>0x700</run_address>
         <size>0x34</size>
         <input_file_ref idref="fl-2"/>
      </object_component>
      <object_component id="oc-47">
         <name>.ebss</name>
         <uninitialized>true</uninitialized>
         <run_address>0x73c</run_address>
         <size>0x1</size>
         <input_file_ref idref="fl-c"/>
      </object_component>
      <object_component id="oc-b6">
         <name>.ebss</name>
         <uninitialized>true</uninitialized>
         <run_address>0x734</run_address>
         <size>0x4</size>
         <input_file_ref idref="fl-17"/>
      </object_component>
      <object_component id="oc-11f">
         <name>.ebss:__unlock</name>
         <uninitialized>true</uninitialized>
         <run_address>0x73a</run_address>
         <size>0x2</size>
         <input_file_ref idref="fl-18"/>
      </object_component>
      <object_component id="oc-116">
         <name>.ebss:__lock</name>
         <uninitialized>true</uninitialized>
         <run_address>0x738</run_address>
         <size>0x2</size>
         <input_file_ref idref="fl-18"/>
      </object_component>
      <object_component id="oc-11c">
         <name>.econst:_PIE_tableDebugInit</name>
         <load_address>0x600</load_address>
         <run_address>0x600</run_address>
         <size>0x100</size>
         <input_file_ref idref="fl-10"/>
      </object_component>
      <object_component id="oc-34">
         <name>.debug_info</name>
         <load_address>0x0</load_address>
         <run_address>0x0</run_address>
         <size>0x722b</size>
         <input_file_ref idref="fl-2"/>
      </object_component>
      <object_component id="oc-3c">
         <name>.debug_info</name>
         <load_address>0x722b</load_address>
         <run_address>0x722b</run_address>
         <size>0x2a68</size>
         <input_file_ref idref="fl-a"/>
      </object_component>
      <object_component id="oc-41">
         <name>.debug_info</name>
         <load_address>0x9c93</load_address>
         <run_address>0x9c93</run_address>
         <size>0x1044</size>
         <input_file_ref idref="fl-b"/>
      </object_component>
      <object_component id="oc-46">
         <name>.debug_info</name>
         <load_address>0xacd7</load_address>
         <run_address>0xacd7</run_address>
         <size>0xa77</size>
         <input_file_ref idref="fl-c"/>
      </object_component>
      <object_component id="oc-4d">
         <name>.debug_info</name>
         <load_address>0xb74e</load_address>
         <run_address>0xb74e</run_address>
         <size>0x1eb</size>
         <input_file_ref idref="fl-d"/>
      </object_component>
      <object_component id="oc-51">
         <name>.debug_info</name>
         <load_address>0xb939</load_address>
         <run_address>0xb939</run_address>
         <size>0xc8c</size>
         <input_file_ref idref="fl-e"/>
      </object_component>
      <object_component id="oc-56">
         <name>.debug_info</name>
         <load_address>0xc5c5</load_address>
         <run_address>0xc5c5</run_address>
         <size>0x1cc3</size>
         <input_file_ref idref="fl-f"/>
      </object_component>
      <object_component id="oc-5b">
         <name>.debug_info</name>
         <load_address>0xe288</load_address>
         <run_address>0xe288</run_address>
         <size>0x2f4f</size>
         <input_file_ref idref="fl-10"/>
      </object_component>
      <object_component id="oc-61">
         <name>.debug_info</name>
         <load_address>0x111d7</load_address>
         <run_address>0x111d7</run_address>
         <size>0xd6c</size>
         <input_file_ref idref="fl-11"/>
      </object_component>
      <object_component id="oc-66">
         <name>.debug_info</name>
         <load_address>0x11f43</load_address>
         <run_address>0x11f43</run_address>
         <size>0x4068</size>
         <input_file_ref idref="fl-12"/>
      </object_component>
      <object_component id="oc-6b">
         <name>.debug_info</name>
         <load_address>0x15fab</load_address>
         <run_address>0x15fab</run_address>
         <size>0xd58</size>
         <input_file_ref idref="fl-13"/>
      </object_component>
      <object_component id="oc-70">
         <name>.debug_info</name>
         <load_address>0x16d03</load_address>
         <run_address>0x16d03</run_address>
         <size>0x7a9</size>
         <input_file_ref idref="fl-14"/>
      </object_component>
      <object_component id="oc-75">
         <name>.debug_info</name>
         <load_address>0x174ac</load_address>
         <run_address>0x174ac</run_address>
         <size>0x2d3e</size>
         <input_file_ref idref="fl-15"/>
      </object_component>
      <object_component id="oc-b0">
         <name>.debug_info</name>
         <load_address>0x1a1ea</load_address>
         <run_address>0x1a1ea</run_address>
         <size>0x112</size>
         <input_file_ref idref="fl-16"/>
      </object_component>
      <object_component id="oc-b4">
         <name>.debug_info</name>
         <load_address>0x1a2fc</load_address>
         <run_address>0x1a2fc</run_address>
         <size>0x407</size>
         <input_file_ref idref="fl-17"/>
      </object_component>
      <object_component id="oc-bb">
         <name>.debug_info</name>
         <load_address>0x1a703</load_address>
         <run_address>0x1a703</run_address>
         <size>0x431</size>
         <input_file_ref idref="fl-18"/>
      </object_component>
      <object_component id="oc-c0">
         <name>.debug_info</name>
         <load_address>0x1ab34</load_address>
         <run_address>0x1ab34</run_address>
         <size>0x3fe</size>
         <input_file_ref idref="fl-19"/>
      </object_component>
      <object_component id="oc-15c">
         <name>.debug_info</name>
         <load_address>0x1af32</load_address>
         <run_address>0x1af32</run_address>
         <size>0xab</size>
      </object_component>
      <object_component id="oc-38">
         <name>.debug_frame</name>
         <load_address>0x0</load_address>
         <run_address>0x0</run_address>
         <size>0x28b</size>
         <input_file_ref idref="fl-2"/>
      </object_component>
      <object_component id="oc-3d">
         <name>.debug_frame</name>
         <load_address>0x28b</load_address>
         <run_address>0x28b</run_address>
         <size>0x188</size>
         <input_file_ref idref="fl-a"/>
      </object_component>
      <object_component id="oc-42">
         <name>.debug_frame</name>
         <load_address>0x413</load_address>
         <run_address>0x413</run_address>
         <size>0xe0</size>
         <input_file_ref idref="fl-b"/>
      </object_component>
      <object_component id="oc-48">
         <name>.debug_frame</name>
         <load_address>0x4f3</load_address>
         <run_address>0x4f3</run_address>
         <size>0xe0</size>
         <input_file_ref idref="fl-c"/>
      </object_component>
      <object_component id="oc-52">
         <name>.debug_frame</name>
         <load_address>0x5d3</load_address>
         <run_address>0x5d3</run_address>
         <size>0x77</size>
         <input_file_ref idref="fl-e"/>
      </object_component>
      <object_component id="oc-57">
         <name>.debug_frame</name>
         <load_address>0x64a</load_address>
         <run_address>0x64a</run_address>
         <size>0xe0</size>
         <input_file_ref idref="fl-f"/>
      </object_component>
      <object_component id="oc-5d">
         <name>.debug_frame</name>
         <load_address>0x72a</load_address>
         <run_address>0x72a</run_address>
         <size>0x134</size>
         <input_file_ref idref="fl-10"/>
      </object_component>
      <object_component id="oc-62">
         <name>.debug_frame</name>
         <load_address>0x85e</load_address>
         <run_address>0x85e</run_address>
         <size>0xe0</size>
         <input_file_ref idref="fl-11"/>
      </object_component>
      <object_component id="oc-67">
         <name>.debug_frame</name>
         <load_address>0x93e</load_address>
         <run_address>0x93e</run_address>
         <size>0x25a</size>
         <input_file_ref idref="fl-12"/>
      </object_component>
      <object_component id="oc-6c">
         <name>.debug_frame</name>
         <load_address>0xb98</load_address>
         <run_address>0xb98</run_address>
         <size>0x10a</size>
         <input_file_ref idref="fl-13"/>
      </object_component>
      <object_component id="oc-71">
         <name>.debug_frame</name>
         <load_address>0xca2</load_address>
         <run_address>0xca2</run_address>
         <size>0x8c</size>
         <input_file_ref idref="fl-14"/>
      </object_component>
      <object_component id="oc-a9">
         <name>.debug_frame</name>
         <load_address>0xd2e</load_address>
         <run_address>0xd2e</run_address>
         <size>0x491</size>
         <input_file_ref idref="fl-15"/>
      </object_component>
      <object_component id="oc-b7">
         <name>.debug_frame</name>
         <load_address>0x11bf</load_address>
         <run_address>0x11bf</run_address>
         <size>0x95</size>
         <input_file_ref idref="fl-17"/>
      </object_component>
      <object_component id="oc-bc">
         <name>.debug_frame</name>
         <load_address>0x1254</load_address>
         <run_address>0x1254</run_address>
         <size>0xa1</size>
         <input_file_ref idref="fl-18"/>
      </object_component>
      <object_component id="oc-c1">
         <name>.debug_frame</name>
         <load_address>0x12f5</load_address>
         <run_address>0x12f5</run_address>
         <size>0x77</size>
         <input_file_ref idref="fl-19"/>
      </object_component>
      <object_component id="oc-39">
         <name>.debug_line</name>
         <load_address>0x0</load_address>
         <run_address>0x0</run_address>
         <size>0x4cc</size>
         <input_file_ref idref="fl-2"/>
      </object_component>
      <object_component id="oc-3e">
         <name>.debug_line</name>
         <load_address>0x4cc</load_address>
         <run_address>0x4cc</run_address>
         <size>0x230</size>
         <input_file_ref idref="fl-a"/>
      </object_component>
      <object_component id="oc-43">
         <name>.debug_line</name>
         <load_address>0x6fc</load_address>
         <run_address>0x6fc</run_address>
         <size>0x119</size>
         <input_file_ref idref="fl-b"/>
      </object_component>
      <object_component id="oc-49">
         <name>.debug_line</name>
         <load_address>0x815</load_address>
         <run_address>0x815</run_address>
         <size>0xfb</size>
         <input_file_ref idref="fl-c"/>
      </object_component>
      <object_component id="oc-4e">
         <name>.debug_line</name>
         <load_address>0x910</load_address>
         <run_address>0x910</run_address>
         <size>0x9d</size>
         <input_file_ref idref="fl-d"/>
      </object_component>
      <object_component id="oc-53">
         <name>.debug_line</name>
         <load_address>0x9ad</load_address>
         <run_address>0x9ad</run_address>
         <size>0x84</size>
         <input_file_ref idref="fl-e"/>
      </object_component>
      <object_component id="oc-58">
         <name>.debug_line</name>
         <load_address>0xa31</load_address>
         <run_address>0xa31</run_address>
         <size>0x184</size>
         <input_file_ref idref="fl-f"/>
      </object_component>
      <object_component id="oc-5e">
         <name>.debug_line</name>
         <load_address>0xbb5</load_address>
         <run_address>0xbb5</run_address>
         <size>0x19f</size>
         <input_file_ref idref="fl-10"/>
      </object_component>
      <object_component id="oc-63">
         <name>.debug_line</name>
         <load_address>0xd54</load_address>
         <run_address>0xd54</run_address>
         <size>0x123</size>
         <input_file_ref idref="fl-11"/>
      </object_component>
      <object_component id="oc-68">
         <name>.debug_line</name>
         <load_address>0xe77</load_address>
         <run_address>0xe77</run_address>
         <size>0x316</size>
         <input_file_ref idref="fl-12"/>
      </object_component>
      <object_component id="oc-6d">
         <name>.debug_line</name>
         <load_address>0x118d</load_address>
         <run_address>0x118d</run_address>
         <size>0x148</size>
         <input_file_ref idref="fl-13"/>
      </object_component>
      <object_component id="oc-72">
         <name>.debug_line</name>
         <load_address>0x12d5</load_address>
         <run_address>0x12d5</run_address>
         <size>0xa3</size>
         <input_file_ref idref="fl-14"/>
      </object_component>
      <object_component id="oc-aa">
         <name>.debug_line</name>
         <load_address>0x1378</load_address>
         <run_address>0x1378</run_address>
         <size>0x4fb</size>
         <input_file_ref idref="fl-15"/>
      </object_component>
      <object_component id="oc-b1">
         <name>.debug_line</name>
         <load_address>0x1873</load_address>
         <run_address>0x1873</run_address>
         <size>0x73</size>
         <input_file_ref idref="fl-16"/>
      </object_component>
      <object_component id="oc-b8">
         <name>.debug_line</name>
         <load_address>0x18e6</load_address>
         <run_address>0x18e6</run_address>
         <size>0x5d</size>
         <input_file_ref idref="fl-17"/>
      </object_component>
      <object_component id="oc-bd">
         <name>.debug_line</name>
         <load_address>0x1943</load_address>
         <run_address>0x1943</run_address>
         <size>0x5e</size>
         <input_file_ref idref="fl-18"/>
      </object_component>
      <object_component id="oc-c2">
         <name>.debug_line</name>
         <load_address>0x19a1</load_address>
         <run_address>0x19a1</run_address>
         <size>0x59</size>
         <input_file_ref idref="fl-19"/>
      </object_component>
      <object_component id="oc-3a">
         <name>.debug_abbrev</name>
         <load_address>0x0</load_address>
         <run_address>0x0</run_address>
         <size>0x1ef</size>
         <input_file_ref idref="fl-2"/>
      </object_component>
      <object_component id="oc-3f">
         <name>.debug_abbrev</name>
         <load_address>0x1ef</load_address>
         <run_address>0x1ef</run_address>
         <size>0x191</size>
         <input_file_ref idref="fl-a"/>
      </object_component>
      <object_component id="oc-44">
         <name>.debug_abbrev</name>
         <load_address>0x380</load_address>
         <run_address>0x380</run_address>
         <size>0x174</size>
         <input_file_ref idref="fl-b"/>
      </object_component>
      <object_component id="oc-4a">
         <name>.debug_abbrev</name>
         <load_address>0x4f4</load_address>
         <run_address>0x4f4</run_address>
         <size>0x11b</size>
         <input_file_ref idref="fl-c"/>
      </object_component>
      <object_component id="oc-4f">
         <name>.debug_abbrev</name>
         <load_address>0x60f</load_address>
         <run_address>0x60f</run_address>
         <size>0x21</size>
         <input_file_ref idref="fl-d"/>
      </object_component>
      <object_component id="oc-54">
         <name>.debug_abbrev</name>
         <load_address>0x630</load_address>
         <run_address>0x630</run_address>
         <size>0x16e</size>
         <input_file_ref idref="fl-e"/>
      </object_component>
      <object_component id="oc-59">
         <name>.debug_abbrev</name>
         <load_address>0x79e</load_address>
         <run_address>0x79e</run_address>
         <size>0x16b</size>
         <input_file_ref idref="fl-f"/>
      </object_component>
      <object_component id="oc-5f">
         <name>.debug_abbrev</name>
         <load_address>0x909</load_address>
         <run_address>0x909</run_address>
         <size>0x1d9</size>
         <input_file_ref idref="fl-10"/>
      </object_component>
      <object_component id="oc-64">
         <name>.debug_abbrev</name>
         <load_address>0xae2</load_address>
         <run_address>0xae2</run_address>
         <size>0x182</size>
         <input_file_ref idref="fl-11"/>
      </object_component>
      <object_component id="oc-69">
         <name>.debug_abbrev</name>
         <load_address>0xc64</load_address>
         <run_address>0xc64</run_address>
         <size>0x176</size>
         <input_file_ref idref="fl-12"/>
      </object_component>
      <object_component id="oc-6e">
         <name>.debug_abbrev</name>
         <load_address>0xdda</load_address>
         <run_address>0xdda</run_address>
         <size>0x11b</size>
         <input_file_ref idref="fl-13"/>
      </object_component>
      <object_component id="oc-73">
         <name>.debug_abbrev</name>
         <load_address>0xef5</load_address>
         <run_address>0xef5</run_address>
         <size>0x11d</size>
         <input_file_ref idref="fl-14"/>
      </object_component>
      <object_component id="oc-ab">
         <name>.debug_abbrev</name>
         <load_address>0x1012</load_address>
         <run_address>0x1012</run_address>
         <size>0xb6</size>
         <input_file_ref idref="fl-15"/>
      </object_component>
      <object_component id="oc-b2">
         <name>.debug_abbrev</name>
         <load_address>0x10c8</load_address>
         <run_address>0x10c8</run_address>
         <size>0x45</size>
         <input_file_ref idref="fl-16"/>
      </object_component>
      <object_component id="oc-b9">
         <name>.debug_abbrev</name>
         <load_address>0x110d</load_address>
         <run_address>0x110d</run_address>
         <size>0x117</size>
         <input_file_ref idref="fl-17"/>
      </object_component>
      <object_component id="oc-be">
         <name>.debug_abbrev</name>
         <load_address>0x1224</load_address>
         <run_address>0x1224</run_address>
         <size>0xb2</size>
         <input_file_ref idref="fl-18"/>
      </object_component>
      <object_component id="oc-c3">
         <name>.debug_abbrev</name>
         <load_address>0x12d6</load_address>
         <run_address>0x12d6</run_address>
         <size>0xfe</size>
         <input_file_ref idref="fl-19"/>
      </object_component>
      <object_component id="oc-15d">
         <name>.debug_abbrev</name>
         <load_address>0x13d4</load_address>
         <run_address>0x13d4</run_address>
         <size>0xf</size>
      </object_component>
      <object_component id="oc-3b">
         <name>.debug_aranges</name>
         <load_address>0x0</load_address>
         <run_address>0x0</run_address>
         <size>0x90</size>
         <input_file_ref idref="fl-2"/>
      </object_component>
      <object_component id="oc-40">
         <name>.debug_aranges</name>
         <load_address>0x90</load_address>
         <run_address>0x90</run_address>
         <size>0x88</size>
         <input_file_ref idref="fl-a"/>
      </object_component>
      <object_component id="oc-45">
         <name>.debug_aranges</name>
         <load_address>0x118</load_address>
         <run_address>0x118</run_address>
         <size>0x48</size>
         <input_file_ref idref="fl-b"/>
      </object_component>
      <object_component id="oc-4b">
         <name>.debug_aranges</name>
         <load_address>0x160</load_address>
         <run_address>0x160</run_address>
         <size>0x48</size>
         <input_file_ref idref="fl-c"/>
      </object_component>
      <object_component id="oc-50">
         <name>.debug_aranges</name>
         <load_address>0x1a8</load_address>
         <run_address>0x1a8</run_address>
         <size>0x28</size>
         <input_file_ref idref="fl-d"/>
      </object_component>
      <object_component id="oc-55">
         <name>.debug_aranges</name>
         <load_address>0x1d0</load_address>
         <run_address>0x1d0</run_address>
         <size>0x20</size>
         <input_file_ref idref="fl-e"/>
      </object_component>
      <object_component id="oc-5a">
         <name>.debug_aranges</name>
         <load_address>0x1f0</load_address>
         <run_address>0x1f0</run_address>
         <size>0x48</size>
         <input_file_ref idref="fl-f"/>
      </object_component>
      <object_component id="oc-60">
         <name>.debug_aranges</name>
         <load_address>0x238</load_address>
         <run_address>0x238</run_address>
         <size>0x68</size>
         <input_file_ref idref="fl-10"/>
      </object_component>
      <object_component id="oc-65">
         <name>.debug_aranges</name>
         <load_address>0x2a0</load_address>
         <run_address>0x2a0</run_address>
         <size>0x48</size>
         <input_file_ref idref="fl-11"/>
      </object_component>
      <object_component id="oc-6a">
         <name>.debug_aranges</name>
         <load_address>0x2e8</load_address>
         <run_address>0x2e8</run_address>
         <size>0xd8</size>
         <input_file_ref idref="fl-12"/>
      </object_component>
      <object_component id="oc-6f">
         <name>.debug_aranges</name>
         <load_address>0x3c0</load_address>
         <run_address>0x3c0</run_address>
         <size>0x58</size>
         <input_file_ref idref="fl-13"/>
      </object_component>
      <object_component id="oc-74">
         <name>.debug_aranges</name>
         <load_address>0x418</load_address>
         <run_address>0x418</run_address>
         <size>0x28</size>
         <input_file_ref idref="fl-14"/>
      </object_component>
      <object_component id="oc-ac">
         <name>.debug_aranges</name>
         <load_address>0x440</load_address>
         <run_address>0x440</run_address>
         <size>0x1b0</size>
         <input_file_ref idref="fl-15"/>
      </object_component>
      <object_component id="oc-b3">
         <name>.debug_aranges</name>
         <load_address>0x5f0</load_address>
         <run_address>0x5f0</run_address>
         <size>0x20</size>
         <input_file_ref idref="fl-16"/>
      </object_component>
      <object_component id="oc-ba">
         <name>.debug_aranges</name>
         <load_address>0x610</load_address>
         <run_address>0x610</run_address>
         <size>0x28</size>
         <input_file_ref idref="fl-17"/>
      </object_component>
      <object_component id="oc-bf">
         <name>.debug_aranges</name>
         <load_address>0x638</load_address>
         <run_address>0x638</run_address>
         <size>0x30</size>
         <input_file_ref idref="fl-18"/>
      </object_component>
      <object_component id="oc-c4">
         <name>.debug_aranges</name>
         <load_address>0x668</load_address>
         <run_address>0x668</run_address>
         <size>0x20</size>
         <input_file_ref idref="fl-19"/>
      </object_component>
   </object_component_list>
   <logical_group_list>
      <logical_group id="lg-3" display="no" color="cyan">
         <name>PieVectTableFile</name>
         <run_address>0x0</run_address>
         <size>0x0</size>
         <contents>
         </contents>
      </logical_group>
      <logical_group id="lg-5" display="no" color="cyan">
         <name>EmuKeyVar</name>
         <run_address>0x0</run_address>
         <size>0x0</size>
         <contents>
         </contents>
      </logical_group>
      <logical_group id="lg-6" display="no" color="cyan">
         <name>EmuBModeVar</name>
         <run_address>0x0</run_address>
         <size>0x0</size>
         <contents>
         </contents>
      </logical_group>
      <logical_group id="lg-7" display="no" color="cyan">
         <name>FlashCallbackVar</name>
         <run_address>0x0</run_address>
         <size>0x0</size>
         <contents>
         </contents>
      </logical_group>
      <logical_group id="lg-8" display="no" color="cyan">
         <name>FlashScalingVar</name>
         <run_address>0x0</run_address>
         <size>0x0</size>
         <contents>
         </contents>
      </logical_group>
      <logical_group id="lg-4" display="no" color="cyan">
         <name>GROUP_2</name>
         <run_address>0x0</run_address>
         <size>0x0</size>
         <contents>
            <logical_group_ref idref="lg-5"/>
            <logical_group_ref idref="lg-6"/>
            <logical_group_ref idref="lg-7"/>
            <logical_group_ref idref="lg-8"/>
         </contents>
      </logical_group>
      <overlay id="lg-2" display="no" color="cyan">
         <name>UNION_1</name>
         <run_address>0x0</run_address>
         <size>0x0</size>
         <contents>
            <logical_group_ref idref="lg-3"/>
            <logical_group_ref idref="lg-4"/>
         </contents>
      </overlay>
      <logical_group id="lg-9" display="no" color="cyan">
         <name>DevEmuRegsFile</name>
         <run_address>0x0</run_address>
         <size>0x0</size>
         <contents>
         </contents>
      </logical_group>
      <logical_group id="lg-a" display="no" color="cyan">
         <name>SysPwrCtrlRegsFile</name>
         <run_address>0x0</run_address>
         <size>0x0</size>
         <contents>
         </contents>
      </logical_group>
      <logical_group id="lg-b" display="no" color="cyan">
         <name>FlashRegsFile</name>
         <run_address>0x0</run_address>
         <size>0x0</size>
         <contents>
         </contents>
      </logical_group>
      <logical_group id="lg-c" display="no" color="cyan">
         <name>CsmRegsFile</name>
         <run_address>0x0</run_address>
         <size>0x0</size>
         <contents>
         </contents>
      </logical_group>
      <logical_group id="lg-d" display="no" color="cyan">
         <name>AdcResultFile</name>
         <run_address>0x0</run_address>
         <size>0x0</size>
         <contents>
         </contents>
      </logical_group>
      <logical_group id="lg-e" display="no" color="cyan">
         <name>CpuTimer0RegsFile</name>
         <run_address>0x0</run_address>
         <size>0x0</size>
         <contents>
         </contents>
      </logical_group>
      <logical_group id="lg-f" display="no" color="cyan">
         <name>CpuTimer1RegsFile</name>
         <run_address>0x0</run_address>
         <size>0x0</size>
         <contents>
         </contents>
      </logical_group>
      <logical_group id="lg-10" display="no" color="cyan">
         <name>CpuTimer2RegsFile</name>
         <run_address>0x0</run_address>
         <size>0x0</size>
         <contents>
         </contents>
      </logical_group>
      <logical_group id="lg-11" display="no" color="cyan">
         <name>PieCtrlRegsFile</name>
         <run_address>0x0</run_address>
         <size>0x0</size>
         <contents>
         </contents>
      </logical_group>
      <logical_group id="lg-12" display="no" color="cyan">
         <name>ECap1RegsFile</name>
         <run_address>0x0</run_address>
         <size>0x0</size>
         <contents>
         </contents>
      </logical_group>
      <logical_group id="lg-13" display="no" color="cyan">
         <name>GpioCtrlRegsFile</name>
         <run_address>0x0</run_address>
         <size>0x0</size>
         <contents>
         </contents>
      </logical_group>
      <logical_group id="lg-14" display="no" color="cyan">
         <name>GpioDataRegsFile</name>
         <run_address>0x0</run_address>
         <size>0x0</size>
         <contents>
         </contents>
      </logical_group>
      <logical_group id="lg-15" display="no" color="cyan">
         <name>GpioIntRegsFile</name>
         <run_address>0x0</run_address>
         <size>0x0</size>
         <contents>
         </contents>
      </logical_group>
      <logical_group id="lg-16" display="no" color="cyan">
         <name>SysCtrlRegsFile</name>
         <run_address>0x0</run_address>
         <size>0x0</size>
         <contents>
         </contents>
      </logical_group>
      <logical_group id="lg-17" display="no" color="cyan">
         <name>SpiaRegsFile</name>
         <run_address>0x0</run_address>
         <size>0x0</size>
         <contents>
         </contents>
      </logical_group>
      <logical_group id="lg-18" display="no" color="cyan">
         <name>SciaRegsFile</name>
         <run_address>0x0</run_address>
         <size>0x0</size>
         <contents>
         </contents>
      </logical_group>
      <logical_group id="lg-19" display="no" color="cyan">
         <name>NmiIntruptRegsFile</name>
         <run_address>0x0</run_address>
         <size>0x0</size>
         <contents>
         </contents>
      </logical_group>
      <logical_group id="lg-1a" display="no" color="cyan">
         <name>XIntruptRegsFile</name>
         <run_address>0x0</run_address>
         <size>0x0</size>
         <contents>
         </contents>
      </logical_group>
      <logical_group id="lg-1b" display="no" color="cyan">
         <name>AdcRegsFile</name>
         <run_address>0x0</run_address>
         <size>0x0</size>
         <contents>
         </contents>
      </logical_group>
      <logical_group id="lg-1c" display="no" color="cyan">
         <name>I2caRegsFile</name>
         <run_address>0x0</run_address>
         <size>0x0</size>
         <contents>
         </contents>
      </logical_group>
      <logical_group id="lg-1d" display="no" color="cyan">
         <name>Comp1RegsFile</name>
         <run_address>0x0</run_address>
         <size>0x0</size>
         <contents>
         </contents>
      </logical_group>
      <logical_group id="lg-1e" display="no" color="cyan">
         <name>Comp2RegsFile</name>
         <run_address>0x0</run_address>
         <size>0x0</size>
         <contents>
         </contents>
      </logical_group>
      <logical_group id="lg-1f" display="no" color="cyan">
         <name>EPwm1RegsFile</name>
         <run_address>0x0</run_address>
         <size>0x0</size>
         <contents>
         </contents>
      </logical_group>
      <logical_group id="lg-20" display="no" color="cyan">
         <name>EPwm2RegsFile</name>
         <run_address>0x0</run_address>
         <size>0x0</size>
         <contents>
         </contents>
      </logical_group>
      <logical_group id="lg-21" display="no" color="cyan">
         <name>EPwm3RegsFile</name>
         <run_address>0x0</run_address>
         <size>0x0</size>
         <contents>
         </contents>
      </logical_group>
      <logical_group id="lg-22" display="no" color="cyan">
         <name>EPwm4RegsFile</name>
         <run_address>0x0</run_address>
         <size>0x0</size>
         <contents>
         </contents>
      </logical_group>
      <logical_group id="lg-23" display="no" color="cyan">
         <name>CsmPwlFile</name>
         <run_address>0x0</run_address>
         <size>0x0</size>
         <contents>
         </contents>
      </logical_group>
      <logical_group id="lg-24" display="no" color="cyan">
         <name>PartIdRegsFile</name>
         <run_address>0x0</run_address>
         <size>0x0</size>
         <contents>
         </contents>
      </logical_group>
      <logical_group id="lg-25" display="no" color="cyan">
         <name>codestart</name>
         <load_address>0x0</load_address>
         <run_address>0x0</run_address>
         <size>0x2</size>
         <contents>
            <object_component_ref idref="oc-33"/>
         </contents>
      </logical_group>
      <logical_group id="lg-26" display="no" color="cyan">
         <name>ramfuncs</name>
         <run_address>0x0</run_address>
         <size>0x0</size>
         <contents>
         </contents>
      </logical_group>
      <logical_group id="lg-15a" display="no" color="cyan">
         <name>.text.1</name>
         <load_address>0xb6</load_address>
         <run_address>0xb6</run_address>
         <size>0x34a</size>
         <contents>
            <object_component_ref idref="oc-37"/>
            <object_component_ref idref="oc-d2"/>
            <object_component_ref idref="oc-ad"/>
            <object_component_ref idref="oc-d3"/>
            <object_component_ref idref="oc-d1"/>
            <object_component_ref idref="oc-dd"/>
            <object_component_ref idref="oc-de"/>
            <object_component_ref idref="oc-c7"/>
            <object_component_ref idref="oc-c8"/>
            <object_component_ref idref="oc-dc"/>
            <object_component_ref idref="oc-108"/>
            <object_component_ref idref="oc-d4"/>
            <object_component_ref idref="oc-c5"/>
            <object_component_ref idref="oc-111"/>
            <object_component_ref idref="oc-cd"/>
            <object_component_ref idref="oc-df"/>
            <object_component_ref idref="oc-e1"/>
            <object_component_ref idref="oc-e0"/>
            <object_component_ref idref="oc-db"/>
            <object_component_ref idref="oc-d9"/>
            <object_component_ref idref="oc-10a"/>
            <object_component_ref idref="oc-10d"/>
            <object_component_ref idref="oc-10f"/>
            <object_component_ref idref="oc-110"/>
            <object_component_ref idref="oc-d8"/>
            <object_component_ref idref="oc-d5"/>
            <object_component_ref idref="oc-d6"/>
            <object_component_ref idref="oc-da"/>
            <object_component_ref idref="oc-fb"/>
            <object_component_ref idref="oc-d7"/>
            <object_component_ref idref="oc-c9"/>
            <object_component_ref idref="oc-100"/>
            <object_component_ref idref="oc-ca"/>
            <object_component_ref idref="oc-ee"/>
            <object_component_ref idref="oc-106"/>
         </contents>
      </logical_group>
      <logical_group id="lg-15b" display="no" color="cyan">
         <name>.text.2</name>
         <load_address>0x8000</load_address>
         <run_address>0x8000</run_address>
         <size>0x5ea</size>
         <contents>
            <object_component_ref idref="oc-c6"/>
            <object_component_ref idref="oc-f0"/>
            <object_component_ref idref="oc-f3"/>
            <object_component_ref idref="oc-f2"/>
            <object_component_ref idref="oc-11d"/>
            <object_component_ref idref="oc-fc"/>
            <object_component_ref idref="oc-fe"/>
            <object_component_ref idref="oc-ff"/>
            <object_component_ref idref="oc-101"/>
            <object_component_ref idref="oc-102"/>
            <object_component_ref idref="oc-104"/>
            <object_component_ref idref="oc-105"/>
            <object_component_ref idref="oc-103"/>
            <object_component_ref idref="oc-4c"/>
            <object_component_ref idref="oc-f9"/>
            <object_component_ref idref="oc-107"/>
            <object_component_ref idref="oc-119"/>
            <object_component_ref idref="oc-ed"/>
            <object_component_ref idref="oc-ef"/>
            <object_component_ref idref="oc-f6"/>
            <object_component_ref idref="oc-f4"/>
            <object_component_ref idref="oc-f5"/>
            <object_component_ref idref="oc-11a"/>
            <object_component_ref idref="oc-ec"/>
            <object_component_ref idref="oc-e9"/>
[...]
         <value>0x83fc</value>
         <object_component_ref idref="oc-fe"/>
      </symbol>
      <symbol id="sm-171">
         <name>_GPIO_setLow</name>
         <value>0x2b4</value>
         <object_component_ref idref="oc-d4"/>
      </symbol>
      <symbol id="sm-172">
         <name>_GPIO_toggle</name>
         <value>0x2c8</value>
         <object_component_ref idref="oc-c5"/>
      </symbol>
      <symbol id="sm-173">
         <name>_GPIO_setMode</name>
         <value>0x134</value>
         <object_component_ref idref="oc-d2"/>
      </symbol>
      <symbol id="sm-174">
         <name>_GPIO_init</name>
         <value>0x8404</value>
         <object_component_ref idref="oc-ff"/>
      </symbol>
      <symbol id="sm-175">
         <name>_GPIO_setPullUp</name>
         <value>0x1e9</value>
         <object_component_ref idref="oc-d1"/>
      </symbol>
      <symbol id="sm-176">
         <name>_GPIO_setDirection</name>
         <value>0x1c0</value>
         <object_component_ref idref="oc-d3"/>
      </symbol>
      <symbol id="sm-1a0">
         <name>_PIE_enable</name>
         <value>0x85c1</value>
         <object_component_ref idref="oc-10e"/>
      </symbol>
      <symbol id="sm-1a1">
         <name>_PIE_enableAdcInt</name>
         <value>0x2dc</value>
         <object_component_ref idref="oc-111"/>
      </symbol>
      <symbol id="sm-1a2">
         <name>_PIE_registerSystemIntHandler</name>
         <value>0x38c</value>
         <object_component_ref idref="oc-110"/>
      </symbol>
      <symbol id="sm-1a3">
         <name>_PIE_disableAllInts</name>
         <value>0x35b</value>
         <object_component_ref idref="oc-10a"/>
      </symbol>
      <symbol id="sm-1a4">
         <name>_PIE_disable</name>
         <value>0x85be</value>
         <object_component_ref idref="oc-109"/>
      </symbol>
      <symbol id="sm-1a5">
         <name>_PIE_illegalIsr</name>
         <value>0x851e</value>
         <object_component_ref idref="oc-5c"/>
      </symbol>
      <symbol id="sm-1a6">
         <name>_PIE_enableTimer0Int</name>
         <value>0x85c4</value>
         <object_component_ref idref="oc-113"/>
      </symbol>
      <symbol id="sm-1a7">
         <name>_PIE_registerPieIntHandler</name>
         <value>0x37d</value>
         <object_component_ref idref="oc-10f"/>
      </symbol>
      <symbol id="sm-1a8">
         <name>_PIE_init</name>
         <value>0x3dd</value>
         <object_component_ref idref="oc-100"/>
      </symbol>
      <symbol id="sm-1a9">
         <name>_PIE_setDebugIntVectorTable</name>
         <value>0x36c</value>
         <object_component_ref idref="oc-10d"/>
      </symbol>
      <symbol id="sm-1aa">
         <name>_PIE_tableDebugInit</name>
         <value>0x600</value>
         <object_component_ref idref="oc-11c"/>
      </symbol>
      <symbol id="sm-1c5">
         <name>_PLL_getClkStatus</name>
         <value>0x85c7</value>
         <object_component_ref idref="oc-118"/>
      </symbol>
      <symbol id="sm-1c6">
         <name>_PLL_setDivider</name>
         <value>0x844a</value>
         <object_component_ref idref="oc-119"/>
      </symbol>
      <symbol id="sm-1c7">
         <name>_PLL_init</name>
         <value>0x840c</value>
         <object_component_ref idref="oc-101"/>
      </symbol>
      <symbol id="sm-1c8">
         <name>_PLL_getLockStatus</name>
         <value>0x85ca</value>
         <object_component_ref idref="oc-11b"/>
      </symbol>
      <symbol id="sm-1c9">
         <name>_PLL_setup</name>
         <value>0x29f</value>
         <object_component_ref idref="oc-108"/>
      </symbol>
      <symbol id="sm-1ca">
         <name>_PLL_setMultiplier</name>
         <value>0x8474</value>
         <object_component_ref idref="oc-11a"/>
      </symbol>
      <symbol id="sm-207">
         <name>_PWM_setPeriod</name>
         <value>0x85e4</value>
         <object_component_ref idref="oc-e3"/>
      </symbol>
      <symbol id="sm-208">
         <name>_PWM_setHighSpeedClkDiv</name>
         <value>0x85aa</value>
         <object_component_ref idref="oc-e7"/>
      </symbol>
      <symbol id="sm-209">
         <name>_PWM_init</name>
         <value>0x8414</value>
         <object_component_ref idref="oc-102"/>
      </symbol>
      <symbol id="sm-20a">
         <name>_PWM_setShadowMode_CmpA</name>
         <value>0x8480</value>
         <object_component_ref idref="oc-e9"/>
      </symbol>
      <symbol id="sm-20b">
         <name>_PWM_setShadowMode_CmpB</name>
         <value>0x8486</value>
         <object_component_ref idref="oc-ea"/>
      </symbol>
      <symbol id="sm-20c">
         <name>_PWM_setSocAPeriod</name>
         <value>0x83d9</value>
         <object_component_ref idref="oc-f3"/>
      </symbol>
      <symbol id="sm-20d">
         <name>_PWM_setDeadBandFallingEdgeDelay</name>
         <value>0x85d0</value>
         <object_component_ref idref="oc-f8"/>
      </symbol>
      <symbol id="sm-20e">
         <name>_PWM_setActionQual_Zero_PwmB</name>
         <value>0x8458</value>
         <object_component_ref idref="oc-ef"/>
      </symbol>
      <symbol id="sm-20f">
         <name>_PWM_setActionQual_Zero_PwmA</name>
         <value>0x8451</value>
         <object_component_ref idref="oc-ed"/>
      </symbol>
      <symbol id="sm-210">
         <name>_PWM_setPhase</name>
         <value>0x85e6</value>
         <object_component_ref idref="oc-e5"/>
      </symbol>
      <symbol id="sm-211">
         <name>_PWM_setDeadBandPolarity</name>
         <value>0x846d</value>
         <object_component_ref idref="oc-f5"/>
      </symbol>
      <symbol id="sm-212">
         <name>_PWM_setLoadMode_CmpB</name>
         <value>0x847a</value>
         <object_component_ref idref="oc-ec"/>
      </symbol>
      <symbol id="sm-213">
         <name>_PWM_setLoadMode_CmpA</name>
         <value>0x85ae</value>
         <object_component_ref idref="oc-eb"/>
      </symbol>
      <symbol id="sm-214">
         <name>_PWM_disableCounterLoad</name>
         <value>0x85cd</value>
         <object_component_ref idref="oc-e4"/>
      </symbol>
      <symbol id="sm-215">
         <name>_PWM_setDeadBandOutputMode</name>
         <value>0x8466</value>
         <object_component_ref idref="oc-f4"/>
      </symbol>
      <symbol id="sm-216">
         <name>_PWM_setActionQual_CntUp_CmpA_PwmA</name>
         <value>0x3f0</value>
         <object_component_ref idref="oc-ee"/>
      </symbol>
      <symbol id="sm-217">
         <name>_PWM_setActionQual_CntUp_CmpB_PwmB</name>
         <value>0x83d0</value>
         <object_component_ref idref="oc-f0"/>
      </symbol>
      <symbol id="sm-218">
         <name>_PWM_setDeadBandInputMode</name>
         <value>0x845f</value>
         <object_component_ref idref="oc-f6"/>
      </symbol>
      <symbol id="sm-219">
         <name>_PWM_enableSocAPulse</name>
         <value>0x859e</value>
         <object_component_ref idref="oc-f1"/>
      </symbol>
      <symbol id="sm-21a">
         <name>_PWM_setClkDiv</name>
         <value>0x85a2</value>
         <object_component_ref idref="oc-e8"/>
      </symbol>
      <symbol id="sm-21b">
         <name>_PWM_setCounterMode</name>
         <value>0x85a6</value>
         <object_component_ref idref="oc-e2"/>
      </symbol>
      <symbol id="sm-21c">
         <name>_PWM_setDeadBandRisingEdgeDelay</name>
         <value>0x85d3</value>
         <object_component_ref idref="oc-f7"/>
      </symbol>
      <symbol id="sm-21d">
         <name>_PWM_setSocAPulseSrc</name>
         <value>0x83e2</value>
         <object_component_ref idref="oc-f2"/>
      </symbol>
      <symbol id="sm-21e">
         <name>_PWM_setCount</name>
         <value>0x85e2</value>
         <object_component_ref idref="oc-e6"/>
      </symbol>
      <symbol id="sm-23b">
         <name>_TIMER_setEmulationMode</name>
         <value>0x848c</value>
         <object_component_ref idref="oc-cf"/>
      </symbol>
      <symbol id="sm-23c">
         <name>_TIMER_start</name>
         <value>0x85dc</value>
         <object_component_ref idref="oc-fa"/>
      </symbol>
      <symbol id="sm-23d">
         <name>_TIMER_setPreScaler</name>
         <value>0x2f0</value>
         <object_component_ref idref="oc-cd"/>
      </symbol>
      <symbol id="sm-23e">
         <name>_TIMER_setPeriod</name>
         <value>0x85e8</value>
         <object_component_ref idref="oc-cc"/>
      </symbol>
      <symbol id="sm-23f">
         <name>_TIMER_init</name>
         <value>0x841c</value>
         <object_component_ref idref="oc-104"/>
      </symbol>
      <symbol id="sm-240">
         <name>_TIMER_reload</name>
         <value>0x85d9</value>
         <object_component_ref idref="oc-ce"/>
      </symbol>
      <symbol id="sm-241">
         <name>_TIMER_enableInt</name>
         <value>0x85d6</value>
         <object_component_ref idref="oc-d0"/>
      </symbol>
      <symbol id="sm-242">
         <name>_TIMER_stop</name>
         <value>0x85df</value>
         <object_component_ref idref="oc-cb"/>
      </symbol>
      <symbol id="sm-253">
         <name>_WDOG_init</name>
         <value>0x842c</value>
         <object_component_ref idref="oc-103"/>
      </symbol>
      <symbol id="sm-254">
         <name>_WDOG_disable</name>
         <value>0x8424</value>
         <object_component_ref idref="oc-105"/>
      </symbol>
      <symbol id="sm-2f7">
         <name>_ILLEGAL_ISR</name>
         <value>0x8505</value>
         <object_component_ref idref="oc-7c"/>
      </symbol>
      <symbol id="sm-2f8">
         <name>_ADCINT4_ISR</name>
         <value>0x84a1</value>
         <object_component_ref idref="oc-a0"/>
      </symbol>
      <symbol id="sm-2f9">
         <name>_DATALOG_ISR</name>
         <value>0x84bf</value>
         <object_component_ref idref="oc-78"/>
      </symbol>
      <symbol id="sm-2fa">
         <name>_SPITXINTA_ISR</name>
         <value>0x8537</value>
         <object_component_ref idref="oc-9a"/>
      </symbol>
      <symbol id="sm-2fb">
         <name>_SPIRXINTA_ISR</name>
         <value>0x8532</value>
         <object_component_ref idref="oc-99"/>
      </symbol>
      <symbol id="sm-2fc">
         <name>_INT13_ISR</name>
         <value>0x850a</value>
         <object_component_ref idref="oc-76"/>
      </symbol>
      <symbol id="sm-2fd">
         <name>_ADCINT5_ISR</name>
         <value>0x84a6</value>
         <object_component_ref idref="oc-a1"/>
      </symbol>
      <symbol id="sm-2fe">
         <name>_EPWM4_INT_ISR</name>
         <value>0x84f1</value>
         <object_component_ref idref="oc-97"/>
      </symbol>
      <symbol id="sm-2ff">
         <name>_USER5_ISR</name>
         <value>0x8564</value>
         <object_component_ref idref="oc-81"/>
      </symbol>
      <symbol id="sm-300">
         <name>_EMPTY_ISR</name>
         <value>0x84c9</value>
         <object_component_ref idref="oc-a6"/>
      </symbol>
      <symbol id="sm-301">
         <name>_EPWM4_TZINT_ISR</name>
         <value>0x84f6</value>
         <object_component_ref idref="oc-93"/>
      </symbol>
      <symbol id="sm-302">
         <name>_EMUINT_ISR</name>
         <value>0x84ce</value>
         <object_component_ref idref="oc-7a"/>
      </symbol>
      <symbol id="sm-303">
         <name>_ECAP1_INT_ISR</name>
         <value>0x84c4</value>
         <object_component_ref idref="oc-98"/>
      </symbol>
      <symbol id="sm-304">
         <name>_EPWM1_TZINT_ISR</name>
         <value>0x84d8</value>
         <object_component_ref idref="oc-90"/>
      </symbol>
      <symbol id="sm-305">
         <name>_ADCINT6_ISR</name>
         <value>0x84ab</value>
         <object_component_ref idref="oc-a2"/>
      </symbol>
      <symbol id="sm-306">
         <name>_ADCINT8_ISR</name>
         <value>0x84b5</value>
         <object_component_ref idref="oc-a4"/>
      </symbol>
      <symbol id="sm-307">
         <name>_USER11_ISR</name>
         <value>0x8546</value>
         <object_component_ref idref="oc-87"/>
      </symbol>
      <symbol id="sm-308">
         <name>_EPWM3_TZINT_ISR</name>
         <value>0x84ec</value>
         <object_component_ref idref="oc-92"/>
      </symbol>
      <symbol id="sm-309">
         <name>_USER4_ISR</name>
         <value>0x855f</value>
         <object_component_ref idref="oc-80"/>
      </symbol>
      <symbol id="sm-30a">
         <name>_EPWM2_TZINT_ISR</name>
         <value>0x84e2</value>
         <object_component_ref idref="oc-91"/>
      </symbol>
      <symbol id="sm-30b">
         <name>_EPWM2_INT_ISR</name>
         <value>0x84dd</value>
         <object_component_ref idref="oc-95"/>
      </symbol>
      <symbol id="sm-30c">
         <name>_TINT0_ISR</name>
         <value>0x853c</value>
         <object_component_ref idref="oc-8e"/>
      </symbol>
      <symbol id="sm-30d">
         <name>_WAKEINT_ISR</name>
         <value>0x857d</value>
         <object_component_ref idref="oc-8f"/>
      </symbol>
      <symbol id="sm-30e">
         <name>_ADCINT7_ISR</name>
         <value>0x84b0</value>
         <object_component_ref idref="oc-a3"/>
      </symbol>
      <symbol id="sm-30f">
         <name>_ADCINT9_ISR</name>
         <value>0x84ba</value>
         <object_component_ref idref="oc-8d"/>
      </symbol>
      <symbol id="sm-310">
         <name>_USER10_ISR</name>
         <value>0x8541</value>
         <object_component_ref idref="oc-86"/>
      </symbol>
      <symbol id="sm-311">
         <name>_USER7_ISR</name>
         <value>0x856e</value>
         <object_component_ref idref="oc-83"/>
      </symbol>
      <symbol id="sm-312">
         <name>_XINT1_ISR</name>
         <value>0x8582</value>
         <object_component_ref idref="oc-8b"/>
      </symbol>
      <symbol id="sm-313">
         <name>_INT14_ISR</name>
         <value>0x850f</value>
         <object_component_ref idref="oc-77"/>
      </symbol>
      <symbol id="sm-314">
         <name>_USER6_ISR</name>
         <value>0x8569</value>
         <object_component_ref idref="oc-82"/>
      </symbol>
      <symbol id="sm-315">
         <name>_ADCINT1_ISR</name>
         <value>0x8492</value>
         <object_component_ref idref="oc-89"/>
      </symbol>
      <symbol id="sm-316">
         <name>_USER12_ISR</name>
         <value>0x854b</value>
         <object_component_ref idref="oc-88"/>
      </symbol>
      <symbol id="sm-317">
         <name>_USER1_ISR</name>
         <value>0x8550</value>
         <object_component_ref idref="oc-7d"/>
      </symbol>
      <symbol id="sm-318">
         <name>_XINT3_ISR</name>
         <value>0x858c</value>
         <object_component_ref idref="oc-a5"/>
      </symbol>
      <symbol id="sm-319">
         <name>_NMI_ISR</name>
         <value>0x8514</value>
         <object_component_ref idref="oc-7b"/>
      </symbol>
      <symbol id="sm-31a">
         <name>_ADCINT2_ISR</name>
         <value>0x8497</value>
         <object_component_ref idref="oc-8a"/>
      </symbol>
      <symbol id="sm-31b">
         <name>_PIE_RESERVED</name>
         <value>0x8519</value>
         <object_component_ref idref="oc-a7"/>
      </symbol>
      <symbol id="sm-31c">
         <name>_I2CINT1A_ISR</name>
         <value>0x84fb</value>
         <object_component_ref idref="oc-9b"/>
      </symbol>
      <symbol id="sm-31d">
         <name>_XINT2_ISR</name>
         <value>0x8587</value>
         <object_component_ref idref="oc-8c"/>
      </symbol>
      <symbol id="sm-31e">
         <name>_I2CINT2A_ISR</name>
         <value>0x8500</value>
         <object_component_ref idref="oc-9c"/>
      </symbol>
      <symbol id="sm-31f">
         <name>_RTOSINT_ISR</name>
         <value>0x8523</value>
         <object_component_ref idref="oc-79"/>
      </symbol>
      <symbol id="sm-320">
         <name>_EPWM3_INT_ISR</name>
         <value>0x84e7</value>
         <object_component_ref idref="oc-96"/>
      </symbol>
      <symbol id="sm-321">
         <name>_ADCINT3_ISR</name>
         <value>0x849c</value>
         <object_component_ref idref="oc-9f"/>
      </symbol>
      <symbol id="sm-322">
         <name>_USER9_ISR</name>
         <value>0x8578</value>
         <object_component_ref idref="oc-85"/>
      </symbol>
      <symbol id="sm-323">
         <name>_USER3_ISR</name>
         <value>0x855a</value>
         <object_component_ref idref="oc-7f"/>
      </symbol>
      <symbol id="sm-324">
         <name>_USER8_ISR</name>
         <value>0x8573</value>
         <object_component_ref idref="oc-84"/>
      </symbol>
      <symbol id="sm-325">
         <name>_EPWM1_INT_ISR</name>
         <value>0x84d3</value>
         <object_component_ref idref="oc-94"/>
      </symbol>
      <symbol id="sm-326">
         <name>_USER2_ISR</name>
         <value>0x8555</value>
         <object_component_ref idref="oc-7e"/>
      </symbol>
      <symbol id="sm-327">
         <name>_SCITXINTA_ISR</name>
         <value>0x852d</value>
         <object_component_ref idref="oc-9e"/>
      </symbol>
      <symbol id="sm-328">
         <name>_SCIRXINTA_ISR</name>
         <value>0x8528</value>
         <object_component_ref idref="oc-9d"/>
      </symbol>
      <symbol id="sm-329">
         <name>_rsvd_ISR</name>
         <value>0x8591</value>
         <object_component_ref idref="oc-a8"/>
      </symbol>
      <symbol id="sm-342">
         <name>_c_int00</name>
         <value>0x17c</value>
         <object_component_ref idref="oc-ad"/>
      </symbol>
      <symbol id="sm-343">
         <name>__stack</name>
         <value>0x400</value>
         <object_component_ref idref="oc-ae"/>
      </symbol>
      <symbol id="sm-357">
         <name>C$$EXIT</name>
         <value>0x26f</value>
         <object_component_ref idref="oc-c8"/>
      </symbol>
      <symbol id="sm-358">
         <name>_exit</name>
         <value>0x271</value>
         <object_component_ref idref="oc-c8"/>
      </symbol>
      <symbol id="sm-359">
         <name>___TI_cleanup_ptr</name>
         <value>0x734</value>
         <object_component_ref idref="oc-b6"/>
      </symbol>
      <symbol id="sm-35a">
         <name>_abort</name>
         <value>0x26f</value>
         <object_component_ref idref="oc-c8"/>
      </symbol>
      <symbol id="sm-35b">
         <name>___TI_dtors_ptr</name>
         <value>0x736</value>
         <object_component_ref idref="oc-b6"/>
      </symbol>
      <symbol id="sm-370">
         <name>__unlock</name>
         <value>0x73a</value>
         <object_component_ref idref="oc-11f"/>
      </symbol>
      <symbol id="sm-371">
         <name>__lock</name>
         <value>0x738</value>
         <object_component_ref idref="oc-116"/>
      </symbol>
      <symbol id="sm-372">
         <name>__register_lock</name>
         <value>0x83ef</value>
         <object_component_ref idref="oc-11d"/>
      </symbol>
      <symbol id="sm-373">
         <name>__nop</name>
         <value>0x83f3</value>
         <object_component_ref idref="oc-11d"/>
      </symbol>
      <symbol id="sm-374">
         <name>__register_unlock</name>
         <value>0x83eb</value>
         <object_component_ref idref="oc-11d"/>
      </symbol>
      <symbol id="sm-384">
         <name>__args_main</name>
         <value>0x256</value>
         <object_component_ref idref="oc-c7"/>
      </symbol>
   </symbol_table>
   <title>Link successful</title>
</link_info>
