<?xml version="1.0"?>
<link_info>
   <banner>TMS320C2000 Linker PC v6.4.2</banner>
   <copyright>Copyright (c) 1996-2015 Texas Instruments Incorporated</copyright>
   <link_time>0x555bd108</link_time>
   <link_errors>0x0</link_errors>
   <output_file>Example_F2802xAdcSoc.out</output_file>
   <entry_point>
      <name>code_start</name>
      <address>0x0</address>
   </entry_point>
   <input_file_list>
      <input_file id="fl-2">
         <path>.\</path>
         <kind>object</kind>
         <file>Example_2802xAdcSoc.obj</file>
         <name>Example_2802xAdcSoc.obj</name>
      </input_file>
      <input_file id="fl-a">
         <path>C:\projetos\PSE\trunk\f2802x_common\lib\</path>
         <kind>archive</kind>
         <file>driverlib.lib</file>
         <name>adc.obj</name>
      </input_file>
      <input_file id="fl-b">
         <path>C:\projetos\PSE\trunk\f2802x_common\lib\</path>
         <kind>archive</kind>
         <file>driverlib.lib</file>
         <name>clk.obj</name>
      </input_file>
      <input_file id="fl-c">
         <path>C:\projetos\PSE\trunk\f2802x_common\lib\</path>
         <kind>archive</kind>
         <file>driverlib.lib</file>
         <name>cpu.obj</name>
      </input_file>
      <input_file id="fl-d">
         <path>C:\projetos\PSE\trunk\f2802x_common\lib\</path>
         <kind>archive</kind>
         <file>driverlib.lib</file>
         <name>f2802xx_codestartbranch.obj</name>
      </input_file>
      <input_file id="fl-e">
         <path>C:\projetos\PSE\trunk\f2802x_common\lib\</path>
         <kind>archive</kind>
         <file>driverlib.lib</file>
         <name>flash.obj</name>
      </input_file>
      <input_file id="fl-f">
         <path>C:\projetos\PSE\trunk\f2802x_common\lib\</path>
         <kind>archive</kind>
         <file>driverlib.lib</file>
         <name>gpio.obj</name>
      </input_file>
      <input_file id="fl-10">
         <path>C:\projetos\PSE\trunk\f2802x_common\lib\</path>
         <kind>archive</kind>
         <file>driverlib.lib</file>
         <name>pie.obj</name>
      </input_file>
      <input_file id="fl-11">
         <path>C:\projetos\PSE\trunk\f2802x_common\lib\</path>
         <kind>archive</kind>
         <file>driverlib.lib</file>
         <name>pll.obj</name>
      </input_file>
      <input_file id="fl-12">
         <path>C:\projetos\PSE\trunk\f2802x_common\lib\</path>
         <kind>archive</kind>
         <file>driverlib.lib</file>
         <name>pwm.obj</name>
      </input_file>
      <input_file id="fl-13">
         <path>C:\projetos\PSE\trunk\f2802x_common\lib\</path>
         <kind>archive</kind>
         <file>driverlib.lib</file>
         <name>timer.obj</name>
      </input_file>
      <input_file id="fl-14">
         <path>C:\projetos\PSE\trunk\f2802x_common\lib\</path>
         <kind>archive</kind>
         <file>driverlib.lib</file>
         <name>wdog.obj</name>
      </input_file>
      <input_file id="fl-15">
         <path>C:\projetos\PSE\trunk\f2802x_common\lib\</path>
         <kind>archive</kind>
         <file>driverlib.lib</file>
         <name>f2802xx_defaultisr.obj</name>
      </input_file>
      <input_file id="fl-16">
         <path>C:\ti\ccsv6\tools\compiler\ti-cgt-c2000_6.4.2\lib\</path>
         <kind>archive</kind>
         <file>rts2800_ml.lib</file>
         <name>boot.obj</name>
      </input_file>
      <input_file id="fl-17">
         <path>C:\ti\ccsv6\tools\compiler\ti-cgt-c2000_6.4.2\lib\</path>
         <kind>archive</kind>
         <file>rts2800_ml.lib</file>
         <name>exit.obj</name>
      </input_file>
      <input_file id="fl-18">
         <path>C:\ti\ccsv6\tools\compiler\ti-cgt-c2000_6.4.2\lib\</path>
         <kind>archive</kind>
         <file>rts2800_ml.lib</file>
         <name>_lock.obj</name>
      </input_file>
      <input_file id="fl-19">
         <path>C:\ti\ccsv6\tools\compiler\ti-cgt-c2000_6.4.2\lib\</path>
         <kind>archive</kind>
         <file>rts2800_ml.lib</file>
         <name>args_main.obj</name>
      </input_file>
   </input_file_list>
   <object_component_list>
      <object_component id="oc-33">
         <name>codestart</name>
         <load_address>0x0</load_address>
         <run_address>0x0</run_address>
         <size>0x2</size>
         <input_file_ref idref="fl-d"/>
      </object_component>
      <object_component id="oc-37">
         <name>.text:retain</name>
         <load_address>0xed</load_address>
         <run_address>0xed</run_address>
         <size>0xf0</size>
         <input_file_ref idref="fl-2"/>
      </object_component>
      <object_component id="oc-f7">
         <name>.text:_GPIO_setMode</name>
         <load_address>0x1dd</load_address>
         <run_address>0x1dd</run_address>
         <size>0x48</size>
         <input_file_ref idref="fl-f"/>
      </object_component>
      <object_component id="oc-ad">
         <name>.text</name>
         <load_address>0x225</load_address>
         <run_address>0x225</run_address>
         <size>0x44</size>
         <input_file_ref idref="fl-16"/>
      </object_component>
      <object_component id="oc-f8">
         <name>.text:_GPIO_setDirection</name>
         <load_address>0x269</load_address>
         <run_address>0x269</run_address>
         <size>0x29</size>
         <input_file_ref idref="fl-f"/>
      </object_component>
      <object_component id="oc-f6">
         <name>.text:_GPIO_setPullUp</name>
         <load_address>0x292</load_address>
         <run_address>0x292</run_address>
         <size>0x29</size>
         <input_file_ref idref="fl-f"/>
      </object_component>
      <object_component id="oc-f1">
         <name>.text:_ADC_setIntMode</name>
         <load_address>0x2bb</load_address>
         <run_address>0x2bb</run_address>
         <size>0x22</size>
         <input_file_ref idref="fl-a"/>
      </object_component>
      <object_component id="oc-f2">
         <name>.text:_ADC_setIntSrc</name>
         <load_address>0x2dd</load_address>
         <run_address>0x2dd</run_address>
         <size>0x22</size>
         <input_file_ref idref="fl-a"/>
      </object_component>
      <object_component id="oc-c9">
         <name>.text</name>
         <load_address>0x2ff</load_address>
         <run_address>0x2ff</run_address>
         <size>0x19</size>
         <input_file_ref idref="fl-19"/>
      </object_component>
      <object_component id="oc-ca">
         <name>.text</name>
         <load_address>0x318</load_address>
         <run_address>0x318</run_address>
         <size>0x19</size>
         <input_file_ref idref="fl-17"/>
      </object_component>
      <object_component id="oc-f0">
         <name>.text:_ADC_enableInt</name>
         <load_address>0x331</load_address>
         <run_address>0x331</run_address>
         <size>0x17</size>
         <input_file_ref idref="fl-a"/>
      </object_component>
      <object_component id="oc-d8">
         <name>.text:_PLL_setup</name>
         <load_address>0x348</load_address>
         <run_address>0x348</run_address>
         <size>0x15</size>
         <input_file_ref idref="fl-11"/>
      </object_component>
      <object_component id="oc-c7">
         <name>.text:_GPIO_setHigh</name>
         <load_address>0x35d</load_address>
         <run_address>0x35d</run_address>
         <size>0x14</size>
         <input_file_ref idref="fl-f"/>
      </object_component>
      <object_component id="oc-c8">
         <name>.text:_GPIO_setLow</name>
         <load_address>0x371</load_address>
         <run_address>0x371</run_address>
         <size>0x14</size>
         <input_file_ref idref="fl-f"/>
      </object_component>
      <object_component id="oc-c5">
         <name>.text:_GPIO_toggle</name>
         <load_address>0x385</load_address>
         <run_address>0x385</run_address>
         <size>0x14</size>
         <input_file_ref idref="fl-f"/>
      </object_component>
      <object_component id="oc-e1">
         <name>.text:_PIE_enableAdcInt</name>
         <load_address>0x399</load_address>
         <run_address>0x399</run_address>
         <size>0x14</size>
         <input_file_ref idref="fl-10"/>
      </object_component>
      <object_component id="oc-fb">
         <name>.text:_TIMER_setPreScaler</name>
         <load_address>0x3ad</load_address>
         <run_address>0x3ad</run_address>
         <size>0x13</size>
         <input_file_ref idref="fl-13"/>
      </object_component>
      <object_component id="oc-f3">
         <name>.text:_ADC_setSocChanNumber</name>
         <load_address>0x3c0</load_address>
         <run_address>0x3c0</run_address>
         <size>0x12</size>
         <input_file_ref idref="fl-a"/>
      </object_component>
      <object_component id="oc-f5">
         <name>.text:_ADC_setSocSampleWindow</name>
         <load_address>0x3d2</load_address>
         <run_address>0x3d2</run_address>
         <size>0x12</size>
         <input_file_ref idref="fl-a"/>
      </object_component>
      <object_component id="oc-f4">
         <name>.text:_ADC_setSocTrigSrc</name>
         <load_address>0x3e4</load_address>
         <run_address>0x3e4</run_address>
         <size>0x12</size>
         <input_file_ref idref="fl-a"/>
      </object_component>
      <object_component id="oc-ec">
         <name>.text:_ADC_enable</name>
         <load_address>0x3f6</load_address>
         <run_address>0x3f6</run_address>
         <size>0xa</size>
         <input_file_ref idref="fl-a"/>
      </object_component>
      <object_component id="oc-c6">
         <name>.text</name>
         <load_address>0x8000</load_address>
         <run_address>0x8000</run_address>
         <size>0x4d9</size>
         <input_file_ref idref="fl-2"/>
      </object_component>
      <object_component id="oc-ef">
         <name>.text:_ADC_setIntPulseGenMode</name>
         <load_address>0x84d9</load_address>
         <run_address>0x84d9</run_address>
         <size>0x11</size>
         <input_file_ref idref="fl-a"/>
      </object_component>
      <object_component id="oc-ed">
         <name>.text:_ADC_setVoltRefSrc</name>
         <load_address>0x84ea</load_address>
         <run_address>0x84ea</run_address>
         <size>0x11</size>
         <input_file_ref idref="fl-a"/>
      </object_component>
      <object_component id="oc-da">
         <name>.text:_PIE_disableAllInts</name>
         <load_address>0x84fb</load_address>
         <run_address>0x84fb</run_address>
         <size>0x11</size>
         <input_file_ref idref="fl-10"/>
      </object_component>
      <object_component id="oc-dd">
         <name>.text:_PIE_setDebugIntVectorTable</name>
         <load_address>0x850c</load_address>
         <run_address>0x850c</run_address>
         <size>0x11</size>
         <input_file_ref idref="fl-10"/>
      </object_component>
      <object_component id="oc-df">
         <name>.text:_PIE_registerPieIntHandler</name>
         <load_address>0x851d</load_address>
         <run_address>0x851d</run_address>
         <size>0xf</size>
         <input_file_ref idref="fl-10"/>
      </object_component>
      <object_component id="oc-e0">
         <name>.text:_PIE_registerSystemIntHandler</name>
         <load_address>0x852c</load_address>
         <run_address>0x852c</run_address>
         <size>0xb</size>
         <input_file_ref idref="fl-10"/>
      </object_component>
      <object_component id="oc-e9">
         <name>.text:_ADC_enableBandGap</name>
         <load_address>0x8537</load_address>
         <run_address>0x8537</run_address>
         <size>0xa</size>
         <input_file_ref idref="fl-a"/>
      </object_component>
      <object_component id="oc-ea">
         <name>.text:_ADC_enableRefBuffers</name>
         <load_address>0x8541</load_address>
         <run_address>0x8541</run_address>
         <size>0xa</size>
         <input_file_ref idref="fl-a"/>
      </object_component>
      <object_component id="oc-ee">
         <name>.text:_ADC_enableTempSensor</name>
         <load_address>0x854b</load_address>
         <run_address>0x854b</run_address>
         <size>0xa</size>
         <input_file_ref idref="fl-a"/>
      </object_component>
      <object_component id="oc-cb">
         <name>.text:_ADC_init</name>
         <load_address>0x8555</load_address>
         <run_address>0x8555</run_address>
         <size>0xa</size>
         <input_file_ref idref="fl-a"/>
      </object_component>
      <object_component id="oc-eb">
         <name>.text:_ADC_powerUp</name>
         <load_address>0x855f</load_address>
         <run_address>0x855f</run_address>
         <size>0xa</size>
         <input_file_ref idref="fl-a"/>
      </object_component>
      <object_component id="oc-e6">
         <name>.text:_CLK_disablePwmClock</name>
         <load_address>0x8569</load_address>
         <run_address>0x8569</run_address>
         <size>0xa</size>
         <input_file_ref idref="fl-b"/>
      </object_component>
      <object_component id="oc-d0">
         <name>.text:_PIE_init</name>
         <load_address>0x8573</load_address>
         <run_address>0x8573</run_address>
         <size>0xa</size>
         <input_file_ref idref="fl-10"/>
      </object_component>
      <object_component id="oc-e8">
         <name>.text:_CLK_enablePwmClock</name>
         <load_address>0x857d</load_address>
         <run_address>0x857d</run_address>
         <size>0x9</size>
         <input_file_ref idref="fl-b"/>
      </object_component>
      <object_component id="oc-10b">
         <name>.text:_PWM_setActionQual_CntUp_CmpA_PwmA</name>
         <load_address>0x8586</load_address>
         <run_address>0x8586</run_address>
         <size>0x9</size>
         <input_file_ref idref="fl-12"/>
      </object_component>
      <object_component id="oc-10d">
         <name>.text:_PWM_setActionQual_CntUp_CmpB_PwmB</name>
         <load_address>0x858f</load_address>
         <run_address>0x858f</run_address>
         <size>0x9</size>
         <input_file_ref idref="fl-12"/>
      </object_component>
      <object_component id="oc-110">
         <name>.text:_PWM_setSocAPeriod</name>
         <load_address>0x8598</load_address>
         <run_address>0x8598</run_address>
         <size>0x9</size>
         <input_file_ref idref="fl-12"/>
      </object_component>
      <object_component id="oc-10f">
         <name>.text:_PWM_setSocAPulseSrc</name>
         <load_address>0x85a1</load_address>
         <run_address>0x85a1</run_address>
         <size>0x9</size>
         <input_file_ref idref="fl-12"/>
      </object_component>
      <object_component id="oc-11e">
         <name>.text</name>
         <load_address>0x85aa</load_address>
         <run_address>0x85aa</run_address>
         <size>0x9</size>
         <input_file_ref idref="fl-18"/>
      </object_component>
      <object_component id="oc-cc">
         <name>.text:_CLK_init</name>
         <load_address>0x85b3</load_address>
         <run_address>0x85b3</run_address>
         <size>0x8</size>
         <input_file_ref idref="fl-b"/>
      </object_component>
      <object_component id="oc-ce">
         <name>.text:_FLASH_init</name>
         <load_address>0x85bb</load_address>
         <run_address>0x85bb</run_address>
         <size>0x8</size>
         <input_file_ref idref="fl-e"/>
      </object_component>
      <object_component id="oc-cf">
         <name>.text:_GPIO_init</name>
         <load_address>0x85c3</load_address>
         <run_address>0x85c3</run_address>
         <size>0x8</size>
         <input_file_ref idref="fl-f"/>
      </object_component>
      <object_component id="oc-d1">
         <name>.text:_PLL_init</name>
         <load_address>0x85cb</load_address>
         <run_address>0x85cb</run_address>
         <size>0x8</size>
         <input_file_ref idref="fl-11"/>
      </object_component>
      <object_component id="oc-d2">
         <name>.text:_PWM_init</name>
         <load_address>0x85d3</load_address>
         <run_address>0x85d3</run_address>
         <size>0x8</size>
         <input_file_ref idref="fl-12"/>
      </object_component>
      <object_component id="oc-d4">
         <name>.text:_TIMER_init</name>
         <load_address>0x85db</load_address>
         <run_address>0x85db</run_address>
         <size>0x8</size>
         <input_file_ref idref="fl-13"/>
      </object_component>
      <object_component id="oc-d5">
         <name>.text:_WDOG_disable</name>
         <load_address>0x85e3</load_address>
         <run_address>0x85e3</run_address>
         <size>0x8</size>
         <input_file_ref idref="fl-14"/>
      </object_component>
      <object_component id="oc-d3">
         <name>.text:_WDOG_init</name>
         <load_address>0x85eb</load_address>
         <run_address>0x85eb</run_address>
         <size>0x8</size>
         <input_file_ref idref="fl-14"/>
      </object_component>
      <object_component id="oc-4c">
         <name>.text</name>
         <load_address>0x85f3</load_address>
         <run_address>0x85f3</run_address>
         <size>0x8</size>
         <input_file_ref idref="fl-d"/>
      </object_component>
      <object_component id="oc-d6">
         <name>.text:_CLK_enableAdcClock</name>
         <load_address>0x85fb</load_address>
         <run_address>0x85fb</run_address>
         <size>0x7</size>
         <input_file_ref idref="fl-b"/>
      </object_component>
      <object_component id="oc-116">
         <name>.text:_CLK_enableTbClockSync</name>
         <load_address>0x8602</load_address>
         <run_address>0x8602</run_address>
         <size>0x7</size>
         <input_file_ref idref="fl-b"/>
      </object_component>
      <object_component id="oc-d7">
         <name>.text:_CLK_setOscSrc</name>
         <load_address>0x8609</load_address>
         <run_address>0x8609</run_address>
         <size>0x7</size>
         <input_file_ref idref="fl-b"/>
      </object_component>
      <object_component id="oc-11a">
         <name>.text:_PLL_setDivider</name>
         <load_address>0x8610</load_address>
         <run_address>0x8610</run_address>
         <size>0x7</size>
         <input_file_ref idref="fl-11"/>
      </object_component>
      <object_component id="oc-10a">
         <name>.text:_PWM_setActionQual_Zero_PwmA</name>
         <load_address>0x8617</load_address>
         <run_address>0x8617</run_address>
         <size>0x7</size>
         <input_file_ref idref="fl-12"/>
      </object_component>
      <object_component id="oc-10c">
         <name>.text:_PWM_setActionQual_Zero_PwmB</name>
         <load_address>0x861e</load_address>
         <run_address>0x861e</run_address>
         <size>0x7</size>
         <input_file_ref idref="fl-12"/>
      </object_component>
      <object_component id="oc-113">
         <name>.text:_PWM_setDeadBandInputMode</name>
         <load_address>0x8625</load_address>
         <run_address>0x8625</run_address>
         <size>0x7</size>
         <input_file_ref idref="fl-12"/>
      </object_component>
      <object_component id="oc-111">
         <name>.text:_PWM_setDeadBandOutputMode</name>
         <load_address>0x862c</load_address>
         <run_address>0x862c</run_address>
         <size>0x7</size>
         <input_file_ref idref="fl-12"/>
      </object_component>
      <object_component id="oc-112">
         <name>.text:_PWM_setDeadBandPolarity</name>
         <load_address>0x8633</load_address>
         <run_address>0x8633</run_address>
         <size>0x7</size>
         <input_file_ref idref="fl-12"/>
      </object_component>
      <object_component id="oc-11b">
         <name>.text:_PLL_setMultiplier</name>
         <load_address>0x863a</load_address>
         <run_address>0x863a</run_address>
         <size>0x6</size>
         <input_file_ref idref="fl-11"/>
      </object_component>
      <object_component id="oc-109">
         <name>.text:_PWM_setLoadMode_CmpB</name>
         <load_address>0x8640</load_address>
         <run_address>0x8640</run_address>
         <size>0x6</size>
         <input_file_ref idref="fl-12"/>
      </object_component>
      <object_component id="oc-106">
         <name>.text:_PWM_setShadowMode_CmpA</name>
         <load_address>0x8646</load_address>
         <run_address>0x8646</run_address>
         <size>0x6</size>
         <input_file_ref idref="fl-12"/>
      </object_component>
      <object_component id="oc-107">
         <name>.text:_PWM_setShadowMode_CmpB</name>
         <load_address>0x864c</load_address>
         <run_address>0x864c</run_address>
         <size>0x6</size>
         <input_file_ref idref="fl-12"/>
      </object_component>
      <object_component id="oc-fd">
         <name>.text:_TIMER_setEmulationMode</name>
         <load_address>0x8652</load_address>
         <run_address>0x8652</run_address>
         <size>0x6</size>
         <input_file_ref idref="fl-13"/>
      </object_component>
      <object_component id="oc-89">
         <name>.text:_ADCINT1_ISR</name>
         <load_address>0x8658</load_address>
         <run_address>0x8658</run_address>
         <size>0x5</size>
         <input_file_ref idref="fl-15"/>
      </object_component>
      <object_component id="oc-8a">
         <name>.text:_ADCINT2_ISR</name>
         <load_address>0x865d</load_address>
         <run_address>0x865d</run_address>
         <size>0x5</size>
         <input_file_ref idref="fl-15"/>
      </object_component>
      <object_component id="oc-9f">
         <name>.text:_ADCINT3_ISR</name>
         <load_address>0x8662</load_address>
         <run_address>0x8662</run_address>
         <size>0x5</size>
         <input_file_ref idref="fl-15"/>
      </object_component>
      <object_component id="oc-a0">
         <name>.text:_ADCINT4_ISR</name>
         <load_address>0x8667</load_address>
         <run_address>0x8667</run_address>
         <size>0x5</size>
         <input_file_ref idref="fl-15"/>
      </object_component>
      <object_component id="oc-a1">
         <name>.text:_ADCINT5_ISR</name>
         <load_address>0x866c</load_address>
         <run_address>0x866c</run_address>
         <size>0x5</size>
         <input_file_ref idref="fl-15"/>
      </object_component>
      <object_component id="oc-a2">
         <name>.text:_ADCINT6_ISR</name>
         <load_address>0x8671</load_address>
         <run_address>0x8671</run_address>
         <size>0x5</size>
         <input_file_ref idref="fl-15"/>
      </object_component>
      <object_component id="oc-a3">
         <name>.text:_ADCINT7_ISR</name>
         <load_address>0x8676</load_address>
         <run_address>0x8676</run_address>
         <size>0x5</size>
         <input_file_ref idref="fl-15"/>
      </object_component>
      <object_component id="oc-a4">
         <name>.text:_ADCINT8_ISR</name>
         <load_address>0x867b</load_address>
         <run_address>0x867b</run_address>
         <size>0x5</size>
         <input_file_ref idref="fl-15"/>
      </object_component>
      <object_component id="oc-8d">
         <name>.text:_ADCINT9_ISR</name>
         <load_address>0x8680</load_address>
         <run_address>0x8680</run_address>
         <size>0x5</size>
         <input_file_ref idref="fl-15"/>
      </object_component>
      <object_component id="oc-78">
         <name>.text:_DATALOG_ISR</name>
         <load_address>0x8685</load_address>
         <run_address>0x8685</run_address>
         <size>0x5</size>
         <input_file_ref idref="fl-15"/>
      </object_component>
      <object_component id="oc-98">
         <name>.text:_ECAP1_INT_ISR</name>
         <load_address>0x868a</load_address>
         <run_address>0x868a</run_address>
         <size>0x5</size>
         <input_file_ref idref="fl-15"/>
      </object_component>
      <object_component id="oc-a6">
         <name>.text:_EMPTY_ISR</name>
         <load_address>0x868f</load_address>
         <run_address>0x868f</run_address>
         <size>0x5</size>
         <input_file_ref idref="fl-15"/>
      </object_component>
      <object_component id="oc-7a">
         <name>.text:_EMUINT_ISR</name>
         <load_address>0x8694</load_address>
         <run_address>0x8694</run_address>
         <size>0x5</size>
         <input_file_ref idref="fl-15"/>
      </object_component>
      <object_component id="oc-94">
         <name>.text:_EPWM1_INT_ISR</name>
         <load_address>0x8699</load_address>
         <run_address>0x8699</run_address>
         <size>0x5</size>
         <input_file_ref idref="fl-15"/>
      </object_component>
      <object_component id="oc-90">
         <name>.text:_EPWM1_TZINT_ISR</name>
         <load_address>0x869e</load_address>
         <run_address>0x869e</run_address>
         <size>0x5</size>
         <input_file_ref idref="fl-15"/>
      </object_component>
      <object_component id="oc-95">
         <name>.text:_EPWM2_INT_ISR</name>
         <load_address>0x86a3</load_address>
         <run_address>0x86a3</run_address>
         <size>0x5</size>
         <input_file_ref idref="fl-15"/>
      </object_component>
      <object_component id="oc-91">
         <name>.text:_EPWM2_TZINT_ISR</name>
         <load_address>0x86a8</load_address>
         <run_address>0x86a8</run_address>
         <size>0x5</size>
         <input_file_ref idref="fl-15"/>
      </object_component>
      <object_component id="oc-96">
         <name>.text:_EPWM3_INT_ISR</name>
         <load_address>0x86ad</load_address>
         <run_address>0x86ad</run_address>
         <size>0x5</size>
         <input_file_ref idref="fl-15"/>
      </object_component>
      <object_component id="oc-92">
         <name>.text:_EPWM3_TZINT_ISR</name>
         <load_address>0x86b2</load_address>
         <run_address>0x86b2</run_address>
         <size>0x5</size>
         <input_file_ref idref="fl-15"/>
      </object_component>
      <object_component id="oc-97">
         <name>.text:_EPWM4_INT_ISR</name>
         <load_address>0x86b7</load_address>
         <run_address>0x86b7</run_address>
         <size>0x5</size>
         <input_file_ref idref="fl-15"/>
      </object_component>
      <object_component id="oc-93">
         <name>.text:_EPWM4_TZINT_ISR</name>
         <load_address>0x86bc</load_address>
         <run_address>0x86bc</run_address>
         <size>0x5</size>
         <input_file_ref idref="fl-15"/>
      </object_component>
      <object_component id="oc-9b">
         <name>.text:_I2CINT1A_ISR</name>
         <load_address>0x86c1</load_address>
         <run_address>0x86c1</run_address>
         <size>0x5</size>
         <input_file_ref idref="fl-15"/>
      </object_component>
      <object_component id="oc-9c">
         <name>.text:_I2CINT2A_ISR</name>
         <load_address>0x86c6</load_address>
         <run_address>0x86c6</run_address>
         <size>0x5</size>
         <input_file_ref idref="fl-15"/>
      </object_component>
      <object_component id="oc-7c">
         <name>.text:_ILLEGAL_ISR</name>
         <load_address>0x86cb</load_address>
         <run_address>0x86cb</run_address>
         <size>0x5</size>
         <input_file_ref idref="fl-15"/>
      </object_component>
      <object_component id="oc-76">
         <name>.text:_INT13_ISR</name>
         <load_address>0x86d0</load_address>
         <run_address>0x86d0</run_address>
         <size>0x5</size>
         <input_file_ref idref="fl-15"/>
      </object_component>
      <object_component id="oc-77">
         <name>.text:_INT14_ISR</name>
         <load_address>0x86d5</load_address>
         <run_address>0x86d5</run_address>
         <size>0x5</size>
         <input_file_ref idref="fl-15"/>
      </object_component>
      <object_component id="oc-7b">
         <name>.text:_NMI_ISR</name>
         <load_address>0x86da</load_address>
         <run_address>0x86da</run_address>
         <size>0x5</size>
         <input_file_ref idref="fl-15"/>
      </object_component>
      <object_component id="oc-a7">
         <name>.text:_PIE_RESERVED</name>
         <load_address>0x86df</load_address>
         <run_address>0x86df</run_address>
         <size>0x5</size>
         <input_file_ref idref="fl-15"/>
      </object_component>
      <object_component id="oc-5c">
         <name>.text:_PIE_illegalIsr</name>
         <load_address>0x86e4</load_address>
         <run_address>0x86e4</run_address>
         <size>0x5</size>
         <input_file_ref idref="fl-10"/>
      </object_component>
      <object_component id="oc-79">
         <name>.text:_RTOSINT_ISR</name>
         <load_address>0x86e9</load_address>
         <run_address>0x86e9</run_address>
         <size>0x5</size>
         <input_file_ref idref="fl-15"/>
      </object_component>
      <object_component id="oc-9d">
         <name>.text:_SCIRXINTA_ISR</name>
         <load_address>0x86ee</load_address>
         <run_address>0x86ee</run_address>
         <size>0x5</size>
         <input_file_ref idref="fl-15"/>
      </object_component>
      <object_component id="oc-9e">
         <name>.text:_SCITXINTA_ISR</name>
         <load_address>0x86f3</load_address>
         <run_address>0x86f3</run_address>
         <size>0x5</size>
         <input_file_ref idref="fl-15"/>
      </object_component>
      <object_component id="oc-99">
         <name>.text:_SPIRXINTA_ISR</name>
         <load_address>0x86f8</load_address>
         <run_address>0x86f8</run_address>
         <size>0x5</size>
         <input_file_ref idref="fl-15"/>
      </object_component>
      <object_component id="oc-9a">
         <name>.text:_SPITXINTA_ISR</name>
         <load_address>0x86fd</load_address>
         <run_address>0x86fd</run_address>
         <size>0x5</size>
         <input_file_ref idref="fl-15"/>
      </object_component>
      <object_component id="oc-8e">
         <name>.text:_TINT0_ISR</name>
         <load_address>0x8702</load_address>
         <run_address>0x8702</run_address>
         <size>0x5</size>
         <input_file_ref idref="fl-15"/>
      </object_component>
      <object_component id="oc-86">
         <name>.text:_USER10_ISR</name>
         <load_address>0x8707</load_address>
         <run_address>0x8707</run_address>
         <size>0x5</size>
         <input_file_ref idref="fl-15"/>
      </object_component>
      <object_component id="oc-87">
         <name>.text:_USER11_ISR</name>
         <load_address>0x870c</load_address>
         <run_address>0x870c</run_address>
         <size>0x5</size>
         <input_file_ref idref="fl-15"/>
      </object_component>
      <object_component id="oc-88">
         <name>.text:_USER12_ISR</name>
         <load_address>0x8711</load_address>
         <run_address>0x8711</run_address>
         <size>0x5</size>
         <input_file_ref idref="fl-15"/>
      </object_component>
      <object_component id="oc-7d">
         <name>.text:_USER1_ISR</name>
         <load_address>0x8716</load_address>
         <run_address>0x8716</run_address>
         <size>0x5</size>
         <input_file_ref idref="fl-15"/>
      </object_component>
      <object_component id="oc-7e">
         <name>.text:_USER2_ISR</name>
         <load_address>0x871b</load_address>
         <run_address>0x871b</run_address>
         <size>0x5</size>
         <input_file_ref idref="fl-15"/>
      </object_component>
      <object_component id="oc-7f">
         <name>.text:_USER3_ISR</name>
         <load_address>0x8720</load_address>
         <run_address>0x8720</run_address>
         <size>0x5</size>
         <input_file_ref idref="fl-15"/>
      </object_component>
      <object_component id="oc-80">
         <name>.text:_USER4_ISR</name>
         <load_address>0x8725</load_address>
         <run_address>0x8725</run_address>
         <size>0x5</size>
         <input_file_ref idref="fl-15"/>
      </object_component>
      <object_component id="oc-81">
         <name>.text:_USER5_ISR</name>
         <load_address>0x872a</load_address>
         <run_address>0x872a</run_address>
         <size>0x5</size>
         <input_file_ref idref="fl-15"/>
      </object_component>
      <object_component id="oc-82">
         <name>.text:_USER6_ISR</name>
         <load_address>0x872f</load_address>
         <run_address>0x872f</run_address>
         <size>0x5</size>
         <input_file_ref idref="fl-15"/>
      </object_component>
      <object_component id="oc-83">
         <name>.text:_USER7_ISR</name>
         <load_address>0x8734</load_address>
         <run_address>0x8734</run_address>
         <size>0x5</size>
         <input_file_ref idref="fl-15"/>
      </object_component>
      <object_component id="oc-84">
         <name>.text:_USER8_ISR</name>
         <load_address>0x8739</load_address>
         <run_address>0x8739</run_address>
         <size>0x5</size>
         <input_file_ref idref="fl-15"/>
      </object_component>
      <object_component id="oc-85">
         <name>.text:_USER9_ISR</name>
         <load_address>0x873e</load_address>
         <run_address>0x873e</run_address>
         <size>0x5</size>
         <input_file_ref idref="fl-15"/>
      </object_component>
      <object_component id="oc-8f">
         <name>.text:_WAKEINT_ISR</name>
         <load_address>0x8743</load_address>
         <run_address>0x8743</run_address>
         <size>0x5</size>
         <input_file_ref idref="fl-15"/>
      </object_component>
      <object_component id="oc-8b">
         <name>.text:_XINT1_ISR</name>
         <load_address>0x8748</load_address>
         <run_address>0x8748</run_address>
         <size>0x5</size>
         <input_file_ref idref="fl-15"/>
      </object_component>
      <object_component id="oc-8c">
         <name>.text:_XINT2_ISR</name>
         <load_address>0x874d</load_address>
         <run_address>0x874d</run_address>
         <size>0x5</size>
         <input_file_ref idref="fl-15"/>
      </object_component>
      <object_component id="oc-a5">
         <name>.text:_XINT3_ISR</name>
         <load_address>0x8752</load_address>
         <run_address>0x8752</run_address>
         <size>0x5</size>
         <input_file_ref idref="fl-15"/>
      </object_component>
      <object_component id="oc-a8">
         <name>.text:_rsvd_ISR</name>
         <load_address>0x8757</load_address>
         <run_address>0x8757</run_address>
         <size>0x5</size>
         <input_file_ref idref="fl-15"/>
      </object_component>
      <object_component id="oc-e2">
         <name>.text:_CPU_enableInt</name>
         <load_address>0x875c</load_address>
         <run_address>0x875c</run_address>
         <size>0x4</size>
         <input_file_ref idref="fl-c"/>
      </object_component>
      <object_component id="oc-cd">
         <name>.text:_CPU_init</name>
         <load_address>0x8760</load_address>
         <run_address>0x8760</run_address>
         <size>0x4</size>
         <input_file_ref idref="fl-c"/>
      </object_component>
      <object_component id="oc-10e">
         <name>.text:_PWM_enableSocAPulse</name>
         <load_address>0x8764</load_address>
         <run_address>0x8764</run_address>
         <size>0x4</size>
         <input_file_ref idref="fl-12"/>
      </object_component>
      <object_component id="oc-105">
         <name>.text:_PWM_setClkDiv</name>
         <load_address>0x8768</load_address>
         <run_address>0x8768</run_address>
         <size>0x4</size>
         <input_file_ref idref="fl-12"/>
      </object_component>
      <object_component id="oc-ff">
         <name>.text:_PWM_setCounterMode</name>
         <load_address>0x876c</load_address>
         <run_address>0x876c</run_address>
         <size>0x4</size>
         <input_file_ref idref="fl-12"/>
      </object_component>
      <object_component id="oc-104">
         <name>.text:_PWM_setHighSpeedClkDiv</name>
         <load_address>0x8770</load_address>
         <run_address>0x8770</run_address>
         <size>0x4</size>
         <input_file_ref idref="fl-12"/>
      </object_component>
      <object_component id="oc-108">
         <name>.text:_PWM_setLoadMode_CmpA</name>
         <load_address>0x8774</load_address>
         <run_address>0x8774</run_address>
         <size>0x4</size>
         <input_file_ref idref="fl-12"/>
      </object_component>
      <object_component id="oc-dc">
         <name>.text:_CPU_clearIntFlags</name>
         <load_address>0x8778</load_address>
         <run_address>0x8778</run_address>
         <size>0x3</size>
         <input_file_ref idref="fl-c"/>
      </object_component>
      <object_component id="oc-db">
         <name>.text:_CPU_disableGlobalInts</name>
         <load_address>0x877b</load_address>
         <run_address>0x877b</run_address>
         <size>0x3</size>
         <input_file_ref idref="fl-c"/>
      </object_component>
      <object_component id="oc-e5">
         <name>.text:_CPU_enableDebugInt</name>
         <load_address>0x877e</load_address>
         <run_address>0x877e</run_address>
         <size>0x3</size>
         <input_file_ref idref="fl-c"/>
      </object_component>
      <object_component id="oc-e4">
         <name>.text:_CPU_enableGlobalInts</name>
         <load_address>0x8781</load_address>
         <run_address>0x8781</run_address>
         <size>0x3</size>
         <input_file_ref idref="fl-c"/>
      </object_component>
      <object_component id="oc-d9">
         <name>.text:_PIE_disable</name>
         <load_address>0x8784</load_address>
         <run_address>0x8784</run_address>
         <size>0x3</size>
         <input_file_ref idref="fl-10"/>
      </object_component>
      <object_component id="oc-de">
         <name>.text:_PIE_enable</name>
         <load_address>0x8787</load_address>
         <run_address>0x8787</run_address>
         <size>0x3</size>
         <input_file_ref idref="fl-10"/>
      </object_component>
      <object_component id="oc-e3">
         <name>.text:_PIE_enableTimer0Int</name>
         <load_address>0x878a</load_address>
         <run_address>0x878a</run_address>
         <size>0x3</size>
         <input_file_ref idref="fl-10"/>
      </object_component>
      <object_component id="oc-119">
         <name>.text:_PLL_getClkStatus</name>
         <load_address>0x878d</load_address>
         <run_address>0x878d</run_address>
         <size>0x3</size>
         <input_file_ref idref="fl-11"/>
      </object_component>
      <object_component id="oc-11c">
         <name>.text:_PLL_getLockStatus</name>
         <load_address>0x8790</load_address>
         <run_address>0x8790</run_address>
         <size>0x3</size>
         <input_file_ref idref="fl-11"/>
      </object_component>
      <object_component id="oc-101">
         <name>.text:_PWM_disableCounterLoad</name>
         <load_address>0x8793</load_address>
         <run_address>0x8793</run_address>
         <size>0x3</size>
         <input_file_ref idref="fl-12"/>
      </object_component>
      <object_component id="oc-115">
         <name>.text:_PWM_setDeadBandFallingEdgeDelay</name>
         <load_address>0x8796</load_address>
         <run_address>0x8796</run_address>
         <size>0x3</size>
         <input_file_ref idref="fl-12"/>
      </object_component>
      <object_component id="oc-114">
         <name>.text:_PWM_setDeadBandRisingEdgeDelay</name>
         <load_address>0x8799</load_address>
         <run_address>0x8799</run_address>
         <size>0x3</size>
         <input_file_ref idref="fl-12"/>
      </object_component>
      <object_component id="oc-fe">
         <name>.text:_TIMER_enableInt</name>
         <load_address>0x879c</load_address>
         <run_address>0x879c</run_address>
         <size>0x3</size>
         <input_file_ref idref="fl-13"/>
      </object_component>
      <object_component id="oc-fc">
         <name>.text:_TIMER_reload</name>
         <load_address>0x879f</load_address>
         <run_address>0x879f</run_address>
         <size>0x3</size>
         <input_file_ref idref="fl-13"/>
      </object_component>
      <object_component id="oc-e7">
         <name>.text:_TIMER_start</name>
         <load_address>0x87a2</load_address>
         <run_address>0x87a2</run_address>
         <size>0x3</size>
         <input_file_ref idref="fl-13"/>
      </object_component>
      <object_component id="oc-f9">
         <name>.text:_TIMER_stop</name>
         <load_address>0x87a5</load_address>
         <run_address>0x87a5</run_address>
         <size>0x3</size>
         <input_file_ref idref="fl-13"/>
      </object_component>
      <object_component id="oc-103">
         <name>.text:_PWM_setCount</name>
         <load_address>0x87a8</load_address>
         <run_address>0x87a8</run_address>
         <size>0x2</size>
         <input_file_ref idref="fl-12"/>
      </object_component>
      <object_component id="oc-100">
         <name>.text:_PWM_setPeriod</name>
         <load_address>0x87aa</load_address>
         <run_address>0x87aa</run_address>
         <size>0x2</size>
         <input_file_ref idref="fl-12"/>
      </object_component>
      <object_component id="oc-102">
         <name>.text:_PWM_setPhase</name>
         <load_address>0x87ac</load_address>
         <run_address>0x87ac</run_address>
         <size>0x2</size>
         <input_file_ref idref="fl-12"/>
      </object_component>
      <object_component id="oc-fa">
         <name>.text:_TIMER_setPeriod</name>
         <load_address>0x87ae</load_address>
         <run_address>0x87ae</run_address>
         <size>0x2</size>
         <input_file_ref idref="fl-13"/>
      </object_component>
      <object_component id="oc-35">
         <name>.cinit</name>
         <load_address>0x50</load_address>
         <run_address>0x50</run_address>
         <size>0x87</size>
         <input_file_ref idref="fl-2"/>
      </object_component>
      <object_component id="oc-b5">
         <name>.cinit</name>
         <load_address>0xd7</load_address>
         <run_address>0xd7</run_address>
         <size>0xa</size>
         <input_file_ref idref="fl-17"/>
      </object_component>
      <object_component id="oc-118">
         <name>.cinit:__lock</name>
         <load_address>0xe1</load_address>
         <run_address>0xe1</run_address>
         <size>0x5</size>
         <input_file_ref idref="fl-18"/>
      </object_component>
      <object_component id="oc-11f">
         <name>.cinit:__unlock</name>
         <load_address>0xe6</load_address>
         <run_address>0xe6</run_address>
         <size>0x5</size>
         <input_file_ref idref="fl-18"/>
      </object_component>
      <object_component id="oc-af">
         <name>.reset</name>
         <load_address>0x3fffc0</load_address>
         <run_address>0x3fffc0</run_address>
         <size>0x2</size>
         <input_file_ref idref="fl-16"/>
      </object_component>
      <object_component id="oc-ae">
         <name>.stack</name>
         <uninitialized>true</uninitialized>
         <run_address>0x400</run_address>
         <size>0x0</size>
         <input_file_ref idref="fl-16"/>
      </object_component>
      <object_component id="oc-15a">
         <name>.stack</name>
         <uninitialized>true</uninitialized>
         <run_address>0x400</run_address>
         <size>0x0</size>
      </object_component>
      <object_component id="oc-36">
         <name>.ebss</name>
         <uninitialized>true</uninitialized>
         <run_address>0x700</run_address>
         <size>0x4a</size>
         <input_file_ref idref="fl-2"/>
      </object_component>
      <object_component id="oc-47">
         <name>.ebss</name>
         <uninitialized>true</uninitialized>
         <run_address>0x752</run_address>
         <size>0x1</size>
         <input_file_ref idref="fl-c"/>
      </object_component>
      <object_component id="oc-b6">
         <name>.ebss</name>
         <uninitialized>true</uninitialized>
         <run_address>0x74a</run_address>
         <size>0x4</size>
         <input_file_ref idref="fl-17"/>
      </object_component>
      <object_component id="oc-120">
         <name>.ebss:__unlock</name>
         <uninitialized>true</uninitialized>
         <run_address>0x750</run_address>
         <size>0x2</size>
         <input_file_ref idref="fl-18"/>
      </object_component>
      <object_component id="oc-117">
         <name>.ebss:__lock</name>
         <uninitialized>true</uninitialized>
         <run_address>0x74e</run_address>
         <size>0x2</size>
         <input_file_ref idref="fl-18"/>
      </object_component>
      <object_component id="oc-11d">
         <name>.econst:_PIE_tableDebugInit</name>
         <load_address>0x600</load_address>
         <run_address>0x600</run_address>
         <size>0x100</size>
         <input_file_ref idref="fl-10"/>
      </object_component>
      <object_component id="oc-34">
         <name>.debug_info</name>
         <load_address>0x0</load_address>
         <run_address>0x0</run_address>
         <size>0x7e2d</size>
         <input_file_ref idref="fl-2"/>
      </object_component>
      <object_component id="oc-3c">
         <name>.debug_info</name>
         <load_address>0x7e2d</load_address>
         <run_address>0x7e2d</run_address>
         <size>0x2a68</size>
         <input_file_ref idref="fl-a"/>
      </object_component>
      <object_component id="oc-41">
         <name>.debug_info</name>
         <load_address>0xa895</load_address>
         <run_address>0xa895</run_address>
         <size>0x1044</size>
         <input_file_ref idref="fl-b"/>
      </object_component>
      <object_component id="oc-46">
         <name>.debug_info</name>
         <load_address>0xb8d9</load_address>
         <run_address>0xb8d9</run_address>
         <size>0xa77</size>
         <input_file_ref idref="fl-c"/>
      </object_component>
      <object_component id="oc-4d">
         <name>.debug_info</name>
         <load_address>0xc350</load_address>
         <run_address>0xc350</run_address>
         <size>0x1eb</size>
         <input_file_ref idref="fl-d"/>
      </object_component>
      <object_component id="oc-51">
         <name>.debug_info</name>
         <load_address>0xc53b</load_address>
         <run_address>0xc53b</run_address>
         <size>0xc8c</size>
         <input_file_ref idref="fl-e"/>
      </object_component>
      <object_component id="oc-56">
         <name>.debug_info</name>
         <load_address>0xd1c7</load_address>
         <run_address>0xd1c7</run_address>
         <size>0x1df2</size>
         <input_file_ref idref="fl-f"/>
      </object_component>
      <object_component id="oc-5b">
         <name>.debug_info</name>
         <load_address>0xefb9</load_address>
         <run_address>0xefb9</run_address>
         <size>0x2f4f</size>
         <input_file_ref idref="fl-10"/>
      </object_component>
      <object_component id="oc-61">
         <name>.debug_info</name>
         <load_address>0x11f08</load_address>
         <run_address>0x11f08</run_address>
         <size>0xd6c</size>
         <input_file_ref idref="fl-11"/>
      </object_component>
      <object_component id="oc-66">
         <name>.debug_info</name>
         <load_address>0x12c74</load_address>
         <run_address>0x12c74</run_address>
         <size>0x4068</size>
         <input_file_ref idref="fl-12"/>
      </object_component>
      <object_component id="oc-6b">
         <name>.debug_info</name>
         <load_address>0x16cdc</load_address>
         <run_address>0x16cdc</run_address>
         <size>0xd58</size>
         <input_file_ref idref="fl-13"/>
      </object_component>
      <object_component id="oc-70">
         <name>.debug_info</name>
         <load_address>0x17a34</load_address>
         <run_address>0x17a34</run_address>
         <size>0x7a9</size>
         <input_file_ref idref="fl-14"/>
      </object_component>
      <object_component id="oc-75">
         <name>.debug_info</name>
         <load_address>0x181dd</load_address>
         <run_address>0x181dd</run_address>
         <size>0x2d3e</size>
         <input_file_ref idref="fl-15"/>
      </object_component>
      <object_component id="oc-b0">
         <name>.debug_info</name>
         <load_address>0x1af1b</load_address>
         <run_address>0x1af1b</run_address>
         <size>0x112</size>
         <input_file_ref idref="fl-16"/>
      </object_component>
      <object_component id="oc-b4">
         <name>.debug_info</name>
         <load_address>0x1b02d</load_address>
         <run_address>0x1b02d</run_address>
         <size>0x407</size>
         <input_file_ref idref="fl-17"/>
      </object_component>
      <object_component id="oc-bb">
         <name>.debug_info</name>
         <load_address>0x1b434</load_address>
         <run_address>0x1b434</run_address>
         <size>0x431</size>
         <input_file_ref idref="fl-18"/>
      </object_component>
      <object_component id="oc-c0">
         <name>.debug_info</name>
         <load_address>0x1b865</load_address>
         <run_address>0x1b865</run_address>
         <size>0x3fe</size>
         <input_file_ref idref="fl-19"/>
      </object_component>
      <object_component id="oc-15d">
         <name>.debug_info</name>
         <load_address>0x1bc63</load_address>
         <run_address>0x1bc63</run_address>
         <size>0xab</size>
      </object_component>
      <object_component id="oc-38">
         <name>.debug_frame</name>
         <load_address>0x0</load_address>
         <run_address>0x0</run_address>
         <size>0x358</size>
         <input_file_ref idref="fl-2"/>
      </object_component>
      <object_component id="oc-3d">
         <name>.debug_frame</name>
         <load_address>0x358</load_address>
         <run_address>0x358</run_address>
         <size>0x188</size>
         <input_file_ref idref="fl-a"/>
      </object_component>
      <object_component id="oc-42">
         <name>.debug_frame</name>
         <load_address>0x4e0</load_address>
         <run_address>0x4e0</run_address>
         <size>0xe0</size>
         <input_file_ref idref="fl-b"/>
      </object_component>
      <object_component id="oc-48">
         <name>.debug_frame</name>
         <load_address>0x5c0</load_address>
         <run_address>0x5c0</run_address>
         <size>0xe0</size>
         <input_file_ref idref="fl-c"/>
      </object_component>
      <object_component id="oc-52">
         <name>.debug_frame</name>
         <load_address>0x6a0</load_address>
         <run_address>0x6a0</run_address>
         <size>0x77</size>
         <input_file_ref idref="fl-e"/>
      </object_component>
      <object_component id="oc-57">
         <name>.debug_frame</name>
         <load_address>0x717</load_address>
         <run_address>0x717</run_address>
         <size>0xf5</size>
         <input_file_ref idref="fl-f"/>
      </object_component>
      <object_component id="oc-5d">
         <name>.debug_frame</name>
         <load_address>0x80c</load_address>
         <run_address>0x80c</run_address>
         <size>0x134</size>
         <input_file_ref idref="fl-10"/>
      </object_component>
      <object_component id="oc-62">
         <name>.debug_frame</name>
         <load_address>0x940</load_address>
         <run_address>0x940</run_address>
         <size>0xe0</size>
         <input_file_ref idref="fl-11"/>
      </object_component>
      <object_component id="oc-67">
         <name>.debug_frame</name>
         <load_address>0xa20</load_address>
         <run_address>0xa20</run_address>
         <size>0x25a</size>
         <input_file_ref idref="fl-12"/>
      </object_component>
      <object_component id="oc-6c">
         <name>.debug_frame</name>
         <load_address>0xc7a</load_address>
         <run_address>0xc7a</run_address>
         <size>0x10a</size>
         <input_file_ref idref="fl-13"/>
      </object_component>
      <object_component id="oc-71">
         <name>.debug_frame</name>
         <load_address>0xd84</load_address>
         <run_address>0xd84</run_address>
         <size>0x8c</size>
         <input_file_ref idref="fl-14"/>
      </object_component>
      <object_component id="oc-a9">
         <name>.debug_frame</name>
         <load_address>0xe10</load_address>
         <run_address>0xe10</run_address>
         <size>0x491</size>
         <input_file_ref idref="fl-15"/>
      </object_component>
      <object_component id="oc-b7">
         <name>.debug_frame</name>
         <load_address>0x12a1</load_address>
         <run_address>0x12a1</run_address>
         <size>0x95</size>
         <input_file_ref idref="fl-17"/>
      </object_component>
      <object_component id="oc-bc">
         <name>.debug_frame</name>
         <load_address>0x1336</load_address>
         <run_address>0x1336</run_address>
         <size>0xa1</size>
         <input_file_ref idref="fl-18"/>
      </object_component>
      <object_component id="oc-c1">
         <name>.debug_frame</name>
         <load_address>0x13d7</load_address>
         <run_address>0x13d7</run_address>
         <size>0x77</size>
         <input_file_ref idref="fl-19"/>
      </object_component>
      <object_component id="oc-39">
         <name>.debug_line</name>
         <load_address>0x0</load_address>
         <run_address>0x0</run_address>
         <size>0x4b8</size>
         <input_file_ref idref="fl-2"/>
      </object_component>
      <object_component id="oc-3e">
         <name>.debug_line</name>
         <load_address>0x4b8</load_address>
         <run_address>0x4b8</run_address>
         <size>0x230</size>
         <input_file_ref idref="fl-a"/>
      </object_component>
      <object_component id="oc-43">
         <name>.debug_line</name>
         <load_address>0x6e8</load_address>
         <run_address>0x6e8</run_address>
         <size>0x119</size>
         <input_file_ref idref="fl-b"/>
      </object_component>
      <object_component id="oc-49">
         <name>.debug_line</name>
         <load_address>0x801</load_address>
         <run_address>0x801</run_address>
         <size>0xfb</size>
         <input_file_ref idref="fl-c"/>
      </object_component>
      <object_component id="oc-4e">
         <name>.debug_line</name>
         <load_address>0x8fc</load_address>
         <run_address>0x8fc</run_address>
         <size>0x9d</size>
         <input_file_ref idref="fl-d"/>
      </object_component>
      <object_component id="oc-53">
         <name>.debug_line</name>
         <load_address>0x999</load_address>
         <run_address>0x999</run_address>
         <size>0x84</size>
         <input_file_ref idref="fl-e"/>
      </object_component>
      <object_component id="oc-58">
         <name>.debug_line</name>
         <load_address>0xa1d</load_address>
         <run_address>0xa1d</run_address>
         <size>0x1ac</size>
         <input_file_ref idref="fl-f"/>
      </object_component>
      <object_component id="oc-5e">
         <name>.debug_line</name>
         <load_address>0xbc9</load_address>
         <run_address>0xbc9</run_address>
         <size>0x19f</size>
         <input_file_ref idref="fl-10"/>
      </object_component>
      <object_component id="oc-63">
         <name>.debug_line</name>
         <load_address>0xd68</load_address>
         <run_address>0xd68</run_address>
         <size>0x123</size>
         <input_file_ref idref="fl-11"/>
      </object_component>
      <object_component id="oc-68">
         <name>.debug_line</name>
         <load_address>0xe8b</load_address>
         <run_address>0xe8b</run_address>
         <size>0x316</size>
         <input_file_ref idref="fl-12"/>
      </object_component>
      <object_component id="oc-6d">
         <name>.debug_line</name>
         <load_address>0x11a1</load_address>
         <run_address>0x11a1</run_address>
         <size>0x148</size>
         <input_file_ref idref="fl-13"/>
      </object_component>
      <object_component id="oc-72">
         <name>.debug_line</name>
         <load_address>0x12e9</load_address>
         <run_address>0x12e9</run_address>
         <size>0xa3</size>
         <input_file_ref idref="fl-14"/>
      </object_component>
      <object_component id="oc-aa">
         <name>.debug_line</name>
         <load_address>0x138c</load_address>
         <run_address>0x138c</run_address>
         <size>0x4fb</size>
         <input_file_ref idref="fl-15"/>
      </object_component>
      <object_component id="oc-b1">
         <name>.debug_line</name>
         <load_address>0x1887</load_address>
         <run_address>0x1887</run_address>
         <size>0x73</size>
         <input_file_ref idref="fl-16"/>
      </object_component>
      <object_component id="oc-b8">
         <name>.debug_line</name>
         <load_address>0x18fa</load_address>
         <run_address>0x18fa</run_address>
         <size>0x5d</size>
         <input_file_ref idref="fl-17"/>
      </object_component>
      <object_component id="oc-bd">
         <name>.debug_line</name>
         <load_address>0x1957</load_address>
         <run_address>0x1957</run_address>
         <size>0x5e</size>
         <input_file_ref idref="fl-18"/>
      </object_component>
      <object_component id="oc-c2">
         <name>.debug_line</name>
         <load_address>0x19b5</load_address>
         <run_address>0x19b5</run_address>
         <size>0x59</size>
         <input_file_ref idref="fl-19"/>
      </object_component>
      <object_component id="oc-3a">
         <name>.debug_abbrev</name>
         <load_address>0x0</load_address>
         <run_address>0x0</run_address>
         <size>0x249</size>
         <input_file_ref idref="fl-2"/>
      </object_component>
      <object_component id="oc-3f">
         <name>.debug_abbrev</name>
         <load_address>0x249</load_address>
         <run_address>0x249</run_address>
         <size>0x191</size>
         <input_file_ref idref="fl-a"/>
      </object_component>
      <object_component id="oc-44">
         <name>.debug_abbrev</name>
         <load_address>0x3da</load_address>
         <run_address>0x3da</run_address>
         <size>0x174</size>
         <input_file_ref idref="fl-b"/>
      </object_component>
      <object_component id="oc-4a">
         <name>.debug_abbrev</name>
         <load_address>0x54e</load_address>
         <run_address>0x54e</run_address>
         <size>0x11b</size>
         <input_file_ref idref="fl-c"/>
      </object_component>
      <object_component id="oc-4f">
         <name>.debug_abbrev</name>
         <load_address>0x669</load_address>
         <run_address>0x669</run_address>
         <size>0x21</size>
         <input_file_ref idref="fl-d"/>
      </object_component>
      <object_component id="oc-54">
         <name>.debug_abbrev</name>
         <load_address>0x68a</load_address>
         <run_address>0x68a</run_address>
         <size>0x16e</size>
         <input_file_ref idref="fl-e"/>
      </object_component>
      <object_component id="oc-59">
         <name>.debug_abbrev</name>
         <load_address>0x7f8</load_address>
         <run_address>0x7f8</run_address>
         <size>0x16b</size>
         <input_file_ref idref="fl-f"/>
      </object_component>
      <object_component id="oc-5f">
         <name>.debug_abbrev</name>
         <load_address>0x963</load_address>
         <run_address>0x963</run_address>
         <size>0x1d9</size>
         <input_file_ref idref="fl-10"/>
      </object_component>
      <object_component id="oc-64">
         <name>.debug_abbrev</name>
         <load_address>0xb3c</load_address>
         <run_address>0xb3c</run_address>
         <size>0x182</size>
         <input_file_ref idref="fl-11"/>
      </object_component>
      <object_component id="oc-69">
         <name>.debug_abbrev</name>
         <load_address>0xcbe</load_address>
         <run_address>0xcbe</run_address>
         <size>0x176</size>
         <input_file_ref idref="fl-12"/>
      </object_component>
      <object_component id="oc-6e">
         <name>.debug_abbrev</name>
         <load_address>0xe34</load_address>
         <run_address>0xe34</run_address>
         <size>0x11b</size>
         <input_file_ref idref="fl-13"/>
      </object_component>
      <object_component id="oc-73">
         <name>.debug_abbrev</name>
         <load_address>0xf4f</load_address>
         <run_address>0xf4f</run_address>
         <size>0x11d</size>
         <input_file_ref idref="fl-14"/>
      </object_component>
      <object_component id="oc-ab">
         <name>.debug_abbrev</name>
         <load_address>0x106c</load_address>
         <run_address>0x106c</run_address>
         <size>0xb6</size>
         <input_file_ref idref="fl-15"/>
      </object_component>
      <object_component id="oc-b2">
         <name>.debug_abbrev</name>
         <load_address>0x1122</load_address>
         <run_address>0x1122</run_address>
         <size>0x45</size>
         <input_file_ref idref="fl-16"/>
      </object_component>
      <object_component id="oc-b9">
         <name>.debug_abbrev</name>
         <load_address>0x1167</load_address>
         <run_address>0x1167</run_address>
         <size>0x117</size>
         <input_file_ref idref="fl-17"/>
      </object_component>
      <object_component id="oc-be">
         <name>.debug_abbrev</name>
         <load_address>0x127e</load_address>
         <run_address>0x127e</run_address>
         <size>0xb2</size>
         <input_file_ref idref="fl-18"/>
      </object_component>
      <object_component id="oc-c3">
         <name>.debug_abbrev</name>
         <load_address>0x1330</load_address>
         <run_address>0x1330</run_address>
         <size>0xfe</size>
         <input_file_ref idref="fl-19"/>
      </object_component>
      <object_component id="oc-15e">
         <name>.debug_abbrev</name>
         <load_address>0x142e</load_address>
         <run_address>0x142e</run_address>
         <size>0xf</size>
      </object_component>
      <object_component id="oc-3b">
         <name>.debug_aranges</name>
         <load_address>0x0</load_address>
         <run_address>0x0</run_address>
         <size>0xc8</size>
         <input_file_ref idref="fl-2"/>
      </object_component>
      <object_component id="oc-40">
         <name>.debug_aranges</name>
         <load_address>0xc8</load_address>
         <run_address>0xc8</run_address>
         <size>0x88</size>
         <input_file_ref idref="fl-a"/>
      </object_component>
      <object_component id="oc-45">
         <name>.debug_aranges</name>
         <load_address>0x150</load_address>
         <run_address>0x150</run_address>
         <size>0x48</size>
         <input_file_ref idref="fl-b"/>
      </object_component>
      <object_component id="oc-4b">
         <name>.debug_aranges</name>
         <load_address>0x198</load_address>
         <run_address>0x198</run_address>
         <size>0x48</size>
         <input_file_ref idref="fl-c"/>
      </object_component>
      <object_component id="oc-50">
         <name>.debug_aranges</name>
         <load_address>0x1e0</load_address>
         <run_address>0x1e0</run_address>
         <size>0x28</size>
         <input_file_ref idref="fl-d"/>
      </object_component>
      <object_component id="oc-55">
         <name>.debug_aranges</name>
         <load_address>0x208</load_address>
         <run_address>0x208</run_address>
         <size>0x20</size>
         <input_file_ref idref="fl-e"/>
      </object_component>
      <object_component id="oc-5a">
         <name>.debug_aranges</name>
         <load_address>0x228</load_address>
         <run_address>0x228</run_address>
         <size>0x50</size>
         <input_file_ref idref="fl-f"/>
      </object_component>
      <object_component id="oc-60">
         <name>.debug_aranges</name>
         <load_address>0x278</load_address>
         <run_address>0x278</run_address>
         <size>0x68</size>
         <input_file_ref idref="fl-10"/>
      </object_component>
      <object_component id="oc-65">
         <name>.debug_aranges</name>
         <load_address>0x2e0</load_address>
         <run_address>0x2e0</run_address>
         <size>0x48</size>
         <input_file_ref idref="fl-11"/>
      </object_component>
      <object_component id="oc-6a">
         <name>.debug_aranges</name>
         <load_address>0x328</load_address>
         <run_address>0x328</run_address>
         <size>0xd8</size>
         <input_file_ref idref="fl-12"/>
      </object_component>
      <object_component id="oc-6f">
         <name>.debug_aranges</name>
         <load_address>0x400</load_address>
         <run_address>0x400</run_address>
         <size>0x58</size>
         <input_file_ref idref="fl-13"/>
      </object_component>
      <object_component id="oc-74">
         <name>.debug_aranges</name>
         <load_address>0x458</load_address>
         <run_address>0x458</run_address>
         <size>0x28</size>
         <input_file_ref idref="fl-14"/>
      </object_component>
      <object_component id="oc-ac">
         <name>.debug_aranges</name>
         <load_address>0x480</load_address>
         <run_address>0x480</run_address>
         <size>0x1b0</size>
         <input_file_ref idref="fl-15"/>
      </object_component>
      <object_component id="oc-b3">
         <name>.debug_aranges</name>
         <load_address>0x630</load_address>
         <run_address>0x630</run_address>
         <size>0x20</size>
         <input_file_ref idref="fl-16"/>
      </object_component>
      <object_component id="oc-ba">
         <name>.debug_aranges</name>
         <load_address>0x650</load_address>
         <run_address>0x650</run_address>
         <size>0x28</size>
         <input_file_ref idref="fl-17"/>
      </object_component>
      <object_component id="oc-bf">
         <name>.debug_aranges</name>
         <load_address>0x678</load_address>
         <run_address>0x678</run_address>
         <size>0x30</size>
         <input_file_ref idref="fl-18"/>
      </object_component>
      <object_component id="oc-c4">
         <name>.debug_aranges</name>
         <load_address>0x6a8</load_address>
         <run_address>0x6a8</run_address>
         <size>0x20</size>
         <input_file_ref idref="fl-19"/>
      </object_component>
   </object_component_list>
   <logical_group_list>
      <logical_group id="lg-3" display="no" color="cyan">
         <name>PieVectTableFile</name>
         <run_address>0x0</run_address>
         <size>0x0</size>
         <contents>
         </contents>
      </logical_group>
      <logical_group id="lg-5" display="no" color="cyan">
         <name>EmuKeyVar</name>
         <run_address>0x0</run_address>
         <size>0x0</size>
         <contents>
         </contents>
      </logical_group>
      <logical_group id="lg-6" display="no" color="cyan">
         <name>EmuBModeVar</name>
         <run_address>0x0</run_address>
         <size>0x0</size>
         <contents>
         </contents>
      </logical_group>
      <logical_group id="lg-7" display="no" color="cyan">
         <name>FlashCallbackVar</name>
         <run_address>0x0</run_address>
         <size>0x0</size>
         <contents>
         </contents>
      </logical_group>
      <logical_group id="lg-8" display="no" color="cyan">
         <name>FlashScalingVar</name>
         <run_address>0x0</run_address>
         <size>0x0</size>
         <contents>
         </contents>
      </logical_group>
      <logical_group id="lg-4" display="no" color="cyan">
         <name>GROUP_2</name>
         <run_address>0x0</run_address>
         <size>0x0</size>
         <contents>
            <logical_group_ref idref="lg-5"/>
            <logical_group_ref idref="lg-6"/>
            <logical_group_ref idref="lg-7"/>
            <logical_group_ref idref="lg-8"/>
         </contents>
      </logical_group>
      <overlay id="lg-2" display="no" color="cyan">
         <name>UNION_1</name>
         <run_address>0x0</run_address>
         <size>0x0</size>
         <contents>
            <logical_group_ref idref="lg-3"/>
            <logical_group_ref idref="lg-4"/>
         </contents>
      </overlay>
      <logical_group id="lg-9" display="no" color="cyan">
         <name>DevEmuRegsFile</name>
         <run_address>0x0</run_address>
         <size>0x0</size>
         <contents>
         </contents>
      </logical_group>
      <logical_group id="lg-a" display="no" color="cyan">
         <name>SysPwrCtrlRegsFile</name>
         <run_address>0x0</run_address>
         <size>0x0</size>
         <contents>
         </contents>
      </logical_group>
      <logical_group id="lg-b" display="no" color="cyan">
         <name>FlashRegsFile</name>
         <run_address>0x0</run_address>
         <size>0x0</size>
         <contents>
         </contents>
      </logical_group>
      <logical_group id="lg-c" display="no" color="cyan">
         <name>CsmRegsFile</name>
         <run_address>0x0</run_address>
         <size>0x0</size>
         <contents>
         </contents>
      </logical_group>
      <logical_group id="lg-d" display="no" color="cyan">
         <name>AdcResultFile</name>
         <run_address>0x0</run_address>
         <size>0x0</size>
         <contents>
         </contents>
      </logical_group>
      <logical_group id="lg-e" display="no" color="cyan">
         <name>CpuTimer0RegsFile</name>
         <run_address>0x0</run_address>
         <size>0x0</size>
         <contents>
         </contents>
      </logical_group>
      <logical_group id="lg-f" display="no" color="cyan">
         <name>CpuTimer1RegsFile</name>
         <run_address>0x0</run_address>
         <size>0x0</size>
         <contents>
         </contents>
      </logical_group>
      <logical_group id="lg-10" display="no" color="cyan">
         <name>CpuTimer2RegsFile</name>
         <run_address>0x0</run_address>
         <size>0x0</size>
         <contents>
         </contents>
      </logical_group>
      <logical_group id="lg-11" display="no" color="cyan">
         <name>PieCtrlRegsFile</name>
         <run_address>0x0</run_address>
         <size>0x0</size>
         <contents>
         </contents>
      </logical_group>
      <logical_group id="lg-12" display="no" color="cyan">
         <name>ECap1RegsFile</name>
         <run_address>0x0</run_address>
         <size>0x0</size>
         <contents>
         </contents>
      </logical_group>
      <logical_group id="lg-13" display="no" color="cyan">
         <name>GpioCtrlRegsFile</name>
         <run_address>0x0</run_address>
         <size>0x0</size>
         <contents>
         </contents>
      </logical_group>
      <logical_group id="lg-14" display="no" color="cyan">
         <name>GpioDataRegsFile</name>
         <run_address>0x0</run_address>
         <size>0x0</size>
         <contents>
         </contents>
      </logical_group>
      <logical_group id="lg-15" display="no" color="cyan">
         <name>GpioIntRegsFile</name>
         <run_address>0x0</run_address>
         <size>0x0</size>
         <contents>
         </contents>
      </logical_group>
      <logical_group id="lg-16" display="no" color="cyan">
         <name>SysCtrlRegsFile</name>
         <run_address>0x0</run_address>
         <size>0x0</size>
         <contents>
         </contents>
      </logical_group>
      <logical_group id="lg-17" display="no" color="cyan">
         <name>SpiaRegsFile</name>
         <run_address>0x0</run_address>
         <size>0x0</size>
         <contents>
         </contents>
      </logical_group>
      <logical_group id="lg-18" display="no" color="cyan">
         <name>SciaRegsFile</name>
         <run_address>0x0</run_address>
         <size>0x0</size>
         <contents>
         </contents>
      </logical_group>
      <logical_group id="lg-19" display="no" color="cyan">
         <name>NmiIntruptRegsFile</name>
         <run_address>0x0</run_address>
         <size>0x0</size>
         <contents>
         </contents>
      </logical_group>
      <logical_group id="lg-1a" display="no" color="cyan">
         <name>XIntruptRegsFile</name>
         <run_address>0x0</run_address>
         <size>0x0</size>
         <contents>
         </contents>
      </logical_group>
      <logical_group id="lg-1b" display="no" color="cyan">
         <name>AdcRegsFile</name>
         <run_address>0x0</run_address>
         <size>0x0</size>
         <contents>
         </contents>
      </logical_group>
      <logical_group id="lg-1c" display="no" color="cyan">
         <name>I2caRegsFile</name>
         <run_address>0x0</run_address>
         <size>0x0</size>
         <contents>
         </contents>
      </logical_group>
      <logical_group id="lg-1d" display="no" color="cyan">
         <name>Comp1RegsFile</name>
         <run_address>0x0</run_address>
         <size>0x0</size>
         <contents>
         </contents>
      </logical_group>
      <logical_group id="lg-1e" display="no" color="cyan">
         <name>Comp2RegsFile</name>
         <run_address>0x0</run_address>
         <size>0x0</size>
         <contents>
         </contents>
      </logical_group>
      <logical_group id="lg-1f" display="no" color="cyan">
         <name>EPwm1RegsFile</name>
         <run_address>0x0</run_address>
         <size>0x0</size>
         <contents>
         </contents>
      </logical_group>
      <logical_group id="lg-20" display="no" color="cyan">
         <name>EPwm2RegsFile</name>
         <run_address>0x0</run_address>
         <size>0x0</size>
         <contents>
         </contents>
      </logical_group>
      <logical_group id="lg-21" display="no" color="cyan">
         <name>EPwm3RegsFile</name>
         <run_address>0x0</run_address>
         <size>0x0</size>
         <contents>
         </contents>
      </logical_group>
      <logical_group id="lg-22" display="no" color="cyan">
         <name>EPwm4RegsFile</name>
         <run_address>0x0</run_address>
         <size>0x0</size>
         <contents>
         </contents>
      </logical_group>
      <logical_group id="lg-23" display="no" color="cyan">
         <name>CsmPwlFile</name>
         <run_address>0x0</run_address>
         <size>0x0</size>
         <contents>
         </contents>
      </logical_group>
      <logical_group id="lg-24" display="no" color="cyan">
         <name>PartIdRegsFile</name>
         <run_address>0x0</run_address>
         <size>0x0</size>
         <contents>
         </contents>
      </logical_group>
      <logical_group id="lg-25" display="no" color="cyan">
         <name>codestart</name>
         <load_address>0x0</load_address>
         <run_address>0x0</run_address>
         <size>0x2</size>
         <contents>
            <object_component_ref idref="oc-33"/>
         </contents>
      </logical_group>
      <logical_group id="lg-26" display="no" color="cyan">
         <name>ramfuncs</name>
         <run_address>0x0</run_address>
         <size>0x0</size>
         <contents>
         </contents>
      </logical_group>
      <logical_group id="lg-15b" display="no" color="cyan">
         <name>.text.1</name>
         <load_address>0xed</load_address>
         <run_address>0xed</run_address>
         <size>0x313</size>
         <contents>
            <object_component_ref idref="oc-37"/>
            <object_component_ref idref="oc-f7"/>
            <object_component_ref idref="oc-ad"/>
            <object_component_ref idref="oc-f8"/>
            <object_component_ref idref="oc-f6"/>
            <object_component_ref idref="oc-f1"/>
            <object_component_ref idref="oc-f2"/>
            <object_component_ref idref="oc-c9"/>
            <object_component_ref idref="oc-ca"/>
            <object_component_ref idref="oc-f0"/>
            <object_component_ref idref="oc-d8"/>
            <object_component_ref idref="oc-c7"/>
            <object_component_ref idref="oc-c8"/>
            <object_component_ref idref="oc-c5"/>
            <object_component_ref idref="oc-e1"/>
            <object_component_ref idref="oc-fb"/>
            <object_component_ref idref="oc-f3"/>
            <object_component_ref idref="oc-f5"/>
            <object_component_ref idref="oc-f4"/>
            <object_component_ref idref="oc-ec"/>
         </contents>
      </logical_group>
      <logical_group id="lg-15c" display="no" color="cyan">
         <name>.text.2</name>
         <load_address>0x8000</load_address>
         <run_address>0x8000</run_address>
         <size>0x7b0</size>
         <contents>
            <object_component_ref idref="oc-c6"/>
            <object_component_ref idref="oc-ef"/>
            <object_component_ref idref="oc-ed"/>
            <object_component_ref idref="oc-da"/>
            <object_component_ref idref="oc-dd"/>
            <object_component_ref idref="oc-df"/>
            <object_component_ref idref="oc-e0"/>
            <object_component_ref idref="oc-e9"/>
            <object_component_ref idref="oc-ea"/>
            <object_component_ref idref="oc-ee"/>
            <object_component_ref idref="oc-cb"/>
            <object_component_ref idref="oc-eb"/>
            <object_component_ref idref="oc-e6"/>
            <object_component_ref idref="oc-d0"/>
            <object_component_ref idref="oc-e8"/>
            <object_component_ref idref="oc-10b"/>
            <object_component_ref idref="oc-10d"/>
            <object_component_ref idref="oc-110"/>
            <object_component_ref idref="oc-10f"/>
            <object_component_ref idref="oc-11e"/>
            <object_component_ref idref="oc-cc"/>
            <object_component_ref idref="oc-ce"/>
            <object_component_ref idref="oc-cf"/>
            <object_component_ref idref="oc-d1"/>
            <object_component_ref idref="oc-d2"/>
            <object_component_ref idref="oc-d4"/>
            <object_component_ref idref="oc-d5"/>
            <object_component_ref idref="oc-d3"/>
            <object_component_ref idref="oc-4c"/>
            <object_component_ref idref="oc-d6"/>
            <object_component_ref idref="oc-116"/>
            <object_component_ref idref="oc-d7"/>
            <object_component_ref idref="oc-11a"/>
            <object_component_ref idref="oc-10a"/>
            <object_component_ref idref="oc-10c"/>
[...]
         <value>0x371</value>
         <object_component_ref idref="oc-c8"/>
      </symbol>
      <symbol id="sm-19b">
         <name>_GPIO_toggle</name>
         <value>0x385</value>
         <object_component_ref idref="oc-c5"/>
      </symbol>
      <symbol id="sm-19c">
         <name>_GPIO_setMode</name>
         <value>0x1dd</value>
         <object_component_ref idref="oc-f7"/>
      </symbol>
      <symbol id="sm-19d">
         <name>_GPIO_init</name>
         <value>0x85c3</value>
         <object_component_ref idref="oc-cf"/>
      </symbol>
      <symbol id="sm-19e">
         <name>_GPIO_setPullUp</name>
         <value>0x292</value>
         <object_component_ref idref="oc-f6"/>
      </symbol>
      <symbol id="sm-19f">
         <name>_GPIO_setDirection</name>
         <value>0x269</value>
         <object_component_ref idref="oc-f8"/>
      </symbol>
      <symbol id="sm-1a0">
         <name>_GPIO_setHigh</name>
         <value>0x35d</value>
         <object_component_ref idref="oc-c7"/>
      </symbol>
      <symbol id="sm-1ca">
         <name>_PIE_enable</name>
         <value>0x8787</value>
         <object_component_ref idref="oc-de"/>
      </symbol>
      <symbol id="sm-1cb">
         <name>_PIE_enableAdcInt</name>
         <value>0x399</value>
         <object_component_ref idref="oc-e1"/>
      </symbol>
      <symbol id="sm-1cc">
         <name>_PIE_registerSystemIntHandler</name>
         <value>0x852c</value>
         <object_component_ref idref="oc-e0"/>
      </symbol>
      <symbol id="sm-1cd">
         <name>_PIE_disableAllInts</name>
         <value>0x84fb</value>
         <object_component_ref idref="oc-da"/>
      </symbol>
      <symbol id="sm-1ce">
         <name>_PIE_disable</name>
         <value>0x8784</value>
         <object_component_ref idref="oc-d9"/>
      </symbol>
      <symbol id="sm-1cf">
         <name>_PIE_illegalIsr</name>
         <value>0x86e4</value>
         <object_component_ref idref="oc-5c"/>
      </symbol>
      <symbol id="sm-1d0">
         <name>_PIE_enableTimer0Int</name>
         <value>0x878a</value>
         <object_component_ref idref="oc-e3"/>
      </symbol>
      <symbol id="sm-1d1">
         <name>_PIE_registerPieIntHandler</name>
         <value>0x851d</value>
         <object_component_ref idref="oc-df"/>
      </symbol>
      <symbol id="sm-1d2">
         <name>_PIE_init</name>
         <value>0x8573</value>
         <object_component_ref idref="oc-d0"/>
      </symbol>
      <symbol id="sm-1d3">
         <name>_PIE_setDebugIntVectorTable</name>
         <value>0x850c</value>
         <object_component_ref idref="oc-dd"/>
      </symbol>
      <symbol id="sm-1d4">
         <name>_PIE_tableDebugInit</name>
         <value>0x600</value>
         <object_component_ref idref="oc-11d"/>
      </symbol>
      <symbol id="sm-1ef">
         <name>_PLL_getClkStatus</name>
         <value>0x878d</value>
         <object_component_ref idref="oc-119"/>
      </symbol>
      <symbol id="sm-1f0">
         <name>_PLL_setDivider</name>
         <value>0x8610</value>
         <object_component_ref idref="oc-11a"/>
      </symbol>
      <symbol id="sm-1f1">
         <name>_PLL_init</name>
         <value>0x85cb</value>
         <object_component_ref idref="oc-d1"/>
      </symbol>
      <symbol id="sm-1f2">
         <name>_PLL_getLockStatus</name>
         <value>0x8790</value>
         <object_component_ref idref="oc-11c"/>
      </symbol>
      <symbol id="sm-1f3">
         <name>_PLL_setup</name>
         <value>0x348</value>
         <object_component_ref idref="oc-d8"/>
      </symbol>
      <symbol id="sm-1f4">
         <name>_PLL_setMultiplier</name>
         <value>0x863a</value>
         <object_component_ref idref="oc-11b"/>
      </symbol>
      <symbol id="sm-231">
         <name>_PWM_setPeriod</name>
         <value>0x87aa</value>
         <object_component_ref idref="oc-100"/>
      </symbol>
      <symbol id="sm-232">
         <name>_PWM_setHighSpeedClkDiv</name>
         <value>0x8770</value>
         <object_component_ref idref="oc-104"/>
      </symbol>
      <symbol id="sm-233">
         <name>_PWM_init</name>
         <value>0x85d3</value>
         <object_component_ref idref="oc-d2"/>
      </symbol>
      <symbol id="sm-234">
         <name>_PWM_setShadowMode_CmpA</name>
         <value>0x8646</value>
         <object_component_ref idref="oc-106"/>
      </symbol>
      <symbol id="sm-235">
         <name>_PWM_setShadowMode_CmpB</name>
         <value>0x864c</value>
         <object_component_ref idref="oc-107"/>
      </symbol>
      <symbol id="sm-236">
         <name>_PWM_setSocAPeriod</name>
         <value>0x8598</value>
         <object_component_ref idref="oc-110"/>
      </symbol>
      <symbol id="sm-237">
         <name>_PWM_setDeadBandFallingEdgeDelay</name>
         <value>0x8796</value>
         <object_component_ref idref="oc-115"/>
      </symbol>
      <symbol id="sm-238">
         <name>_PWM_setActionQual_Zero_PwmB</name>
         <value>0x861e</value>
         <object_component_ref idref="oc-10c"/>
      </symbol>
      <symbol id="sm-239">
         <name>_PWM_setActionQual_Zero_PwmA</name>
         <value>0x8617</value>
         <object_component_ref idref="oc-10a"/>
      </symbol>
      <symbol id="sm-23a">
         <name>_PWM_setPhase</name>
         <value>0x87ac</value>
         <object_component_ref idref="oc-102"/>
      </symbol>
      <symbol id="sm-23b">
         <name>_PWM_setDeadBandPolarity</name>
         <value>0x8633</value>
         <object_component_ref idref="oc-112"/>
      </symbol>
      <symbol id="sm-23c">
         <name>_PWM_setLoadMode_CmpB</name>
         <value>0x8640</value>
         <object_component_ref idref="oc-109"/>
      </symbol>
      <symbol id="sm-23d">
         <name>_PWM_setLoadMode_CmpA</name>
         <value>0x8774</value>
         <object_component_ref idref="oc-108"/>
      </symbol>
      <symbol id="sm-23e">
         <name>_PWM_disableCounterLoad</name>
         <value>0x8793</value>
         <object_component_ref idref="oc-101"/>
      </symbol>
      <symbol id="sm-23f">
         <name>_PWM_setDeadBandOutputMode</name>
         <value>0x862c</value>
         <object_component_ref idref="oc-111"/>
      </symbol>
      <symbol id="sm-240">
         <name>_PWM_setActionQual_CntUp_CmpA_PwmA</name>
         <value>0x8586</value>
         <object_component_ref idref="oc-10b"/>
      </symbol>
      <symbol id="sm-241">
         <name>_PWM_setActionQual_CntUp_CmpB_PwmB</name>
         <value>0x858f</value>
         <object_component_ref idref="oc-10d"/>
      </symbol>
      <symbol id="sm-242">
         <name>_PWM_setDeadBandInputMode</name>
         <value>0x8625</value>
         <object_component_ref idref="oc-113"/>
      </symbol>
      <symbol id="sm-243">
         <name>_PWM_enableSocAPulse</name>
         <value>0x8764</value>
         <object_component_ref idref="oc-10e"/>
      </symbol>
      <symbol id="sm-244">
         <name>_PWM_setClkDiv</name>
         <value>0x8768</value>
         <object_component_ref idref="oc-105"/>
      </symbol>
      <symbol id="sm-245">
         <name>_PWM_setCounterMode</name>
         <value>0x876c</value>
         <object_component_ref idref="oc-ff"/>
      </symbol>
      <symbol id="sm-246">
         <name>_PWM_setDeadBandRisingEdgeDelay</name>
         <value>0x8799</value>
         <object_component_ref idref="oc-114"/>
      </symbol>
      <symbol id="sm-247">
         <name>_PWM_setSocAPulseSrc</name>
         <value>0x85a1</value>
         <object_component_ref idref="oc-10f"/>
      </symbol>
      <symbol id="sm-248">
         <name>_PWM_setCount</name>
         <value>0x87a8</value>
         <object_component_ref idref="oc-103"/>
      </symbol>
      <symbol id="sm-265">
         <name>_TIMER_setEmulationMode</name>
         <value>0x8652</value>
         <object_component_ref idref="oc-fd"/>
      </symbol>
      <symbol id="sm-266">
         <name>_TIMER_start</name>
         <value>0x87a2</value>
         <object_component_ref idref="oc-e7"/>
      </symbol>
      <symbol id="sm-267">
         <name>_TIMER_setPreScaler</name>
         <value>0x3ad</value>
         <object_component_ref idref="oc-fb"/>
      </symbol>
      <symbol id="sm-268">
         <name>_TIMER_setPeriod</name>
         <value>0x87ae</value>
         <object_component_ref idref="oc-fa"/>
      </symbol>
      <symbol id="sm-269">
         <name>_TIMER_init</name>
         <value>0x85db</value>
         <object_component_ref idref="oc-d4"/>
      </symbol>
      <symbol id="sm-26a">
         <name>_TIMER_reload</name>
         <value>0x879f</value>
         <object_component_ref idref="oc-fc"/>
      </symbol>
      <symbol id="sm-26b">
         <name>_TIMER_enableInt</name>
         <value>0x879c</value>
         <object_component_ref idref="oc-fe"/>
      </symbol>
      <symbol id="sm-26c">
         <name>_TIMER_stop</name>
         <value>0x87a5</value>
         <object_component_ref idref="oc-f9"/>
      </symbol>
      <symbol id="sm-27d">
         <name>_WDOG_init</name>
         <value>0x85eb</value>
         <object_component_ref idref="oc-d3"/>
      </symbol>
      <symbol id="sm-27e">
         <name>_WDOG_disable</name>
         <value>0x85e3</value>
         <object_component_ref idref="oc-d5"/>
      </symbol>
      <symbol id="sm-321">
         <name>_ILLEGAL_ISR</name>
         <value>0x86cb</value>
         <object_component_ref idref="oc-7c"/>
      </symbol>
      <symbol id="sm-322">
         <name>_ADCINT4_ISR</name>
         <value>0x8667</value>
         <object_component_ref idref="oc-a0"/>
      </symbol>
      <symbol id="sm-323">
         <name>_DATALOG_ISR</name>
         <value>0x8685</value>
         <object_component_ref idref="oc-78"/>
      </symbol>
      <symbol id="sm-324">
         <name>_SPITXINTA_ISR</name>
         <value>0x86fd</value>
         <object_component_ref idref="oc-9a"/>
      </symbol>
      <symbol id="sm-325">
         <name>_SPIRXINTA_ISR</name>
         <value>0x86f8</value>
         <object_component_ref idref="oc-99"/>
      </symbol>
      <symbol id="sm-326">
         <name>_INT13_ISR</name>
         <value>0x86d0</value>
         <object_component_ref idref="oc-76"/>
      </symbol>
      <symbol id="sm-327">
         <name>_ADCINT5_ISR</name>
         <value>0x866c</value>
         <object_component_ref idref="oc-a1"/>
      </symbol>
      <symbol id="sm-328">
         <name>_EPWM4_INT_ISR</name>
         <value>0x86b7</value>
         <object_component_ref idref="oc-97"/>
      </symbol>
      <symbol id="sm-329">
         <name>_USER5_ISR</name>
         <value>0x872a</value>
         <object_component_ref idref="oc-81"/>
      </symbol>
      <symbol id="sm-32a">
         <name>_EMPTY_ISR</name>
         <value>0x868f</value>
         <object_component_ref idref="oc-a6"/>
      </symbol>
      <symbol id="sm-32b">
         <name>_EPWM4_TZINT_ISR</name>
         <value>0x86bc</value>
         <object_component_ref idref="oc-93"/>
      </symbol>
      <symbol id="sm-32c">
         <name>_EMUINT_ISR</name>
         <value>0x8694</value>
         <object_component_ref idref="oc-7a"/>
      </symbol>
      <symbol id="sm-32d">
         <name>_ECAP1_INT_ISR</name>
         <value>0x868a</value>
         <object_component_ref idref="oc-98"/>
      </symbol>
      <symbol id="sm-32e">
         <name>_EPWM1_TZINT_ISR</name>
         <value>0x869e</value>
         <object_component_ref idref="oc-90"/>
      </symbol>
      <symbol id="sm-32f">
         <name>_ADCINT6_ISR</name>
         <value>0x8671</value>
         <object_component_ref idref="oc-a2"/>
      </symbol>
      <symbol id="sm-330">
         <name>_ADCINT8_ISR</name>
         <value>0x867b</value>
         <object_component_ref idref="oc-a4"/>
      </symbol>
      <symbol id="sm-331">
         <name>_USER11_ISR</name>
         <value>0x870c</value>
         <object_component_ref idref="oc-87"/>
      </symbol>
      <symbol id="sm-332">
         <name>_EPWM3_TZINT_ISR</name>
         <value>0x86b2</value>
         <object_component_ref idref="oc-92"/>
      </symbol>
      <symbol id="sm-333">
         <name>_USER4_ISR</name>
         <value>0x8725</value>
         <object_component_ref idref="oc-80"/>
      </symbol>
      <symbol id="sm-334">
         <name>_EPWM2_TZINT_ISR</name>
         <value>0x86a8</value>
         <object_component_ref idref="oc-91"/>
      </symbol>
      <symbol id="sm-335">
         <name>_EPWM2_INT_ISR</name>
         <value>0x86a3</value>
         <object_component_ref idref="oc-95"/>
      </symbol>
      <symbol id="sm-336">
         <name>_TINT0_ISR</name>
         <value>0x8702</value>
         <object_component_ref idref="oc-8e"/>
      </symbol>
      <symbol id="sm-337">
         <name>_WAKEINT_ISR</name>
         <value>0x8743</value>
         <object_component_ref idref="oc-8f"/>
      </symbol>
      <symbol id="sm-338">
         <name>_ADCINT7_ISR</name>
         <value>0x8676</value>
         <object_component_ref idref="oc-a3"/>
      </symbol>
      <symbol id="sm-339">
         <name>_ADCINT9_ISR</name>
         <value>0x8680</value>
         <object_component_ref idref="oc-8d"/>
      </symbol>
      <symbol id="sm-33a">
         <name>_USER10_ISR</name>
         <value>0x8707</value>
         <object_component_ref idref="oc-86"/>
      </symbol>
      <symbol id="sm-33b">
         <name>_USER7_ISR</name>
         <value>0x8734</value>
         <object_component_ref idref="oc-83"/>
      </symbol>
      <symbol id="sm-33c">
         <name>_XINT1_ISR</name>
         <value>0x8748</value>
         <object_component_ref idref="oc-8b"/>
      </symbol>
      <symbol id="sm-33d">
         <name>_INT14_ISR</name>
         <value>0x86d5</value>
         <object_component_ref idref="oc-77"/>
      </symbol>
      <symbol id="sm-33e">
         <name>_USER6_ISR</name>
         <value>0x872f</value>
         <object_component_ref idref="oc-82"/>
      </symbol>
      <symbol id="sm-33f">
         <name>_ADCINT1_ISR</name>
         <value>0x8658</value>
         <object_component_ref idref="oc-89"/>
      </symbol>
      <symbol id="sm-340">
         <name>_USER12_ISR</name>
         <value>0x8711</value>
         <object_component_ref idref="oc-88"/>
      </symbol>
      <symbol id="sm-341">
         <name>_USER1_ISR</name>
         <value>0x8716</value>
         <object_component_ref idref="oc-7d"/>
      </symbol>
      <symbol id="sm-342">
         <name>_XINT3_ISR</name>
         <value>0x8752</value>
         <object_component_ref idref="oc-a5"/>
      </symbol>
      <symbol id="sm-343">
         <name>_NMI_ISR</name>
         <value>0x86da</value>
         <object_component_ref idref="oc-7b"/>
      </symbol>
      <symbol id="sm-344">
         <name>_ADCINT2_ISR</name>
         <value>0x865d</value>
         <object_component_ref idref="oc-8a"/>
      </symbol>
      <symbol id="sm-345">
         <name>_PIE_RESERVED</name>
         <value>0x86df</value>
         <object_component_ref idref="oc-a7"/>
      </symbol>
      <symbol id="sm-346">
         <name>_I2CINT1A_ISR</name>
         <value>0x86c1</value>
         <object_component_ref idref="oc-9b"/>
      </symbol>
      <symbol id="sm-347">
         <name>_XINT2_ISR</name>
         <value>0x874d</value>
         <object_component_ref idref="oc-8c"/>
      </symbol>
      <symbol id="sm-348">
         <name>_I2CINT2A_ISR</name>
         <value>0x86c6</value>
         <object_component_ref idref="oc-9c"/>
      </symbol>
      <symbol id="sm-349">
         <name>_RTOSINT_ISR</name>
         <value>0x86e9</value>
         <object_component_ref idref="oc-79"/>
      </symbol>
      <symbol id="sm-34a">
         <name>_EPWM3_INT_ISR</name>
         <value>0x86ad</value>
         <object_component_ref idref="oc-96"/>
      </symbol>
      <symbol id="sm-34b">
         <name>_ADCINT3_ISR</name>
         <value>0x8662</value>
         <object_component_ref idref="oc-9f"/>
      </symbol>
      <symbol id="sm-34c">
         <name>_USER9_ISR</name>
         <value>0x873e</value>
         <object_component_ref idref="oc-85"/>
      </symbol>
      <symbol id="sm-34d">
         <name>_USER3_ISR</name>
         <value>0x8720</value>
         <object_component_ref idref="oc-7f"/>
      </symbol>
      <symbol id="sm-34e">
         <name>_USER8_ISR</name>
         <value>0x8739</value>
         <object_component_ref idref="oc-84"/>
      </symbol>
      <symbol id="sm-34f">
         <name>_EPWM1_INT_ISR</name>
         <value>0x8699</value>
         <object_component_ref idref="oc-94"/>
      </symbol>
      <symbol id="sm-350">
         <name>_USER2_ISR</name>
         <value>0x871b</value>
         <object_component_ref idref="oc-7e"/>
      </symbol>
      <symbol id="sm-351">
         <name>_SCITXINTA_ISR</name>
         <value>0x86f3</value>
         <object_component_ref idref="oc-9e"/>
      </symbol>
      <symbol id="sm-352">
         <name>_SCIRXINTA_ISR</name>
         <value>0x86ee</value>
         <object_component_ref idref="oc-9d"/>
      </symbol>
      <symbol id="sm-353">
         <name>_rsvd_ISR</name>
         <value>0x8757</value>
         <object_component_ref idref="oc-a8"/>
      </symbol>
      <symbol id="sm-36c">
         <name>_c_int00</name>
         <value>0x225</value>
         <object_component_ref idref="oc-ad"/>
      </symbol>
      <symbol id="sm-36d">
         <name>__stack</name>
         <value>0x400</value>
         <object_component_ref idref="oc-ae"/>
      </symbol>
      <symbol id="sm-381">
         <name>C$$EXIT</name>
         <value>0x318</value>
         <object_component_ref idref="oc-ca"/>
      </symbol>
      <symbol id="sm-382">
         <name>_exit</name>
         <value>0x31a</value>
         <object_component_ref idref="oc-ca"/>
      </symbol>
      <symbol id="sm-383">
         <name>___TI_cleanup_ptr</name>
         <value>0x74a</value>
         <object_component_ref idref="oc-b6"/>
      </symbol>
      <symbol id="sm-384">
         <name>_abort</name>
         <value>0x318</value>
         <object_component_ref idref="oc-ca"/>
      </symbol>
      <symbol id="sm-385">
         <name>___TI_dtors_ptr</name>
         <value>0x74c</value>
         <object_component_ref idref="oc-b6"/>
      </symbol>
      <symbol id="sm-39a">
         <name>__unlock</name>
         <value>0x750</value>
         <object_component_ref idref="oc-120"/>
      </symbol>
      <symbol id="sm-39b">
         <name>__lock</name>
         <value>0x74e</value>
         <object_component_ref idref="oc-117"/>
      </symbol>
      <symbol id="sm-39c">
         <name>__register_lock</name>
         <value>0x85ae</value>
         <object_component_ref idref="oc-11e"/>
      </symbol>
      <symbol id="sm-39d">
         <name>__nop</name>
         <value>0x85b2</value>
         <object_component_ref idref="oc-11e"/>
      </symbol>
      <symbol id="sm-39e">
         <name>__register_unlock</name>
         <value>0x85aa</value>
         <object_component_ref idref="oc-11e"/>
      </symbol>
      <symbol id="sm-3ae">
         <name>__args_main</name>
         <value>0x2ff</value>
         <object_component_ref idref="oc-c9"/>
      </symbol>
   </symbol_table>
   <title>Link successful</title>
</link_info>
