******************************************************************************
             TMS320C2000 Linker PC v6.4.2                      
******************************************************************************
>> Linked Wed May 20 22:36:54 2015

OUTPUT FILE NAME:   <Example_F2802xAdcSoc.out>
ENTRY POINT SYMBOL: "code_start"  address: 003f7ff6


MEMORY CONFIGURATION

         name            origin    length      used     unused   attr    fill
----------------------  --------  ---------  --------  --------  ----  --------
PAGE 0:
  RAMM0                 00000050   000003b0  00000000  000003b0  RWIX
  OTP                   003d7800   00000400  00000000  00000400  RWIX
  FLASHB                003f6000   00001000  00000000  00001000  RWIX
  FLASHA                003f7000   00000f80  00000cbb  000002c5  RWIX
  CSM_RSVD              003f7f80   00000076  00000000  00000076  RWIX
  BEGIN                 003f7ff6   00000002  00000002  00000000  RWIX
  CSM_PWL_P0            003f7ff8   00000008  00000000  00000008  RWIX
  IQTABLES              003fe000   00000b50  00000000  00000b50  RWIX
  IQTABLES2             003feb50   0000008c  00000000  0000008c  RWIX
  IQTABLES3             003febdc   000000aa  00000000  000000aa  RWIX
  ROM                   003ff27c   00000d44  00000000  00000d44  RWIX
  RESET                 003fffc0   00000002  00000000  00000002  RWIX
  VECTORS               003fffc2   0000003e  00000000  0000003e  RWIX

PAGE 1:
  BOOT_RSVD             00000000   00000050  00000000  00000050  RWIX
  RAMM1                 00000400   00000400  00000255  000001ab  RWIX
  RAML0                 00008000   00000400  00000000  00000400  RWIX


SECTION ALLOCATION MAP

 output                                  attributes/
section   page    origin      length       input sections
--------  ----  ----------  ----------   ----------------
ramfuncs   0    00000050    00000000     UNINITIALIZED

.cinit     0    003f7c1a    000000a2     
                  003f7c1a    0000008c     Example_2802xAdcSoc.obj (.cinit)
                  003f7ca6    0000000a     rts2800_ml.lib : exit.obj (.cinit)
                  003f7cb0    00000005                    : _lock.obj (.cinit:__lock)
                  003f7cb5    00000005                    : _lock.obj (.cinit:__unlock)
                  003f7cba    00000002     --HOLE-- [fill = 0]

codestart 
*          0    003f7ff6    00000002     
                  003f7ff6    00000002     driverlib.lib : f2802xx_codestartbranch.obj (codestart)

.pinit     0    003f7000    00000000     UNINITIALIZED

.stack     1    00000400    00000200     UNINITIALIZED
                  00000400    00000200     --HOLE--

.reset     0    003fffc0    00000002     DSECT
                  003fffc0    00000002     rts2800_ml.lib : boot.obj (.reset)

vectors    0    003fffc2    00000000     DSECT

.text      0    003f7000    00000b19     
                  003f7000    00000512     Example_2802xAdcSoc.obj (.text)
                  003f7512    000000f0     Example_2802xAdcSoc.obj (.text:retain)
                  003f7602    00000048     driverlib.lib : gpio.obj (.text:_GPIO_setMode)
                  003f764a    00000044     rts2800_ml.lib : boot.obj (.text)
                  003f768e    00000029     driverlib.lib : gpio.obj (.text:_GPIO_setDirection)
                  003f76b7    00000029                   : gpio.obj (.text:_GPIO_setPullUp)
                  003f76e0    00000022                   : adc.obj (.text:_ADC_setIntMode)
                  003f7702    00000022                   : adc.obj (.text:_ADC_setIntSrc)
                  003f7724    0000001d     rts2800_ml.lib : memcpy.obj (.text)
                  003f7741    00000019                    : args_main.obj (.text)
                  003f775a    00000019                    : exit.obj (.text)
                  003f7773    00000017     driverlib.lib : adc.obj (.text:_ADC_enableInt)
                  003f778a    00000015                   : pll.obj (.text:_PLL_setup)
                  003f779f    00000014                   : gpio.obj (.text:_GPIO_setHigh)
                  003f77b3    00000014                   : gpio.obj (.text:_GPIO_setLow)
                  003f77c7    00000014                   : gpio.obj (.text:_GPIO_toggle)
                  003f77db    00000014                   : pie.obj (.text:_PIE_enableAdcInt)
                  003f77ef    00000013                   : timer.obj (.text:_TIMER_setPreScaler)
                  003f7802    00000012                   : adc.obj (.text:_ADC_setSocChanNumber)
                  003f7814    00000012                   : adc.obj (.text:_ADC_setSocSampleWindow)
                  003f7826    00000012                   : adc.obj (.text:_ADC_setSocTrigSrc)
                  003f7838    00000011                   : adc.obj (.text:_ADC_setIntPulseGenMode)
                  003f7849    00000011                   : adc.obj (.text:_ADC_setVoltRefSrc)
                  003f785a    00000011                   : pie.obj (.text:_PIE_disableAllInts)
                  003f786b    00000011                   : pie.obj (.text:_PIE_setDebugIntVectorTable)
                  003f787c    0000000f                   : pie.obj (.text:_PIE_registerPieIntHandler)
                  003f788b    0000000b                   : pie.obj (.text:_PIE_registerSystemIntHandler)
                  003f7896    0000000a                   : adc.obj (.text:_ADC_enable)
                  003f78a0    0000000a                   : adc.obj (.text:_ADC_enableBandGap)
                  003f78aa    0000000a                   : adc.obj (.text:_ADC_enableRefBuffers)
                  003f78b4    0000000a                   : adc.obj (.text:_ADC_enableTempSensor)
                  003f78be    0000000a                   : adc.obj (.text:_ADC_init)
                  003f78c8    0000000a                   : adc.obj (.text:_ADC_powerUp)
                  003f78d2    0000000a                   : clk.obj (.text:_CLK_disablePwmClock)
                  003f78dc    0000000a                   : pie.obj (.text:_PIE_init)
                  003f78e6    00000009                   : clk.obj (.text:_CLK_enablePwmClock)
                  003f78ef    00000009                   : pwm.obj (.text:_PWM_setActionQual_CntUp_CmpA_PwmA)
                  003f78f8    00000009                   : pwm.obj (.text:_PWM_setActionQual_CntUp_CmpB_PwmB)
                  003f7901    00000009                   : pwm.obj (.text:_PWM_setSocAPeriod)
                  003f790a    00000009                   : pwm.obj (.text:_PWM_setSocAPulseSrc)
                  003f7913    00000009     rts2800_ml.lib : _lock.obj (.text)
                  003f791c    00000008     driverlib.lib : clk.obj (.text:_CLK_init)
                  003f7924    00000008                   : flash.obj (.text:_FLASH_init)
                  003f792c    00000008                   : gpio.obj (.text:_GPIO_init)
                  003f7934    00000008                   : pll.obj (.text:_PLL_init)
                  003f793c    00000008                   : pwm.obj (.text:_PWM_init)
                  003f7944    00000008                   : timer.obj (.text:_TIMER_init)
                  003f794c    00000008                   : wdog.obj (.text:_WDOG_disable)
                  003f7954    00000008                   : wdog.obj (.text:_WDOG_init)
                  003f795c    00000008                   : f2802xx_codestartbranch.obj (.text)
                  003f7964    00000007                   : clk.obj (.text:_CLK_enableAdcClock)
                  003f796b    00000007                   : clk.obj (.text:_CLK_enableTbClockSync)
                  003f7972    00000007                   : clk.obj (.text:_CLK_setOscSrc)
                  003f7979    00000007                   : pll.obj (.text:_PLL_setDivider)
                  003f7980    00000007                   : pwm.obj (.text:_PWM_setActionQual_Zero_PwmA)
                  003f7987    00000007                   : pwm.obj (.text:_PWM_setActionQual_Zero_PwmB)
                  003f798e    00000007                   : pwm.obj (.text:_PWM_setDeadBandInputMode)
                  003f7995    00000007                   : pwm.obj (.text:_PWM_setDeadBandOutputMode)
                  003f799c    00000007                   : pwm.obj (.text:_PWM_setDeadBandPolarity)
                  003f79a3    00000006                   : pll.obj (.text:_PLL_setMultiplier)
                  003f79a9    00000006                   : pwm.obj (.text:_PWM_setLoadMode_CmpB)
                  003f79af    00000006                   : pwm.obj (.text:_PWM_setShadowMode_CmpA)
                  003f79b5    00000006                   : pwm.obj (.text:_PWM_setShadowMode_CmpB)
                  003f79bb    00000006                   : timer.obj (.text:_TIMER_setEmulationMode)
                  003f79c1    00000005                   : f2802xx_defaultisr.obj (.text:_ADCINT1_ISR)
                  003f79c6    00000005                   : f2802xx_defaultisr.obj (.text:_ADCINT2_ISR)
                  003f79cb    00000005                   : f2802xx_defaultisr.obj (.text:_ADCINT3_ISR)
                  003f79d0    00000005                   : f2802xx_defaultisr.obj (.text:_ADCINT4_ISR)
                  003f79d5    00000005                   : f2802xx_defaultisr.obj (.text:_ADCINT5_ISR)
                  003f79da    00000005                   : f2802xx_defaultisr.obj (.text:_ADCINT6_ISR)
                  003f79df    00000005                   : f2802xx_defaultisr.obj (.text:_ADCINT7_ISR)
                  003f79e4    00000005                   : f2802xx_defaultisr.obj (.text:_ADCINT8_ISR)
                  003f79e9    00000005                   : f2802xx_defaultisr.obj (.text:_ADCINT9_ISR)
                  003f79ee    00000005                   : f2802xx_defaultisr.obj (.text:_DATALOG_ISR)
                  003f79f3    00000005                   : f2802xx_defaultisr.obj (.text:_ECAP1_INT_ISR)
                  003f79f8    00000005                   : f2802xx_defaultisr.obj (.text:_EMPTY_ISR)
                  003f79fd    00000005                   : f2802xx_defaultisr.obj (.text:_EMUINT_ISR)
                  003f7a02    00000005                   : f2802xx_defaultisr.obj (.text:_EPWM1_INT_ISR)
                  003f7a07    00000005                   : f2802xx_defaultisr.obj (.text:_EPWM1_TZINT_ISR)
                  003f7a0c    00000005                   : f2802xx_defaultisr.obj (.text:_EPWM2_INT_ISR)
                  003f7a11    00000005                   : f2802xx_defaultisr.obj (.text:_EPWM2_TZINT_ISR)
                  003f7a16    00000005                   : f2802xx_defaultisr.obj (.text:_EPWM3_INT_ISR)
                  003f7a1b    00000005                   : f2802xx_defaultisr.obj (.text:_EPWM3_TZINT_ISR)
                  003f7a20    00000005                   : f2802xx_defaultisr.obj (.text:_EPWM4_INT_ISR)
                  003f7a25    00000005                   : f2802xx_defaultisr.obj (.text:_EPWM4_TZINT_ISR)
                  003f7a2a    00000005                   : f2802xx_defaultisr.obj (.text:_I2CINT1A_ISR)
                  003f7a2f    00000005                   : f2802xx_defaultisr.obj (.text:_I2CINT2A_ISR)
                  003f7a34    00000005                   : f2802xx_defaultisr.obj (.text:_ILLEGAL_ISR)
                  003f7a39    00000005                   : f2802xx_defaultisr.obj (.text:_INT13_ISR)
                  003f7a3e    00000005                   : f2802xx_defaultisr.obj (.text:_INT14_ISR)
                  003f7a43    00000005                   : f2802xx_defaultisr.obj (.text:_NMI_ISR)
                  003f7a48    00000005                   : f2802xx_defaultisr.obj (.text:_PIE_RESERVED)
                  003f7a4d    00000005                   : pie.obj (.text:_PIE_illegalIsr)
                  003f7a52    00000005                   : f2802xx_defaultisr.obj (.text:_RTOSINT_ISR)
                  003f7a57    00000005                   : f2802xx_defaultisr.obj (.text:_SCIRXINTA_ISR)
                  003f7a5c    00000005                   : f2802xx_defaultisr.obj (.text:_SCITXINTA_ISR)
                  003f7a61    00000005                   : f2802xx_defaultisr.obj (.text:_SPIRXINTA_ISR)
                  003f7a66    00000005                   : f2802xx_defaultisr.obj (.text:_SPITXINTA_ISR)
                  003f7a6b    00000005                   : f2802xx_defaultisr.obj (.text:_TINT0_ISR)
                  003f7a70    00000005                   : f2802xx_defaultisr.obj (.text:_USER10_ISR)
                  003f7a75    00000005                   : f2802xx_defaultisr.obj (.text:_USER11_ISR)
                  003f7a7a    00000005                   : f2802xx_defaultisr.obj (.text:_USER12_ISR)
                  003f7a7f    00000005                   : f2802xx_defaultisr.obj (.text:_USER1_ISR)
                  003f7a84    00000005                   : f2802xx_defaultisr.obj (.text:_USER2_ISR)
                  003f7a89    00000005                   : f2802xx_defaultisr.obj (.text:_USER3_ISR)
                  003f7a8e    00000005                   : f2802xx_defaultisr.obj (.text:_USER4_ISR)
                  003f7a93    00000005                   : f2802xx_defaultisr.obj (.text:_USER5_ISR)
                  003f7a98    00000005                   : f2802xx_defaultisr.obj (.text:_USER6_ISR)
                  003f7a9d    00000005                   : f2802xx_defaultisr.obj (.text:_USER7_ISR)
                  003f7aa2    00000005                   : f2802xx_defaultisr.obj (.text:_USER8_ISR)
                  003f7aa7    00000005                   : f2802xx_defaultisr.obj (.text:_USER9_ISR)
                  003f7aac    00000005                   : f2802xx_defaultisr.obj (.text:_WAKEINT_ISR)
                  003f7ab1    00000005                   : f2802xx_defaultisr.obj (.text:_XINT1_ISR)
                  003f7ab6    00000005                   : f2802xx_defaultisr.obj (.text:_XINT2_ISR)
                  003f7abb    00000005                   : f2802xx_defaultisr.obj (.text:_XINT3_ISR)
                  003f7ac0    00000005                   : f2802xx_defaultisr.obj (.text:_rsvd_ISR)
                  003f7ac5    00000004                   : cpu.obj (.text:_CPU_enableInt)
                  003f7ac9    00000004                   : cpu.obj (.text:_CPU_init)
                  003f7acd    00000004                   : pwm.obj (.text:_PWM_enableSocAPulse)
                  003f7ad1    00000004                   : pwm.obj (.text:_PWM_setClkDiv)
                  003f7ad5    00000004                   : pwm.obj (.text:_PWM_setCounterMode)
                  003f7ad9    00000004                   : pwm.obj (.text:_PWM_setHighSpeedClkDiv)
                  003f7add    00000004                   : pwm.obj (.text:_PWM_setLoadMode_CmpA)
                  003f7ae1    00000003                   : cpu.obj (.text:_CPU_clearIntFlags)
                  003f7ae4    00000003                   : cpu.obj (.text:_CPU_disableGlobalInts)
                  003f7ae7    00000003                   : cpu.obj (.text:_CPU_enableDebugInt)
                  003f7aea    00000003                   : cpu.obj (.text:_CPU_enableGlobalInts)
                  003f7aed    00000003                   : pie.obj (.text:_PIE_disable)
                  003f7af0    00000003                   : pie.obj (.text:_PIE_enable)
                  003f7af3    00000003                   : pie.obj (.text:_PIE_enableTimer0Int)
                  003f7af6    00000003                   : pll.obj (.text:_PLL_getClkStatus)
                  003f7af9    00000003                   : pll.obj (.text:_PLL_getLockStatus)
                  003f7afc    00000003                   : pwm.obj (.text:_PWM_disableCounterLoad)
                  003f7aff    00000003                   : pwm.obj (.text:_PWM_setDeadBandFallingEdgeDelay)
                  003f7b02    00000003                   : pwm.obj (.text:_PWM_setDeadBandRisingEdgeDelay)
                  003f7b05    00000003                   : timer.obj (.text:_TIMER_enableInt)
                  003f7b08    00000003                   : timer.obj (.text:_TIMER_reload)
                  003f7b0b    00000003                   : timer.obj (.text:_TIMER_start)
                  003f7b0e    00000003                   : timer.obj (.text:_TIMER_stop)
                  003f7b11    00000002                   : pwm.obj (.text:_PWM_setCount)
                  003f7b13    00000002                   : pwm.obj (.text:_PWM_setPeriod)
                  003f7b15    00000002                   : pwm.obj (.text:_PWM_setPhase)
                  003f7b17    00000002                   : timer.obj (.text:_TIMER_setPeriod)

.econst    0    003f7b1a    00000100     
                  003f7b1a    00000100     driverlib.lib : pie.obj (.econst:_PIE_tableDebugInit)

.ebss      1    00000600    00000055     UNINITIALIZED
                  00000600    0000004c     Example_2802xAdcSoc.obj (.ebss)
                  0000064c    00000004     rts2800_ml.lib : exit.obj (.ebss)
                  00000650    00000002                    : _lock.obj (.ebss:__lock)
                  00000652    00000002                    : _lock.obj (.ebss:__unlock)
                  00000654    00000001     driverlib.lib : cpu.obj (.ebss)


GLOBAL DATA SYMBOLS: SORTED BY DATA PAGE

address     data page           name
--------    ----------------    ----
00000400      10 (00000400)     __stack

00000600      18 (00000600)     _myGpio
00000602      18 (00000600)     _myClk
00000604      18 (00000600)     _myFlash
00000606      18 (00000600)     _myPie
00000608      18 (00000600)     _myPwm2
0000060a      18 (00000600)     _myPwm1
0000060c      18 (00000600)     _i_limit
0000060e      18 (00000600)     _PWM
00000610      18 (00000600)     _tensao_bat_nom
00000612      18 (00000600)     _myAdc
00000614      18 (00000600)     _myPwm3
00000616      18 (00000600)     _tensao_bat_min
00000620      18 (00000600)     _myTimer1
00000628      18 (00000600)     _CSM
0000062e      18 (00000600)     _myTimer0
00000630      18 (00000600)     _estado
00000632      18 (00000600)     _tensao
00000634      18 (00000600)     _count_s
00000636      18 (00000600)     _count_init_delay
00000638      18 (00000600)     _tensao_pv_min
0000063a      18 (00000600)     _tensao_bat_max
0000063e      18 (00000600)     _tensao_pv

00000640      19 (00000640)     _potenciometro
00000642      19 (00000640)     _pot
00000644      19 (00000640)     _temperatura
00000646      19 (00000640)     _tensao_bat
00000648      19 (00000640)     _corrente
0000064a      19 (00000640)     _count_15min
0000064c      19 (00000640)     ___TI_cleanup_ptr
0000064e      19 (00000640)     ___TI_dtors_ptr
00000650      19 (00000640)     __lock
00000652      19 (00000640)     __unlock
00000654      19 (00000640)     _cpu

003f7b1a    fdec (003f7b00)     _PIE_tableDebugInit


GLOBAL SYMBOLS: SORTED ALPHABETICALLY BY Name 

page  address   name                              
----  -------   ----                              
abs   ffffffff  .text                             
0     003f775a  C$$EXIT                           
0     003f79c1  _ADCINT1_ISR                      
0     003f79c6  _ADCINT2_ISR                      
0     003f79cb  _ADCINT3_ISR                      
0     003f79d0  _ADCINT4_ISR                      
0     003f79d5  _ADCINT5_ISR                      
0     003f79da  _ADCINT6_ISR                      
0     003f79df  _ADCINT7_ISR                      
0     003f79e4  _ADCINT8_ISR                      
0     003f79e9  _ADCINT9_ISR                      
0     003f7896  _ADC_enable                       
0     003f78a0  _ADC_enableBandGap                
0     003f7773  _ADC_enableInt                    
0     003f78aa  _ADC_enableRefBuffers             
0     003f78b4  _ADC_enableTempSensor             
0     003f78be  _ADC_init                         
0     003f78c8  _ADC_powerUp                      
0     003f76e0  _ADC_setIntMode                   
0     003f7838  _ADC_setIntPulseGenMode           
0     003f7702  _ADC_setIntSrc                    
0     003f7802  _ADC_setSocChanNumber             
0     003f7814  _ADC_setSocSampleWindow           
0     003f7826  _ADC_setSocTrigSrc                
0     003f7849  _ADC_setVoltRefSrc                
0     003f72d7  _Adc_init                         
0     003f78d2  _CLK_disablePwmClock              
0     003f7964  _CLK_enableAdcClock               
0     003f78e6  _CLK_enablePwmClock               
0     003f796b  _CLK_enableTbClockSync            
0     003f791c  _CLK_init                         
0     003f7972  _CLK_setOscSrc                    
0     003f7ae1  _CPU_clearIntFlags                
0     003f7ae4  _CPU_disableGlobalInts            
0     003f7ae7  _CPU_enableDebugInt               
0     003f7aea  _CPU_enableGlobalInts             
0     003f7ac5  _CPU_enableInt                    
0     003f7ac9  _CPU_init                         
1     00000628  _CSM                              
0     003f79ee  _DATALOG_ISR                      
0     003f79f3  _ECAP1_INT_ISR                    
0     003f79f8  _EMPTY_ISR                        
0     003f79fd  _EMUINT_ISR                       
0     003f7a02  _EPWM1_INT_ISR                    
0     003f7a07  _EPWM1_TZINT_ISR                  
0     003f7a0c  _EPWM2_INT_ISR                    
0     003f7a11  _EPWM2_TZINT_ISR                  
0     003f7a16  _EPWM3_INT_ISR                    
0     003f7a1b  _EPWM3_TZINT_ISR                  
0     003f7a20  _EPWM4_INT_ISR                    
0     003f7a25  _EPWM4_TZINT_ISR                  
0     003f7924  _FLASH_init                       
0     003f792c  _GPIO_init                        
0     003f768e  _GPIO_setDirection                
0     003f779f  _GPIO_setHigh                     
0     003f77b3  _GPIO_setLow                      
0     003f7602  _GPIO_setMode                     
0     003f76b7  _GPIO_setPullUp                   
0     003f77c7  _GPIO_toggle                      
0     003f7378  _Gpio_init                        
0     003f7a2a  _I2CINT1A_ISR                     
0     003f7a2f  _I2CINT2A_ISR                     
0     003f7a34  _ILLEGAL_ISR                      
0     003f7a39  _INT13_ISR                        
0     003f7a3e  _INT14_ISR                        
0     003f7a43  _NMI_ISR                          
0     003f7a48  _PIE_RESERVED                     
0     003f7aed  _PIE_disable                      
0     003f785a  _PIE_disableAllInts               
0     003f7af0  _PIE_enable                       
0     003f77db  _PIE_enableAdcInt                 
0     003f7af3  _PIE_enableTimer0Int              
0     003f7a4d  _PIE_illegalIsr                   
0     003f78dc  _PIE_init                         
0     003f787c  _PIE_registerPieIntHandler        
0     003f788b  _PIE_registerSystemIntHandler     
0     003f786b  _PIE_setDebugIntVectorTable       
0     003f7b1a  _PIE_tableDebugInit               
0     003f7af6  _PLL_getClkStatus                 
0     003f7af9  _PLL_getLockStatus                
0     003f7934  _PLL_init                         
0     003f7979  _PLL_setDivider                   
0     003f79a3  _PLL_setMultiplier                
0     003f778a  _PLL_setup                        
1     0000060e  _PWM                              
0     003f7afc  _PWM_disableCounterLoad           
0     003f7acd  _PWM_enableSocAPulse              
0     003f793c  _PWM_init                         
0     003f78ef  _PWM_setActionQual_CntUp_CmpA_PwmA
0     003f78f8  _PWM_setActionQual_CntUp_CmpB_PwmB
0     003f7980  _PWM_setActionQual_Zero_PwmA      
0     003f7987  _PWM_setActionQual_Zero_PwmB      
0     003f7ad1  _PWM_setClkDiv                    
0     003f7b11  _PWM_setCount                     
0     003f7ad5  _PWM_setCounterMode               
0     003f7aff  _PWM_setDeadBandFallingEdgeDelay  
0     003f798e  _PWM_setDeadBandInputMode         
0     003f7995  _PWM_setDeadBandOutputMode        
0     003f799c  _PWM_setDeadBandPolarity          
0     003f7b02  _PWM_setDeadBandRisingEdgeDelay   
0     003f7ad9  _PWM_setHighSpeedClkDiv           
0     003f7add  _PWM_setLoadMode_CmpA             
0     003f79a9  _PWM_setLoadMode_CmpB             
0     003f7b13  _PWM_setPeriod                    
0     003f7b15  _PWM_setPhase                     
0     003f79af  _PWM_setShadowMode_CmpA           
0     003f79b5  _PWM_setShadowMode_CmpB           
0     003f7901  _PWM_setSocAPeriod                
0     003f790a  _PWM_setSocAPulseSrc              
0     003f7429  _Pwm_init                         
0     003f7a52  _RTOSINT_ISR                      
abs   00000000  _RamfuncsLoadSize                 
0     00000050  _RamfuncsLoadStart                
0     00000050  _RamfuncsRunStart                 
0     003f7a57  _SCIRXINTA_ISR                    
0     003f7a5c  _SCITXINTA_ISR                    
0     003f7a61  _SPIRXINTA_ISR                    
0     003f7a66  _SPITXINTA_ISR                    
0     003f7b05  _TIMER_enableInt                  
0     003f7944  _TIMER_init                       
0     003f7b08  _TIMER_reload                     
0     003f79bb  _TIMER_setEmulationMode           
0     003f7b17  _TIMER_setPeriod                  
0     003f77ef  _TIMER_setPreScaler               
0     003f7b0b  _TIMER_start                      
0     003f7b0e  _TIMER_stop                       
0     003f7a6b  _TINT0_ISR                        
0     003f73e0  _Timer_init                       
0     003f7a70  _USER10_ISR                       
0     003f7a75  _USER11_ISR                       
0     003f7a7a  _USER12_ISR                       
0     003f7a7f  _USER1_ISR                        
0     003f7a84  _USER2_ISR                        
0     003f7a89  _USER3_ISR                        
0     003f7a8e  _USER4_ISR                        
0     003f7a93  _USER5_ISR                        
0     003f7a98  _USER6_ISR                        
0     003f7a9d  _USER7_ISR                        
0     003f7aa2  _USER8_ISR                        
0     003f7aa7  _USER9_ISR                        
0     003f7aac  _WAKEINT_ISR                      
0     003f794c  _WDOG_disable                     
0     003f7954  _WDOG_init                        
0     003f7ab1  _XINT1_ISR                        
0     003f7ab6  _XINT2_ISR                        
0     003f7abb  _XINT3_ISR                        
1     00000600  __STACK_END                       
abs   00000200  __STACK_SIZE                      
1     0000064c  ___TI_cleanup_ptr                 
1     0000064e  ___TI_dtors_ptr                   
abs   ffffffff  ___binit__                        
abs   ffffffff  ___c_args__                       
0     003f7c1a  ___cinit__                        
abs   ffffffff  ___etext__                        
abs   ffffffff  ___pinit__                        
abs   ffffffff  ___text__                         
0     003f7741  __args_main                       
1     00000650  __lock                            
0     003f791b  __nop                             
0     003f7917  __register_lock                   
0     003f7913  __register_unlock                 
1     00000400  __stack                           
1     00000652  __unlock                          
0     003f775a  _abort                            
0     003f7558  _adc_isr                          
0     003f727e  _aguarda                          
0     003f764a  _c_int00                          
1     00000648  _corrente                         
1     0000064a  _count_15min                      
1     00000636  _count_init_delay                 
1     00000634  _count_s                          
1     00000654  _cpu                              
0     003f7512  _cpu_timer0_isr                   
0     003f75ea  _cpu_timer1_isr                   
0     003f72ca  _delay_loop                       
0     003f7187  _detecta_bat                      
1     00000630  _estado                           
0     003f775c  _exit                             
1     0000060c  _i_limit                          
0     003f706b  _main                             
0     003f7724  _memcpy                           
1     00000612  _myAdc                            
1     00000602  _myClk                            
1     00000604  _myFlash                          
1     00000600  _myGpio                           
1     00000606  _myPie                            
1     0000060a  _myPwm1                           
1     00000608  _myPwm2                           
1     00000614  _myPwm3                           
1     0000062e  _myTimer0                         
1     00000620  _myTimer1                         
0     003f728e  _pert_obs                         
1     00000642  _pot                              
1     00000640  _potenciometro                    
0     003f7250  _rampa                            
0     003f7ac0  _rsvd_ISR                         
0     003f72b0  _temp_interna                     
1     00000644  _temperatura                      
1     00000632  _tensao                           
1     00000646  _tensao_bat                       
1     0000063a  _tensao_bat_max                   
1     00000616  _tensao_bat_min                   
1     00000610  _tensao_bat_nom                   
1     0000063e  _tensao_pv                        
1     00000638  _tensao_pv_min                    
0     003f71f0  _verifica_painel                  
abs   ffffffff  binit                             
0     003f7c1a  cinit                             
0     003f7ff6  code_start                        
abs   ffffffff  etext                             
abs   ffffffff  pinit                             


GLOBAL SYMBOLS: SORTED BY Symbol Address 

page  address   name                              
----  -------   ----                              
0     00000050  _RamfuncsLoadStart                
0     00000050  _RamfuncsRunStart                 
0     003f706b  _main                             
0     003f7187  _detecta_bat                      
0     003f71f0  _verifica_painel                  
0     003f7250  _rampa                            
0     003f727e  _aguarda                          
0     003f728e  _pert_obs                         
0     003f72b0  _temp_interna                     
0     003f72ca  _delay_loop                       
0     003f72d7  _Adc_init                         
0     003f7378  _Gpio_init                        
0     003f73e0  _Timer_init                       
0     003f7429  _Pwm_init                         
0     003f7512  _cpu_timer0_isr                   
0     003f7558  _adc_isr                          
0     003f75ea  _cpu_timer1_isr                   
0     003f7602  _GPIO_setMode                     
0     003f764a  _c_int00                          
0     003f768e  _GPIO_setDirection                
0     003f76b7  _GPIO_setPullUp                   
0     003f76e0  _ADC_setIntMode                   
0     003f7702  _ADC_setIntSrc                    
0     003f7724  _memcpy                           
0     003f7741  __args_main                       
0     003f775a  C$$EXIT                           
0     003f775a  _abort                            
0     003f775c  _exit                             
0     003f7773  _ADC_enableInt                    
0     003f778a  _PLL_setup                        
0     003f779f  _GPIO_setHigh                     
0     003f77b3  _GPIO_setLow                      
0     003f77c7  _GPIO_toggle                      
0     003f77db  _PIE_enableAdcInt                 
0     003f77ef  _TIMER_setPreScaler               
0     003f7802  _ADC_setSocChanNumber             
0     003f7814  _ADC_setSocSampleWindow           
0     003f7826  _ADC_setSocTrigSrc                
0     003f7838  _ADC_setIntPulseGenMode           
0     003f7849  _ADC_setVoltRefSrc                
0     003f785a  _PIE_disableAllInts               
0     003f786b  _PIE_setDebugIntVectorTable       
0     003f787c  _PIE_registerPieIntHandler        
0     003f788b  _PIE_registerSystemIntHandler     
0     003f7896  _ADC_enable                       
0     003f78a0  _ADC_enableBandGap                
0     003f78aa  _ADC_enableRefBuffers             
0     003f78b4  _ADC_enableTempSensor             
0     003f78be  _ADC_init                         
0     003f78c8  _ADC_powerUp                      
0     003f78d2  _CLK_disablePwmClock              
0     003f78dc  _PIE_init                         
0     003f78e6  _CLK_enablePwmClock               
0     003f78ef  _PWM_setActionQual_CntUp_CmpA_PwmA
0     003f78f8  _PWM_setActionQual_CntUp_CmpB_PwmB
0     003f7901  _PWM_setSocAPeriod                
0     003f790a  _PWM_setSocAPulseSrc              
0     003f7913  __register_unlock                 
0     003f7917  __register_lock                   
0     003f791b  __nop                             
0     003f791c  _CLK_init                         
0     003f7924  _FLASH_init                       
0     003f792c  _GPIO_init                        
0     003f7934  _PLL_init                         
0     003f793c  _PWM_init                         
0     003f7944  _TIMER_init                       
0     003f794c  _WDOG_disable                     
0     003f7954  _WDOG_init                        
0     003f7964  _CLK_enableAdcClock               
0     003f796b  _CLK_enableTbClockSync            
0     003f7972  _CLK_setOscSrc                    
0     003f7979  _PLL_setDivider                   
0     003f7980  _PWM_setActionQual_Zero_PwmA      
0     003f7987  _PWM_setActionQual_Zero_PwmB      
0     003f798e  _PWM_setDeadBandInputMode         
0     003f7995  _PWM_setDeadBandOutputMode        
0     003f799c  _PWM_setDeadBandPolarity          
0     003f79a3  _PLL_setMultiplier                
0     003f79a9  _PWM_setLoadMode_CmpB             
0     003f79af  _PWM_setShadowMode_CmpA           
0     003f79b5  _PWM_setShadowMode_CmpB           
0     003f79bb  _TIMER_setEmulationMode           
0     003f79c1  _ADCINT1_ISR                      
0     003f79c6  _ADCINT2_ISR                      
0     003f79cb  _ADCINT3_ISR                      
0     003f79d0  _ADCINT4_ISR                      
0     003f79d5  _ADCINT5_ISR                      
0     003f79da  _ADCINT6_ISR                      
0     003f79df  _ADCINT7_ISR                      
0     003f79e4  _ADCINT8_ISR                      
0     003f79e9  _ADCINT9_ISR                      
0     003f79ee  _DATALOG_ISR                      
0     003f79f3  _ECAP1_INT_ISR                    
0     003f79f8  _EMPTY_ISR                        
0     003f79fd  _EMUINT_ISR                       
0     003f7a02  _EPWM1_INT_ISR                    
0     003f7a07  _EPWM1_TZINT_ISR                  
0     003f7a0c  _EPWM2_INT_ISR                    
0     003f7a11  _EPWM2_TZINT_ISR                  
0     003f7a16  _EPWM3_INT_ISR                    
0     003f7a1b  _EPWM3_TZINT_ISR                  
0     003f7a20  _EPWM4_INT_ISR                    
0     003f7a25  _EPWM4_TZINT_ISR                  
0     003f7a2a  _I2CINT1A_ISR                     
0     003f7a2f  _I2CINT2A_ISR                     
0     003f7a34  _ILLEGAL_ISR                      
0     003f7a39  _INT13_ISR                        
0     003f7a3e  _INT14_ISR                        
0     003f7a43  _NMI_ISR                          
0     003f7a48  _PIE_RESERVED                     
0     003f7a4d  _PIE_illegalIsr                   
0     003f7a52  _RTOSINT_ISR                      
0     003f7a57  _SCIRXINTA_ISR                    
0     003f7a5c  _SCITXINTA_ISR                    
0     003f7a61  _SPIRXINTA_ISR                    
0     003f7a66  _SPITXINTA_ISR                    
0     003f7a6b  _TINT0_ISR                        
0     003f7a70  _USER10_ISR                       
0     003f7a75  _USER11_ISR                       
0     003f7a7a  _USER12_ISR                       
0     003f7a7f  _USER1_ISR                        
0     003f7a84  _USER2_ISR                        
0     003f7a89  _USER3_ISR                        
0     003f7a8e  _USER4_ISR                        
0     003f7a93  _USER5_ISR                        
0     003f7a98  _USER6_ISR                        
0     003f7a9d  _USER7_ISR                        
0     003f7aa2  _USER8_ISR                        
0     003f7aa7  _USER9_ISR                        
0     003f7aac  _WAKEINT_ISR                      
0     003f7ab1  _XINT1_ISR                        
0     003f7ab6  _XINT2_ISR                        
0     003f7abb  _XINT3_ISR                        
0     003f7ac0  _rsvd_ISR                         
0     003f7ac5  _CPU_enableInt                    
0     003f7ac9  _CPU_init                         
0     003f7acd  _PWM_enableSocAPulse              
0     003f7ad1  _PWM_setClkDiv                    
0     003f7ad5  _PWM_setCounterMode               
0     003f7ad9  _PWM_setHighSpeedClkDiv           
0     003f7add  _PWM_setLoadMode_CmpA             
0     003f7ae1  _CPU_clearIntFlags                
0     003f7ae4  _CPU_disableGlobalInts            
0     003f7ae7  _CPU_enableDebugInt               
0     003f7aea  _CPU_enableGlobalInts             
0     003f7aed  _PIE_disable                      
0     003f7af0  _PIE_enable                       
0     003f7af3  _PIE_enableTimer0Int              
0     003f7af6  _PLL_getClkStatus                 
0     003f7af9  _PLL_getLockStatus                
0     003f7afc  _PWM_disableCounterLoad           
0     003f7aff  _PWM_setDeadBandFallingEdgeDelay  
0     003f7b02  _PWM_setDeadBandRisingEdgeDelay   
0     003f7b05  _TIMER_enableInt                  
0     003f7b08  _TIMER_reload                     
0     003f7b0b  _TIMER_start                      
0     003f7b0e  _TIMER_stop                       
0     003f7b11  _PWM_setCount                     
0     003f7b13  _PWM_setPeriod                    
0     003f7b15  _PWM_setPhase                     
0     003f7b17  _TIMER_setPeriod                  
0     003f7b1a  _PIE_tableDebugInit               
0     003f7c1a  ___cinit__                        
0     003f7c1a  cinit                             
0     003f7ff6  code_start                        
1     00000400  __stack                           
1     00000600  __STACK_END                       
1     00000600  _myGpio                           
1     00000602  _myClk                            
1     00000604  _myFlash                          
1     00000606  _myPie                            
1     00000608  _myPwm2                           
1     0000060a  _myPwm1                           
1     0000060c  _i_limit                          
1     0000060e  _PWM                              
1     00000610  _tensao_bat_nom                   
1     00000612  _myAdc                            
1     00000614  _myPwm3                           
1     00000616  _tensao_bat_min                   
1     00000620  _myTimer1                         
1     00000628  _CSM                              
1     0000062e  _myTimer0                         
1     00000630  _estado                           
1     00000632  _tensao                           
1     00000634  _count_s                          
1     00000636  _count_init_delay                 
1     00000638  _tensao_pv_min                    
1     0000063a  _tensao_bat_max                   
1     0000063e  _tensao_pv                        
1     00000640  _potenciometro                    
1     00000642  _pot                              
1     00000644  _temperatura                      
1     00000646  _tensao_bat                       
1     00000648  _corrente                         
1     0000064a  _count_15min                      
1     0000064c  ___TI_cleanup_ptr                 
1     0000064e  ___TI_dtors_ptr                   
1     00000650  __lock                            
1     00000652  __unlock                          
1     00000654  _cpu                              
abs   00000000  _RamfuncsLoadSize                 
abs   00000200  __STACK_SIZE                      
abs   ffffffff  .text                             
abs   ffffffff  ___binit__                        
abs   ffffffff  ___c_args__                       
abs   ffffffff  ___etext__                        
abs   ffffffff  ___pinit__                        
abs   ffffffff  ___text__                         
abs   ffffffff  binit                             
abs   ffffffff  etext                             
abs   ffffffff  pinit                             

[211 symbols]
