<?xml version="1.0"?>
<link_info>
   <banner>TMS320C2000 Linker PC v6.4.2</banner>
   <copyright>Copyright (c) 1996-2015 Texas Instruments Incorporated</copyright>
   <link_time>0x5557a573</link_time>
   <link_errors>0x0</link_errors>
   <output_file>Example_F2802xAdcSoc.out</output_file>
   <entry_point>
      <name>code_start</name>
      <address>0x3f7ff6</address>
   </entry_point>
   <input_file_list>
      <input_file id="fl-2">
         <path>.\</path>
         <kind>object</kind>
         <file>Example_2802xAdcSoc.obj</file>
         <name>Example_2802xAdcSoc.obj</name>
      </input_file>
      <input_file id="fl-9">
         <path>C:\projetos\PSE\trunk\f2802x_common\lib\</path>
         <kind>archive</kind>
         <file>driverlib.lib</file>
         <name>adc.obj</name>
      </input_file>
      <input_file id="fl-a">
         <path>C:\projetos\PSE\trunk\f2802x_common\lib\</path>
         <kind>archive</kind>
         <file>driverlib.lib</file>
         <name>clk.obj</name>
      </input_file>
      <input_file id="fl-b">
         <path>C:\projetos\PSE\trunk\f2802x_common\lib\</path>
         <kind>archive</kind>
         <file>driverlib.lib</file>
         <name>cpu.obj</name>
      </input_file>
      <input_file id="fl-c">
         <path>C:\projetos\PSE\trunk\f2802x_common\lib\</path>
         <kind>archive</kind>
         <file>driverlib.lib</file>
         <name>f2802xx_codestartbranch.obj</name>
      </input_file>
      <input_file id="fl-d">
         <path>C:\projetos\PSE\trunk\f2802x_common\lib\</path>
         <kind>archive</kind>
         <file>driverlib.lib</file>
         <name>flash.obj</name>
      </input_file>
      <input_file id="fl-e">
         <path>C:\projetos\PSE\trunk\f2802x_common\lib\</path>
         <kind>archive</kind>
         <file>driverlib.lib</file>
         <name>gpio.obj</name>
      </input_file>
      <input_file id="fl-f">
         <path>C:\projetos\PSE\trunk\f2802x_common\lib\</path>
         <kind>archive</kind>
         <file>driverlib.lib</file>
         <name>pie.obj</name>
      </input_file>
      <input_file id="fl-10">
         <path>C:\projetos\PSE\trunk\f2802x_common\lib\</path>
         <kind>archive</kind>
         <file>driverlib.lib</file>
         <name>pll.obj</name>
      </input_file>
      <input_file id="fl-11">
         <path>C:\projetos\PSE\trunk\f2802x_common\lib\</path>
         <kind>archive</kind>
         <file>driverlib.lib</file>
         <name>pwm.obj</name>
      </input_file>
      <input_file id="fl-12">
         <path>C:\projetos\PSE\trunk\f2802x_common\lib\</path>
         <kind>archive</kind>
         <file>driverlib.lib</file>
         <name>timer.obj</name>
      </input_file>
      <input_file id="fl-13">
         <path>C:\projetos\PSE\trunk\f2802x_common\lib\</path>
         <kind>archive</kind>
         <file>driverlib.lib</file>
         <name>wdog.obj</name>
      </input_file>
      <input_file id="fl-14">
         <path>C:\projetos\PSE\trunk\f2802x_common\lib\</path>
         <kind>archive</kind>
         <file>driverlib.lib</file>
         <name>f2802xx_defaultisr.obj</name>
      </input_file>
      <input_file id="fl-15">
         <path>C:\ti\ccsv6\tools\compiler\ti-cgt-c2000_6.4.2\lib\</path>
         <kind>archive</kind>
         <file>rts2800_ml.lib</file>
         <name>boot.obj</name>
      </input_file>
      <input_file id="fl-16">
         <path>C:\ti\ccsv6\tools\compiler\ti-cgt-c2000_6.4.2\lib\</path>
         <kind>archive</kind>
         <file>rts2800_ml.lib</file>
         <name>exit.obj</name>
      </input_file>
      <input_file id="fl-17">
         <path>C:\ti\ccsv6\tools\compiler\ti-cgt-c2000_6.4.2\lib\</path>
         <kind>archive</kind>
         <file>rts2800_ml.lib</file>
         <name>_lock.obj</name>
      </input_file>
      <input_file id="fl-18">
         <path>C:\ti\ccsv6\tools\compiler\ti-cgt-c2000_6.4.2\lib\</path>
         <kind>archive</kind>
         <file>rts2800_ml.lib</file>
         <name>memcpy.obj</name>
      </input_file>
      <input_file id="fl-19">
         <path>C:\ti\ccsv6\tools\compiler\ti-cgt-c2000_6.4.2\lib\</path>
         <kind>archive</kind>
         <file>rts2800_ml.lib</file>
         <name>args_main.obj</name>
      </input_file>
   </input_file_list>
   <object_component_list>
      <object_component id="oc-13">
         <name>codestart</name>
         <load_address>0x3f7ff6</load_address>
         <run_address>0x3f7ff6</run_address>
         <size>0x2</size>
         <input_file_ref idref="fl-c"/>
      </object_component>
      <object_component id="oc-15">
         <name>.cinit</name>
         <load_address>0x3f7a1a</load_address>
         <run_address>0x3f7a1a</run_address>
         <size>0x37</size>
         <input_file_ref idref="fl-2"/>
      </object_component>
      <object_component id="oc-95">
         <name>.cinit</name>
         <load_address>0x3f7a51</load_address>
         <run_address>0x3f7a51</run_address>
         <size>0xa</size>
         <input_file_ref idref="fl-16"/>
      </object_component>
      <object_component id="oc-fd">
         <name>.cinit:__lock</name>
         <load_address>0x3f7a5b</load_address>
         <run_address>0x3f7a5b</run_address>
         <size>0x5</size>
         <input_file_ref idref="fl-17"/>
      </object_component>
      <object_component id="oc-104">
         <name>.cinit:__unlock</name>
         <load_address>0x3f7a60</load_address>
         <run_address>0x3f7a60</run_address>
         <size>0x5</size>
         <input_file_ref idref="fl-17"/>
      </object_component>
      <object_component id="oc-ab">
         <name>.text</name>
         <load_address>0x3f7000</load_address>
         <run_address>0x3f7000</run_address>
         <size>0x3af</size>
         <input_file_ref idref="fl-2"/>
      </object_component>
      <object_component id="oc-17">
         <name>.text:retain</name>
         <load_address>0x3f73af</load_address>
         <run_address>0x3f73af</run_address>
         <size>0x67</size>
         <input_file_ref idref="fl-2"/>
      </object_component>
      <object_component id="oc-b7">
         <name>.text:_GPIO_setMode</name>
         <load_address>0x3f7416</load_address>
         <run_address>0x3f7416</run_address>
         <size>0x48</size>
         <input_file_ref idref="fl-e"/>
      </object_component>
      <object_component id="oc-8d">
         <name>.text</name>
         <load_address>0x3f745e</load_address>
         <run_address>0x3f745e</run_address>
         <size>0x44</size>
         <input_file_ref idref="fl-15"/>
      </object_component>
      <object_component id="oc-b8">
         <name>.text:_GPIO_setDirection</name>
         <load_address>0x3f74a2</load_address>
         <run_address>0x3f74a2</run_address>
         <size>0x29</size>
         <input_file_ref idref="fl-e"/>
      </object_component>
      <object_component id="oc-b6">
         <name>.text:_GPIO_setPullUp</name>
         <load_address>0x3f74cb</load_address>
         <run_address>0x3f74cb</run_address>
         <size>0x29</size>
         <input_file_ref idref="fl-e"/>
      </object_component>
      <object_component id="oc-c2">
         <name>.text:_ADC_setIntMode</name>
         <load_address>0x3f74f4</load_address>
         <run_address>0x3f74f4</run_address>
         <size>0x22</size>
         <input_file_ref idref="fl-9"/>
      </object_component>
      <object_component id="oc-c3">
         <name>.text:_ADC_setIntSrc</name>
         <load_address>0x3f7516</load_address>
         <run_address>0x3f7516</run_address>
         <size>0x22</size>
         <input_file_ref idref="fl-9"/>
      </object_component>
      <object_component id="oc-f2">
         <name>.text</name>
         <load_address>0x3f7538</load_address>
         <run_address>0x3f7538</run_address>
         <size>0x1d</size>
         <input_file_ref idref="fl-18"/>
      </object_component>
      <object_component id="oc-ac">
         <name>.text</name>
         <load_address>0x3f7555</load_address>
         <run_address>0x3f7555</run_address>
         <size>0x19</size>
         <input_file_ref idref="fl-19"/>
      </object_component>
      <object_component id="oc-ad">
         <name>.text</name>
         <load_address>0x3f756e</load_address>
         <run_address>0x3f756e</run_address>
         <size>0x19</size>
         <input_file_ref idref="fl-16"/>
      </object_component>
      <object_component id="oc-c1">
         <name>.text:_ADC_enableInt</name>
         <load_address>0x3f7587</load_address>
         <run_address>0x3f7587</run_address>
         <size>0x17</size>
         <input_file_ref idref="fl-9"/>
      </object_component>
      <object_component id="oc-ed">
         <name>.text:_PLL_setup</name>
         <load_address>0x3f759e</load_address>
         <run_address>0x3f759e</run_address>
         <size>0x15</size>
         <input_file_ref idref="fl-10"/>
      </object_component>
      <object_component id="oc-b9">
         <name>.text:_GPIO_setLow</name>
         <load_address>0x3f75b3</load_address>
         <run_address>0x3f75b3</run_address>
         <size>0x14</size>
         <input_file_ref idref="fl-e"/>
      </object_component>
      <object_component id="oc-aa">
         <name>.text:_GPIO_toggle</name>
         <load_address>0x3f75c7</load_address>
         <run_address>0x3f75c7</run_address>
         <size>0x14</size>
         <input_file_ref idref="fl-e"/>
      </object_component>
      <object_component id="oc-f7">
         <name>.text:_PIE_enableAdcInt</name>
         <load_address>0x3f75db</load_address>
         <run_address>0x3f75db</run_address>
         <size>0x14</size>
         <input_file_ref idref="fl-f"/>
      </object_component>
      <object_component id="oc-b2">
         <name>.text:_TIMER_setPreScaler</name>
         <load_address>0x3f75ef</load_address>
         <run_address>0x3f75ef</run_address>
         <size>0x13</size>
         <input_file_ref idref="fl-12"/>
      </object_component>
      <object_component id="oc-c4">
         <name>.text:_ADC_setSocChanNumber</name>
         <load_address>0x3f7602</load_address>
         <run_address>0x3f7602</run_address>
         <size>0x12</size>
         <input_file_ref idref="fl-9"/>
      </object_component>
      <object_component id="oc-c6">
         <name>.text:_ADC_setSocSampleWindow</name>
         <load_address>0x3f7614</load_address>
         <run_address>0x3f7614</run_address>
         <size>0x12</size>
         <input_file_ref idref="fl-9"/>
      </object_component>
      <object_component id="oc-c5">
         <name>.text:_ADC_setSocTrigSrc</name>
         <load_address>0x3f7626</load_address>
         <run_address>0x3f7626</run_address>
         <size>0x12</size>
         <input_file_ref idref="fl-9"/>
      </object_component>
      <object_component id="oc-c0">
         <name>.text:_ADC_setIntPulseGenMode</name>
         <load_address>0x3f7638</load_address>
         <run_address>0x3f7638</run_address>
         <size>0x11</size>
         <input_file_ref idref="fl-9"/>
      </object_component>
      <object_component id="oc-be">
         <name>.text:_ADC_setVoltRefSrc</name>
         <load_address>0x3f7649</load_address>
         <run_address>0x3f7649</run_address>
         <size>0x11</size>
         <input_file_ref idref="fl-9"/>
      </object_component>
      <object_component id="oc-ef">
         <name>.text:_PIE_disableAllInts</name>
         <load_address>0x3f765a</load_address>
         <run_address>0x3f765a</run_address>
         <size>0x11</size>
         <input_file_ref idref="fl-f"/>
      </object_component>
      <object_component id="oc-f3">
         <name>.text:_PIE_setDebugIntVectorTable</name>
         <load_address>0x3f766b</load_address>
         <run_address>0x3f766b</run_address>
         <size>0x11</size>
         <input_file_ref idref="fl-f"/>
      </object_component>
      <object_component id="oc-f5">
         <name>.text:_PIE_registerPieIntHandler</name>
         <load_address>0x3f767c</load_address>
         <run_address>0x3f767c</run_address>
         <size>0xf</size>
         <input_file_ref idref="fl-f"/>
      </object_component>
      <object_component id="oc-f6">
         <name>.text:_PIE_registerSystemIntHandler</name>
         <load_address>0x3f768b</load_address>
         <run_address>0x3f768b</run_address>
         <size>0xb</size>
         <input_file_ref idref="fl-f"/>
      </object_component>
      <object_component id="oc-bd">
         <name>.text:_ADC_enable</name>
         <load_address>0x3f7696</load_address>
         <run_address>0x3f7696</run_address>
         <size>0xa</size>
         <input_file_ref idref="fl-9"/>
      </object_component>
      <object_component id="oc-ba">
         <name>.text:_ADC_enableBandGap</name>
         <load_address>0x3f76a0</load_address>
         <run_address>0x3f76a0</run_address>
         <size>0xa</size>
         <input_file_ref idref="fl-9"/>
      </object_component>
      <object_component id="oc-bb">
         <name>.text:_ADC_enableRefBuffers</name>
         <load_address>0x3f76aa</load_address>
         <run_address>0x3f76aa</run_address>
         <size>0xa</size>
         <input_file_ref idref="fl-9"/>
      </object_component>
      <object_component id="oc-bf">
         <name>.text:_ADC_enableTempSensor</name>
         <load_address>0x3f76b4</load_address>
         <run_address>0x3f76b4</run_address>
         <size>0xa</size>
         <input_file_ref idref="fl-9"/>
      </object_component>
      <object_component id="oc-e0">
         <name>.text:_ADC_init</name>
         <load_address>0x3f76be</load_address>
         <run_address>0x3f76be</run_address>
         <size>0xa</size>
         <input_file_ref idref="fl-9"/>
      </object_component>
      <object_component id="oc-bc">
         <name>.text:_ADC_powerUp</name>
         <load_address>0x3f76c8</load_address>
         <run_address>0x3f76c8</run_address>
         <size>0xa</size>
         <input_file_ref idref="fl-9"/>
      </object_component>
      <object_component id="oc-ae">
         <name>.text:_CLK_disablePwmClock</name>
         <load_address>0x3f76d2</load_address>
         <run_address>0x3f76d2</run_address>
         <size>0xa</size>
         <input_file_ref idref="fl-a"/>
      </object_component>
      <object_component id="oc-e5">
         <name>.text:_PIE_init</name>
         <load_address>0x3f76dc</load_address>
         <run_address>0x3f76dc</run_address>
         <size>0xa</size>
         <input_file_ref idref="fl-f"/>
      </object_component>
      <object_component id="oc-af">
         <name>.text:_CLK_enablePwmClock</name>
         <load_address>0x3f76e6</load_address>
         <run_address>0x3f76e6</run_address>
         <size>0x9</size>
         <input_file_ref idref="fl-a"/>
      </object_component>
      <object_component id="oc-d3">
         <name>.text:_PWM_setActionQual_CntUp_CmpA_PwmA</name>
         <load_address>0x3f76ef</load_address>
         <run_address>0x3f76ef</run_address>
         <size>0x9</size>
         <input_file_ref idref="fl-11"/>
      </object_component>
      <object_component id="oc-d5">
         <name>.text:_PWM_setActionQual_CntUp_CmpB_PwmB</name>
         <load_address>0x3f76f8</load_address>
         <run_address>0x3f76f8</run_address>
         <size>0x9</size>
         <input_file_ref idref="fl-11"/>
      </object_component>
      <object_component id="oc-d8">
         <name>.text:_PWM_setSocAPeriod</name>
         <load_address>0x3f7701</load_address>
         <run_address>0x3f7701</run_address>
         <size>0x9</size>
         <input_file_ref idref="fl-11"/>
      </object_component>
      <object_component id="oc-d7">
         <name>.text:_PWM_setSocAPulseSrc</name>
         <load_address>0x3f770a</load_address>
         <run_address>0x3f770a</run_address>
         <size>0x9</size>
         <input_file_ref idref="fl-11"/>
      </object_component>
      <object_component id="oc-103">
         <name>.text</name>
         <load_address>0x3f7713</load_address>
         <run_address>0x3f7713</run_address>
         <size>0x9</size>
         <input_file_ref idref="fl-17"/>
      </object_component>
      <object_component id="oc-e1">
         <name>.text:_CLK_init</name>
         <load_address>0x3f771c</load_address>
         <run_address>0x3f771c</run_address>
         <size>0x8</size>
         <input_file_ref idref="fl-a"/>
      </object_component>
      <object_component id="oc-e3">
         <name>.text:_FLASH_init</name>
         <load_address>0x3f7724</load_address>
         <run_address>0x3f7724</run_address>
         <size>0x8</size>
         <input_file_ref idref="fl-d"/>
      </object_component>
      <object_component id="oc-e4">
         <name>.text:_GPIO_init</name>
         <load_address>0x3f772c</load_address>
         <run_address>0x3f772c</run_address>
         <size>0x8</size>
         <input_file_ref idref="fl-e"/>
      </object_component>
      <object_component id="oc-e6">
         <name>.text:_PLL_init</name>
         <load_address>0x3f7734</load_address>
         <run_address>0x3f7734</run_address>
         <size>0x8</size>
         <input_file_ref idref="fl-10"/>
      </object_component>
      <object_component id="oc-e7">
         <name>.text:_PWM_init</name>
         <load_address>0x3f773c</load_address>
         <run_address>0x3f773c</run_address>
         <size>0x8</size>
         <input_file_ref idref="fl-11"/>
      </object_component>
      <object_component id="oc-e9">
         <name>.text:_TIMER_init</name>
         <load_address>0x3f7744</load_address>
         <run_address>0x3f7744</run_address>
         <size>0x8</size>
         <input_file_ref idref="fl-12"/>
      </object_component>
      <object_component id="oc-ea">
         <name>.text:_WDOG_disable</name>
         <load_address>0x3f774c</load_address>
         <run_address>0x3f774c</run_address>
         <size>0x8</size>
         <input_file_ref idref="fl-13"/>
      </object_component>
      <object_component id="oc-e8">
         <name>.text:_WDOG_init</name>
         <load_address>0x3f7754</load_address>
         <run_address>0x3f7754</run_address>
         <size>0x8</size>
         <input_file_ref idref="fl-13"/>
      </object_component>
      <object_component id="oc-2c">
         <name>.text</name>
         <load_address>0x3f775c</load_address>
         <run_address>0x3f775c</run_address>
         <size>0x8</size>
         <input_file_ref idref="fl-c"/>
      </object_component>
      <object_component id="oc-eb">
         <name>.text:_CLK_enableAdcClock</name>
         <load_address>0x3f7764</load_address>
         <run_address>0x3f7764</run_address>
         <size>0x7</size>
         <input_file_ref idref="fl-a"/>
      </object_component>
      <object_component id="oc-de">
         <name>.text:_CLK_enableTbClockSync</name>
         <load_address>0x3f776b</load_address>
         <run_address>0x3f776b</run_address>
         <size>0x7</size>
         <input_file_ref idref="fl-a"/>
      </object_component>
      <object_component id="oc-ec">
         <name>.text:_CLK_setOscSrc</name>
         <load_address>0x3f7772</load_address>
         <run_address>0x3f7772</run_address>
         <size>0x7</size>
         <input_file_ref idref="fl-a"/>
      </object_component>
      <object_component id="oc-ff">
         <name>.text:_PLL_setDivider</name>
         <load_address>0x3f7779</load_address>
         <run_address>0x3f7779</run_address>
         <size>0x7</size>
         <input_file_ref idref="fl-10"/>
      </object_component>
      <object_component id="oc-d2">
         <name>.text:_PWM_setActionQual_Zero_PwmA</name>
         <load_address>0x3f7780</load_address>
         <run_address>0x3f7780</run_address>
         <size>0x7</size>
         <input_file_ref idref="fl-11"/>
      </object_component>
      <object_component id="oc-d4">
         <name>.text:_PWM_setActionQual_Zero_PwmB</name>
         <load_address>0x3f7787</load_address>
         <run_address>0x3f7787</run_address>
         <size>0x7</size>
         <input_file_ref idref="fl-11"/>
      </object_component>
      <object_component id="oc-db">
         <name>.text:_PWM_setDeadBandInputMode</name>
         <load_address>0x3f778e</load_address>
         <run_address>0x3f778e</run_address>
         <size>0x7</size>
         <input_file_ref idref="fl-11"/>
      </object_component>
      <object_component id="oc-d9">
         <name>.text:_PWM_setDeadBandOutputMode</name>
         <load_address>0x3f7795</load_address>
         <run_address>0x3f7795</run_address>
         <size>0x7</size>
         <input_file_ref idref="fl-11"/>
      </object_component>
      <object_component id="oc-da">
         <name>.text:_PWM_setDeadBandPolarity</name>
         <load_address>0x3f779c</load_address>
         <run_address>0x3f779c</run_address>
         <size>0x7</size>
         <input_file_ref idref="fl-11"/>
      </object_component>
      <object_component id="oc-100">
         <name>.text:_PLL_setMultiplier</name>
         <load_address>0x3f77a3</load_address>
         <run_address>0x3f77a3</run_address>
         <size>0x6</size>
         <input_file_ref idref="fl-10"/>
      </object_component>
      <object_component id="oc-d1">
         <name>.text:_PWM_setLoadMode_CmpB</name>
         <load_address>0x3f77a9</load_address>
         <run_address>0x3f77a9</run_address>
         <size>0x6</size>
         <input_file_ref idref="fl-11"/>
      </object_component>
      <object_component id="oc-ce">
         <name>.text:_PWM_setShadowMode_CmpA</name>
         <load_address>0x3f77af</load_address>
         <run_address>0x3f77af</run_address>
         <size>0x6</size>
         <input_file_ref idref="fl-11"/>
      </object_component>
      <object_component id="oc-cf">
         <name>.text:_PWM_setShadowMode_CmpB</name>
         <load_address>0x3f77b5</load_address>
         <run_address>0x3f77b5</run_address>
         <size>0x6</size>
         <input_file_ref idref="fl-11"/>
      </object_component>
      <object_component id="oc-b4">
         <name>.text:_TIMER_setEmulationMode</name>
         <load_address>0x3f77bb</load_address>
         <run_address>0x3f77bb</run_address>
         <size>0x6</size>
         <input_file_ref idref="fl-12"/>
      </object_component>
      <object_component id="oc-69">
         <name>.text:_ADCINT1_ISR</name>
         <load_address>0x3f77c1</load_address>
         <run_address>0x3f77c1</run_address>
         <size>0x5</size>
         <input_file_ref idref="fl-14"/>
      </object_component>
      <object_component id="oc-6a">
         <name>.text:_ADCINT2_ISR</name>
         <load_address>0x3f77c6</load_address>
         <run_address>0x3f77c6</run_address>
         <size>0x5</size>
         <input_file_ref idref="fl-14"/>
      </object_component>
      <object_component id="oc-7f">
         <name>.text:_ADCINT3_ISR</name>
         <load_address>0x3f77cb</load_address>
         <run_address>0x3f77cb</run_address>
         <size>0x5</size>
         <input_file_ref idref="fl-14"/>
      </object_component>
      <object_component id="oc-80">
         <name>.text:_ADCINT4_ISR</name>
         <load_address>0x3f77d0</load_address>
         <run_address>0x3f77d0</run_address>
         <size>0x5</size>
         <input_file_ref idref="fl-14"/>
      </object_component>
      <object_component id="oc-81">
         <name>.text:_ADCINT5_ISR</name>
         <load_address>0x3f77d5</load_address>
         <run_address>0x3f77d5</run_address>
         <size>0x5</size>
         <input_file_ref idref="fl-14"/>
      </object_component>
      <object_component id="oc-82">
         <name>.text:_ADCINT6_ISR</name>
         <load_address>0x3f77da</load_address>
         <run_address>0x3f77da</run_address>
         <size>0x5</size>
         <input_file_ref idref="fl-14"/>
      </object_component>
      <object_component id="oc-83">
         <name>.text:_ADCINT7_ISR</name>
         <load_address>0x3f77df</load_address>
         <run_address>0x3f77df</run_address>
         <size>0x5</size>
         <input_file_ref idref="fl-14"/>
      </object_component>
      <object_component id="oc-84">
         <name>.text:_ADCINT8_ISR</name>
         <load_address>0x3f77e4</load_address>
         <run_address>0x3f77e4</run_address>
         <size>0x5</size>
         <input_file_ref idref="fl-14"/>
      </object_component>
      <object_component id="oc-6d">
         <name>.text:_ADCINT9_ISR</name>
         <load_address>0x3f77e9</load_address>
         <run_address>0x3f77e9</run_address>
         <size>0x5</size>
         <input_file_ref idref="fl-14"/>
      </object_component>
      <object_component id="oc-58">
         <name>.text:_DATALOG_ISR</name>
         <load_address>0x3f77ee</load_address>
         <run_address>0x3f77ee</run_address>
         <size>0x5</size>
         <input_file_ref idref="fl-14"/>
      </object_component>
      <object_component id="oc-78">
         <name>.text:_ECAP1_INT_ISR</name>
         <load_address>0x3f77f3</load_address>
         <run_address>0x3f77f3</run_address>
         <size>0x5</size>
         <input_file_ref idref="fl-14"/>
      </object_component>
      <object_component id="oc-86">
         <name>.text:_EMPTY_ISR</name>
         <load_address>0x3f77f8</load_address>
         <run_address>0x3f77f8</run_address>
         <size>0x5</size>
         <input_file_ref idref="fl-14"/>
      </object_component>
      <object_component id="oc-5a">
         <name>.text:_EMUINT_ISR</name>
         <load_address>0x3f77fd</load_address>
         <run_address>0x3f77fd</run_address>
         <size>0x5</size>
         <input_file_ref idref="fl-14"/>
      </object_component>
      <object_component id="oc-74">
         <name>.text:_EPWM1_INT_ISR</name>
         <load_address>0x3f7802</load_address>
         <run_address>0x3f7802</run_address>
         <size>0x5</size>
         <input_file_ref idref="fl-14"/>
      </object_component>
      <object_component id="oc-70">
         <name>.text:_EPWM1_TZINT_ISR</name>
         <load_address>0x3f7807</load_address>
         <run_address>0x3f7807</run_address>
         <size>0x5</size>
         <input_file_ref idref="fl-14"/>
      </object_component>
      <object_component id="oc-75">
         <name>.text:_EPWM2_INT_ISR</name>
         <load_address>0x3f780c</load_address>
         <run_address>0x3f780c</run_address>
         <size>0x5</size>
         <input_file_ref idref="fl-14"/>
      </object_component>
      <object_component id="oc-71">
         <name>.text:_EPWM2_TZINT_ISR</name>
         <load_address>0x3f7811</load_address>
         <run_address>0x3f7811</run_address>
         <size>0x5</size>
         <input_file_ref idref="fl-14"/>
      </object_component>
      <object_component id="oc-76">
         <name>.text:_EPWM3_INT_ISR</name>
         <load_address>0x3f7816</load_address>
         <run_address>0x3f7816</run_address>
         <size>0x5</size>
         <input_file_ref idref="fl-14"/>
      </object_component>
      <object_component id="oc-72">
         <name>.text:_EPWM3_TZINT_ISR</name>
         <load_address>0x3f781b</load_address>
         <run_address>0x3f781b</run_address>
         <size>0x5</size>
         <input_file_ref idref="fl-14"/>
      </object_component>
      <object_component id="oc-77">
         <name>.text:_EPWM4_INT_ISR</name>
         <load_address>0x3f7820</load_address>
         <run_address>0x3f7820</run_address>
         <size>0x5</size>
         <input_file_ref idref="fl-14"/>
      </object_component>
      <object_component id="oc-73">
         <name>.text:_EPWM4_TZINT_ISR</name>
         <load_address>0x3f7825</load_address>
         <run_address>0x3f7825</run_address>
         <size>0x5</size>
         <input_file_ref idref="fl-14"/>
      </object_component>
      <object_component id="oc-7b">
         <name>.text:_I2CINT1A_ISR</name>
         <load_address>0x3f782a</load_address>
         <run_address>0x3f782a</run_address>
         <size>0x5</size>
         <input_file_ref idref="fl-14"/>
      </object_component>
      <object_component id="oc-7c">
         <name>.text:_I2CINT2A_ISR</name>
         <load_address>0x3f782f</load_address>
         <run_address>0x3f782f</run_address>
         <size>0x5</size>
         <input_file_ref idref="fl-14"/>
      </object_component>
      <object_component id="oc-5c">
         <name>.text:_ILLEGAL_ISR</name>
         <load_address>0x3f7834</load_address>
         <run_address>0x3f7834</run_address>
         <size>0x5</size>
         <input_file_ref idref="fl-14"/>
      </object_component>
      <object_component id="oc-56">
         <name>.text:_INT13_ISR</name>
         <load_address>0x3f7839</load_address>
         <run_address>0x3f7839</run_address>
         <size>0x5</size>
         <input_file_ref idref="fl-14"/>
      </object_component>
      <object_component id="oc-57">
         <name>.text:_INT14_ISR</name>
         <load_address>0x3f783e</load_address>
         <run_address>0x3f783e</run_address>
         <size>0x5</size>
         <input_file_ref idref="fl-14"/>
      </object_component>
      <object_component id="oc-5b">
         <name>.text:_NMI_ISR</name>
         <load_address>0x3f7843</load_address>
         <run_address>0x3f7843</run_address>
         <size>0x5</size>
         <input_file_ref idref="fl-14"/>
      </object_component>
      <object_component id="oc-87">
         <name>.text:_PIE_RESERVED</name>
         <load_address>0x3f7848</load_address>
         <run_address>0x3f7848</run_address>
         <size>0x5</size>
         <input_file_ref idref="fl-14"/>
      </object_component>
      <object_component id="oc-3c">
         <name>.text:_PIE_illegalIsr</name>
         <load_address>0x3f784d</load_address>
         <run_address>0x3f784d</run_address>
         <size>0x5</size>
         <input_file_ref idref="fl-f"/>
      </object_component>
      <object_component id="oc-59">
         <name>.text:_RTOSINT_ISR</name>
         <load_address>0x3f7852</load_address>
         <run_address>0x3f7852</run_address>
         <size>0x5</size>
         <input_file_ref idref="fl-14"/>
      </object_component>
      <object_component id="oc-7d">
         <name>.text:_SCIRXINTA_ISR</name>
         <load_address>0x3f7857</load_address>
         <run_address>0x3f7857</run_address>
         <size>0x5</size>
         <input_file_ref idref="fl-14"/>
      </object_component>
      <object_component id="oc-7e">
         <name>.text:_SCITXINTA_ISR</name>
         <load_address>0x3f785c</load_address>
         <run_address>0x3f785c</run_address>
         <size>0x5</size>
         <input_file_ref idref="fl-14"/>
      </object_component>
      <object_component id="oc-79">
         <name>.text:_SPIRXINTA_ISR</name>
         <load_address>0x3f7861</load_address>
         <run_address>0x3f7861</run_address>
         <size>0x5</size>
         <input_file_ref idref="fl-14"/>
      </object_component>
      <object_component id="oc-7a">
         <name>.text:_SPITXINTA_ISR</name>
         <load_address>0x3f7866</load_address>
         <run_address>0x3f7866</run_address>
         <size>0x5</size>
         <input_file_ref idref="fl-14"/>
      </object_component>
      <object_component id="oc-6e">
         <name>.text:_TINT0_ISR</name>
         <load_address>0x3f786b</load_address>
         <run_address>0x3f786b</run_address>
         <size>0x5</size>
         <input_file_ref idref="fl-14"/>
      </object_component>
      <object_component id="oc-66">
         <name>.text:_USER10_ISR</name>
         <load_address>0x3f7870</load_address>
         <run_address>0x3f7870</run_address>
         <size>0x5</size>
         <input_file_ref idref="fl-14"/>
      </object_component>
      <object_component id="oc-67">
         <name>.text:_USER11_ISR</name>
         <load_address>0x3f7875</load_address>
         <run_address>0x3f7875</run_address>
         <size>0x5</size>
         <input_file_ref idref="fl-14"/>
      </object_component>
      <object_component id="oc-68">
         <name>.text:_USER12_ISR</name>
         <load_address>0x3f787a</load_address>
         <run_address>0x3f787a</run_address>
         <size>0x5</size>
         <input_file_ref idref="fl-14"/>
      </object_component>
      <object_component id="oc-5d">
         <name>.text:_USER1_ISR</name>
         <load_address>0x3f787f</load_address>
         <run_address>0x3f787f</run_address>
         <size>0x5</size>
         <input_file_ref idref="fl-14"/>
      </object_component>
      <object_component id="oc-5e">
         <name>.text:_USER2_ISR</name>
         <load_address>0x3f7884</load_address>
         <run_address>0x3f7884</run_address>
         <size>0x5</size>
         <input_file_ref idref="fl-14"/>
      </object_component>
      <object_component id="oc-5f">
         <name>.text:_USER3_ISR</name>
         <load_address>0x3f7889</load_address>
         <run_address>0x3f7889</run_address>
         <size>0x5</size>
         <input_file_ref idref="fl-14"/>
      </object_component>
      <object_component id="oc-60">
         <name>.text:_USER4_ISR</name>
         <load_address>0x3f788e</load_address>
         <run_address>0x3f788e</run_address>
         <size>0x5</size>
         <input_file_ref idref="fl-14"/>
      </object_component>
      <object_component id="oc-61">
         <name>.text:_USER5_ISR</name>
         <load_address>0x3f7893</load_address>
         <run_address>0x3f7893</run_address>
         <size>0x5</size>
         <input_file_ref idref="fl-14"/>
      </object_component>
      <object_component id="oc-62">
         <name>.text:_USER6_ISR</name>
         <load_address>0x3f7898</load_address>
         <run_address>0x3f7898</run_address>
         <size>0x5</size>
         <input_file_ref idref="fl-14"/>
      </object_component>
      <object_component id="oc-63">
         <name>.text:_USER7_ISR</name>
         <load_address>0x3f789d</load_address>
         <run_address>0x3f789d</run_address>
         <size>0x5</size>
         <input_file_ref idref="fl-14"/>
      </object_component>
      <object_component id="oc-64">
         <name>.text:_USER8_ISR</name>
         <load_address>0x3f78a2</load_address>
         <run_address>0x3f78a2</run_address>
         <size>0x5</size>
         <input_file_ref idref="fl-14"/>
      </object_component>
      <object_component id="oc-65">
         <name>.text:_USER9_ISR</name>
         <load_address>0x3f78a7</load_address>
         <run_address>0x3f78a7</run_address>
         <size>0x5</size>
         <input_file_ref idref="fl-14"/>
      </object_component>
      <object_component id="oc-6f">
         <name>.text:_WAKEINT_ISR</name>
         <load_address>0x3f78ac</load_address>
         <run_address>0x3f78ac</run_address>
         <size>0x5</size>
         <input_file_ref idref="fl-14"/>
      </object_component>
      <object_component id="oc-6b">
         <name>.text:_XINT1_ISR</name>
         <load_address>0x3f78b1</load_address>
         <run_address>0x3f78b1</run_address>
         <size>0x5</size>
         <input_file_ref idref="fl-14"/>
      </object_component>
      <object_component id="oc-6c">
         <name>.text:_XINT2_ISR</name>
         <load_address>0x3f78b6</load_address>
         <run_address>0x3f78b6</run_address>
         <size>0x5</size>
         <input_file_ref idref="fl-14"/>
      </object_component>
      <object_component id="oc-85">
         <name>.text:_XINT3_ISR</name>
         <load_address>0x3f78bb</load_address>
         <run_address>0x3f78bb</run_address>
         <size>0x5</size>
         <input_file_ref idref="fl-14"/>
      </object_component>
      <object_component id="oc-88">
         <name>.text:_rsvd_ISR</name>
         <load_address>0x3f78c0</load_address>
         <run_address>0x3f78c0</run_address>
         <size>0x5</size>
         <input_file_ref idref="fl-14"/>
      </object_component>
      <object_component id="oc-f8">
         <name>.text:_CPU_enableInt</name>
         <load_address>0x3f78c5</load_address>
         <run_address>0x3f78c5</run_address>
         <size>0x4</size>
         <input_file_ref idref="fl-b"/>
      </object_component>
      <object_component id="oc-e2">
         <name>.text:_CPU_init</name>
         <load_address>0x3f78c9</load_address>
         <run_address>0x3f78c9</run_address>
         <size>0x4</size>
         <input_file_ref idref="fl-b"/>
      </object_component>
      <object_component id="oc-d6">
         <name>.text:_PWM_enableSocAPulse</name>
         <load_address>0x3f78cd</load_address>
         <run_address>0x3f78cd</run_address>
         <size>0x4</size>
         <input_file_ref idref="fl-11"/>
      </object_component>
      <object_component id="oc-cd">
         <name>.text:_PWM_setClkDiv</name>
         <load_address>0x3f78d1</load_address>
         <run_address>0x3f78d1</run_address>
         <size>0x4</size>
         <input_file_ref idref="fl-11"/>
      </object_component>
      <object_component id="oc-c7">
         <name>.text:_PWM_setCounterMode</name>
         <load_address>0x3f78d5</load_address>
         <run_address>0x3f78d5</run_address>
         <size>0x4</size>
         <input_file_ref idref="fl-11"/>
      </object_component>
      <object_component id="oc-cc">
         <name>.text:_PWM_setHighSpeedClkDiv</name>
         <load_address>0x3f78d9</load_address>
         <run_address>0x3f78d9</run_address>
         <size>0x4</size>
         <input_file_ref idref="fl-11"/>
      </object_component>
      <object_component id="oc-d0">
         <name>.text:_PWM_setLoadMode_CmpA</name>
         <load_address>0x3f78dd</load_address>
         <run_address>0x3f78dd</run_address>
         <size>0x4</size>
         <input_file_ref idref="fl-11"/>
      </object_component>
      <object_component id="oc-f1">
         <name>.text:_CPU_clearIntFlags</name>
         <load_address>0x3f78e1</load_address>
         <run_address>0x3f78e1</run_address>
         <size>0x3</size>
         <input_file_ref idref="fl-b"/>
      </object_component>
      <object_component id="oc-f0">
         <name>.text:_CPU_disableGlobalInts</name>
         <load_address>0x3f78e4</load_address>
         <run_address>0x3f78e4</run_address>
         <size>0x3</size>
         <input_file_ref idref="fl-b"/>
      </object_component>
      <object_component id="oc-fb">
         <name>.text:_CPU_enableDebugInt</name>
         <load_address>0x3f78e7</load_address>
         <run_address>0x3f78e7</run_address>
         <size>0x3</size>
         <input_file_ref idref="fl-b"/>
      </object_component>
      <object_component id="oc-fa">
         <name>.text:_CPU_enableGlobalInts</name>
         <load_address>0x3f78ea</load_address>
         <run_address>0x3f78ea</run_address>
         <size>0x3</size>
         <input_file_ref idref="fl-b"/>
      </object_component>
      <object_component id="oc-ee">
         <name>.text:_PIE_disable</name>
         <load_address>0x3f78ed</load_address>
         <run_address>0x3f78ed</run_address>
         <size>0x3</size>
         <input_file_ref idref="fl-f"/>
      </object_component>
      <object_component id="oc-f4">
         <name>.text:_PIE_enable</name>
         <load_address>0x3f78f0</load_address>
         <run_address>0x3f78f0</run_address>
         <size>0x3</size>
         <input_file_ref idref="fl-f"/>
      </object_component>
      <object_component id="oc-f9">
         <name>.text:_PIE_enableTimer0Int</name>
         <load_address>0x3f78f3</load_address>
         <run_address>0x3f78f3</run_address>
         <size>0x3</size>
         <input_file_ref idref="fl-f"/>
      </object_component>
      <object_component id="oc-fe">
         <name>.text:_PLL_getClkStatus</name>
         <load_address>0x3f78f6</load_address>
         <run_address>0x3f78f6</run_address>
         <size>0x3</size>
         <input_file_ref idref="fl-10"/>
      </object_component>
      <object_component id="oc-101">
         <name>.text:_PLL_getLockStatus</name>
         <load_address>0x3f78f9</load_address>
         <run_address>0x3f78f9</run_address>
         <size>0x3</size>
         <input_file_ref idref="fl-10"/>
      </object_component>
      <object_component id="oc-c9">
         <name>.text:_PWM_disableCounterLoad</name>
         <load_address>0x3f78fc</load_address>
         <run_address>0x3f78fc</run_address>
         <size>0x3</size>
         <input_file_ref idref="fl-11"/>
      </object_component>
      <object_component id="oc-dd">
         <name>.text:_PWM_setDeadBandFallingEdgeDelay</name>
         <load_address>0x3f78ff</load_address>
         <run_address>0x3f78ff</run_address>
         <size>0x3</size>
         <input_file_ref idref="fl-11"/>
      </object_component>
      <object_component id="oc-dc">
         <name>.text:_PWM_setDeadBandRisingEdgeDelay</name>
         <load_address>0x3f7902</load_address>
         <run_address>0x3f7902</run_address>
         <size>0x3</size>
         <input_file_ref idref="fl-11"/>
      </object_component>
      <object_component id="oc-b5">
         <name>.text:_TIMER_enableInt</name>
         <load_address>0x3f7905</load_address>
         <run_address>0x3f7905</run_address>
         <size>0x3</size>
         <input_file_ref idref="fl-12"/>
      </object_component>
      <object_component id="oc-b3">
         <name>.text:_TIMER_reload</name>
         <load_address>0x3f7908</load_address>
         <run_address>0x3f7908</run_address>
         <size>0x3</size>
         <input_file_ref idref="fl-12"/>
      </object_component>
      <object_component id="oc-df">
         <name>.text:_TIMER_start</name>
         <load_address>0x3f790b</load_address>
         <run_address>0x3f790b</run_address>
         <size>0x3</size>
         <input_file_ref idref="fl-12"/>
      </object_component>
      <object_component id="oc-b0">
         <name>.text:_TIMER_stop</name>
         <load_address>0x3f790e</load_address>
         <run_address>0x3f790e</run_address>
         <size>0x3</size>
         <input_file_ref idref="fl-12"/>
      </object_component>
      <object_component id="oc-cb">
         <name>.text:_PWM_setCount</name>
         <load_address>0x3f7911</load_address>
         <run_address>0x3f7911</run_address>
         <size>0x2</size>
         <input_file_ref idref="fl-11"/>
      </object_component>
      <object_component id="oc-c8">
         <name>.text:_PWM_setPeriod</name>
         <load_address>0x3f7913</load_address>
         <run_address>0x3f7913</run_address>
         <size>0x2</size>
         <input_file_ref idref="fl-11"/>
      </object_component>
      <object_component id="oc-ca">
         <name>.text:_PWM_setPhase</name>
         <load_address>0x3f7915</load_address>
         <run_address>0x3f7915</run_address>
         <size>0x2</size>
         <input_file_ref idref="fl-11"/>
      </object_component>
      <object_component id="oc-b1">
         <name>.text:_TIMER_setPeriod</name>
         <load_address>0x3f7917</load_address>
         <run_address>0x3f7917</run_address>
         <size>0x2</size>
         <input_file_ref idref="fl-12"/>
      </object_component>
      <object_component id="oc-8e">
         <name>.stack</name>
         <uninitialized>true</uninitialized>
         <run_address>0x400</run_address>
         <size>0x0</size>
         <input_file_ref idref="fl-15"/>
      </object_component>
      <object_component id="oc-121">
         <name>.stack</name>
         <uninitialized>true</uninitialized>
         <run_address>0x400</run_address>
         <size>0x0</size>
      </object_component>
      <object_component id="oc-16">
         <name>.ebss</name>
         <uninitialized>true</uninitialized>
         <run_address>0x600</run_address>
         <size>0x2a</size>
         <input_file_ref idref="fl-2"/>
      </object_component>
      <object_component id="oc-96">
         <name>.ebss</name>
         <uninitialized>true</uninitialized>
         <run_address>0x62a</run_address>
         <size>0x4</size>
         <input_file_ref idref="fl-16"/>
      </object_component>
      <object_component id="oc-fc">
         <name>.ebss:__lock</name>
         <uninitialized>true</uninitialized>
         <run_address>0x62e</run_address>
         <size>0x2</size>
         <input_file_ref idref="fl-17"/>
      </object_component>
      <object_component id="oc-105">
         <name>.ebss:__unlock</name>
         <uninitialized>true</uninitialized>
         <run_address>0x630</run_address>
         <size>0x2</size>
         <input_file_ref idref="fl-17"/>
      </object_component>
      <object_component id="oc-27">
         <name>.ebss</name>
         <uninitialized>true</uninitialized>
         <run_address>0x632</run_address>
         <size>0x1</size>
         <input_file_ref idref="fl-b"/>
      </object_component>
      <object_component id="oc-102">
         <name>.econst:_PIE_tableDebugInit</name>
         <load_address>0x3f791a</load_address>
         <run_address>0x3f791a</run_address>
         <size>0x100</size>
         <input_file_ref idref="fl-f"/>
      </object_component>
      <object_component id="oc-8f">
         <name>.reset</name>
         <load_address>0x3fffc0</load_address>
         <run_address>0x3fffc0</run_address>
         <size>0x2</size>
         <input_file_ref idref="fl-15"/>
      </object_component>
      <object_component id="oc-14">
         <name>.debug_info</name>
         <load_address>0x0</load_address>
         <run_address>0x0</run_address>
         <size>0x724a</size>
         <input_file_ref idref="fl-2"/>
      </object_component>
      <object_component id="oc-1c">
         <name>.debug_info</name>
         <load_address>0x724a</load_address>
         <run_address>0x724a</run_address>
         <size>0x2a68</size>
         <input_file_ref idref="fl-9"/>
      </object_component>
      <object_component id="oc-21">
         <name>.debug_info</name>
         <load_address>0x9cb2</load_address>
         <run_address>0x9cb2</run_address>
         <size>0x1044</size>
         <input_file_ref idref="fl-a"/>
      </object_component>
      <object_component id="oc-26">
         <name>.debug_info</name>
         <load_address>0xacf6</load_address>
         <run_address>0xacf6</run_address>
         <size>0xa77</size>
         <input_file_ref idref="fl-b"/>
      </object_component>
      <object_component id="oc-2d">
         <name>.debug_info</name>
         <load_address>0xb76d</load_address>
         <run_address>0xb76d</run_address>
         <size>0x1eb</size>
         <input_file_ref idref="fl-c"/>
      </object_component>
      <object_component id="oc-31">
         <name>.debug_info</name>
         <load_address>0xb958</load_address>
         <run_address>0xb958</run_address>
         <size>0xc8c</size>
         <input_file_ref idref="fl-d"/>
      </object_component>
      <object_component id="oc-36">
         <name>.debug_info</name>
         <load_address>0xc5e4</load_address>
         <run_address>0xc5e4</run_address>
         <size>0x1cc3</size>
         <input_file_ref idref="fl-e"/>
      </object_component>
      <object_component id="oc-3b">
         <name>.debug_info</name>
         <load_address>0xe2a7</load_address>
         <run_address>0xe2a7</run_address>
         <size>0x2f4f</size>
         <input_file_ref idref="fl-f"/>
      </object_component>
      <object_component id="oc-41">
         <name>.debug_info</name>
         <load_address>0x111f6</load_address>
         <run_address>0x111f6</run_address>
         <size>0xd6c</size>
         <input_file_ref idref="fl-10"/>
      </object_component>
      <object_component id="oc-46">
         <name>.debug_info</name>
         <load_address>0x11f62</load_address>
         <run_address>0x11f62</run_address>
         <size>0x4068</size>
         <input_file_ref idref="fl-11"/>
      </object_component>
      <object_component id="oc-4b">
         <name>.debug_info</name>
         <load_address>0x15fca</load_address>
         <run_address>0x15fca</run_address>
         <size>0xd58</size>
         <input_file_ref idref="fl-12"/>
      </object_component>
      <object_component id="oc-50">
         <name>.debug_info</name>
         <load_address>0x16d22</load_address>
         <run_address>0x16d22</run_address>
         <size>0x7a9</size>
         <input_file_ref idref="fl-13"/>
      </object_component>
      <object_component id="oc-55">
         <name>.debug_info</name>
         <load_address>0x174cb</load_address>
         <run_address>0x174cb</run_address>
         <size>0x2d3e</size>
         <input_file_ref idref="fl-14"/>
      </object_component>
      <object_component id="oc-90">
         <name>.debug_info</name>
         <load_address>0x1a209</load_address>
         <run_address>0x1a209</run_address>
         <size>0x112</size>
         <input_file_ref idref="fl-15"/>
      </object_component>
      <object_component id="oc-94">
         <name>.debug_info</name>
         <load_address>0x1a31b</load_address>
         <run_address>0x1a31b</run_address>
         <size>0x407</size>
         <input_file_ref idref="fl-16"/>
      </object_component>
      <object_component id="oc-9b">
         <name>.debug_info</name>
         <load_address>0x1a722</load_address>
         <run_address>0x1a722</run_address>
         <size>0x431</size>
         <input_file_ref idref="fl-17"/>
      </object_component>
      <object_component id="oc-a0">
         <name>.debug_info</name>
         <load_address>0x1ab53</load_address>
         <run_address>0x1ab53</run_address>
         <size>0x3bb</size>
         <input_file_ref idref="fl-18"/>
      </object_component>
      <object_component id="oc-a5">
         <name>.debug_info</name>
         <load_address>0x1af0e</load_address>
         <run_address>0x1af0e</run_address>
         <size>0x3fe</size>
         <input_file_ref idref="fl-19"/>
      </object_component>
      <object_component id="oc-125">
         <name>.debug_info</name>
         <load_address>0x1b30c</load_address>
         <run_address>0x1b30c</run_address>
         <size>0xad</size>
      </object_component>
      <object_component id="oc-18">
         <name>.debug_frame</name>
         <load_address>0x0</load_address>
         <run_address>0x0</run_address>
         <size>0x272</size>
         <input_file_ref idref="fl-2"/>
      </object_component>
      <object_component id="oc-1d">
         <name>.debug_frame</name>
         <load_address>0x272</load_address>
         <run_address>0x272</run_address>
         <size>0x188</size>
         <input_file_ref idref="fl-9"/>
      </object_component>
      <object_component id="oc-22">
         <name>.debug_frame</name>
         <load_address>0x3fa</load_address>
         <run_address>0x3fa</run_address>
         <size>0xe0</size>
         <input_file_ref idref="fl-a"/>
      </object_component>
      <object_component id="oc-28">
         <name>.debug_frame</name>
         <load_address>0x4da</load_address>
         <run_address>0x4da</run_address>
         <size>0xe0</size>
         <input_file_ref idref="fl-b"/>
      </object_component>
      <object_component id="oc-32">
         <name>.debug_frame</name>
         <load_address>0x5ba</load_address>
         <run_address>0x5ba</run_address>
         <size>0x77</size>
         <input_file_ref idref="fl-d"/>
      </object_component>
      <object_component id="oc-37">
         <name>.debug_frame</name>
         <load_address>0x631</load_address>
         <run_address>0x631</run_address>
         <size>0xe0</size>
         <input_file_ref idref="fl-e"/>
      </object_component>
      <object_component id="oc-3d">
         <name>.debug_frame</name>
         <load_address>0x711</load_address>
         <run_address>0x711</run_address>
         <size>0x134</size>
         <input_file_ref idref="fl-f"/>
      </object_component>
      <object_component id="oc-42">
         <name>.debug_frame</name>
         <load_address>0x845</load_address>
         <run_address>0x845</run_address>
         <size>0xe0</size>
         <input_file_ref idref="fl-10"/>
      </object_component>
      <object_component id="oc-47">
         <name>.debug_frame</name>
         <load_address>0x925</load_address>
         <run_address>0x925</run_address>
         <size>0x25a</size>
         <input_file_ref idref="fl-11"/>
      </object_component>
      <object_component id="oc-4c">
         <name>.debug_frame</name>
         <load_address>0xb7f</load_address>
         <run_address>0xb7f</run_address>
         <size>0x10a</size>
         <input_file_ref idref="fl-12"/>
      </object_component>
      <object_component id="oc-51">
         <name>.debug_frame</name>
         <load_address>0xc89</load_address>
         <run_address>0xc89</run_address>
         <size>0x8c</size>
         <input_file_ref idref="fl-13"/>
      </object_component>
      <object_component id="oc-89">
         <name>.debug_frame</name>
         <load_address>0xd15</load_address>
         <run_address>0xd15</run_address>
         <size>0x491</size>
         <input_file_ref idref="fl-14"/>
      </object_component>
      <object_component id="oc-97">
         <name>.debug_frame</name>
         <load_address>0x11a6</load_address>
         <run_address>0x11a6</run_address>
         <size>0x95</size>
         <input_file_ref idref="fl-16"/>
      </object_component>
      <object_component id="oc-9c">
         <name>.debug_frame</name>
         <load_address>0x123b</load_address>
         <run_address>0x123b</run_address>
         <size>0xa1</size>
         <input_file_ref idref="fl-17"/>
      </object_component>
      <object_component id="oc-a1">
         <name>.debug_frame</name>
         <load_address>0x12dc</load_address>
         <run_address>0x12dc</run_address>
         <size>0x77</size>
         <input_file_ref idref="fl-18"/>
      </object_component>
      <object_component id="oc-a6">
         <name>.debug_frame</name>
         <load_address>0x1353</load_address>
         <run_address>0x1353</run_address>
         <size>0x77</size>
         <input_file_ref idref="fl-19"/>
      </object_component>
      <object_component id="oc-19">
         <name>.debug_line</name>
         <load_address>0x0</load_address>
         <run_address>0x0</run_address>
         <size>0x46e</size>
         <input_file_ref idref="fl-2"/>
      </object_component>
      <object_component id="oc-1e">
         <name>.debug_line</name>
         <load_address>0x46e</load_address>
         <run_address>0x46e</run_address>
         <size>0x230</size>
         <input_file_ref idref="fl-9"/>
      </object_component>
      <object_component id="oc-23">
         <name>.debug_line</name>
         <load_address>0x69e</load_address>
         <run_address>0x69e</run_address>
         <size>0x119</size>
         <input_file_ref idref="fl-a"/>
      </object_component>
      <object_component id="oc-29">
         <name>.debug_line</name>
         <load_address>0x7b7</load_address>
         <run_address>0x7b7</run_address>
         <size>0xfb</size>
         <input_file_ref idref="fl-b"/>
      </object_component>
      <object_component id="oc-2e">
         <name>.debug_line</name>
         <load_address>0x8b2</load_address>
         <run_address>0x8b2</run_address>
         <size>0x9d</size>
         <input_file_ref idref="fl-c"/>
      </object_component>
      <object_component id="oc-33">
         <name>.debug_line</name>
         <load_address>0x94f</load_address>
         <run_address>0x94f</run_address>
         <size>0x84</size>
         <input_file_ref idref="fl-d"/>
      </object_component>
      <object_component id="oc-38">
         <name>.debug_line</name>
         <load_address>0x9d3</load_address>
         <run_address>0x9d3</run_address>
         <size>0x184</size>
         <input_file_ref idref="fl-e"/>
      </object_component>
      <object_component id="oc-3e">
         <name>.debug_line</name>
         <load_address>0xb57</load_address>
         <run_address>0xb57</run_address>
         <size>0x19f</size>
         <input_file_ref idref="fl-f"/>
      </object_component>
      <object_component id="oc-43">
         <name>.debug_line</name>
         <load_address>0xcf6</load_address>
         <run_address>0xcf6</run_address>
         <size>0x123</size>
         <input_file_ref idref="fl-10"/>
      </object_component>
      <object_component id="oc-48">
         <name>.debug_line</name>
         <load_address>0xe19</load_address>
         <run_address>0xe19</run_address>
         <size>0x316</size>
         <input_file_ref idref="fl-11"/>
      </object_component>
      <object_component id="oc-4d">
         <name>.debug_line</name>
         <load_address>0x112f</load_address>
         <run_address>0x112f</run_address>
         <size>0x148</size>
         <input_file_ref idref="fl-12"/>
      </object_component>
      <object_component id="oc-52">
         <name>.debug_line</name>
         <load_address>0x1277</load_address>
         <run_address>0x1277</run_address>
         <size>0xa3</size>
         <input_file_ref idref="fl-13"/>
      </object_component>
      <object_component id="oc-8a">
         <name>.debug_line</name>
         <load_address>0x131a</load_address>
         <run_address>0x131a</run_address>
         <size>0x4fb</size>
         <input_file_ref idref="fl-14"/>
      </object_component>
      <object_component id="oc-91">
         <name>.debug_line</name>
         <load_address>0x1815</load_address>
         <run_address>0x1815</run_address>
         <size>0x73</size>
         <input_file_ref idref="fl-15"/>
      </object_component>
      <object_component id="oc-98">
         <name>.debug_line</name>
         <load_address>0x1888</load_address>
         <run_address>0x1888</run_address>
         <size>0x5d</size>
         <input_file_ref idref="fl-16"/>
      </object_component>
      <object_component id="oc-9d">
         <name>.debug_line</name>
         <load_address>0x18e5</load_address>
         <run_address>0x18e5</run_address>
         <size>0x5e</size>
         <input_file_ref idref="fl-17"/>
      </object_component>
      <object_component id="oc-a2">
         <name>.debug_line</name>
         <load_address>0x1943</load_address>
         <run_address>0x1943</run_address>
         <size>0x62</size>
         <input_file_ref idref="fl-18"/>
      </object_component>
      <object_component id="oc-a7">
         <name>.debug_line</name>
         <load_address>0x19a5</load_address>
         <run_address>0x19a5</run_address>
         <size>0x59</size>
         <input_file_ref idref="fl-19"/>
      </object_component>
      <object_component id="oc-1a">
         <name>.debug_abbrev</name>
         <load_address>0x0</load_address>
         <run_address>0x0</run_address>
         <size>0x226</size>
         <input_file_ref idref="fl-2"/>
      </object_component>
      <object_component id="oc-1f">
         <name>.debug_abbrev</name>
         <load_address>0x226</load_address>
         <run_address>0x226</run_address>
         <size>0x191</size>
         <input_file_ref idref="fl-9"/>
      </object_component>
      <object_component id="oc-24">
         <name>.debug_abbrev</name>
         <load_address>0x3b7</load_address>
         <run_address>0x3b7</run_address>
         <size>0x174</size>
         <input_file_ref idref="fl-a"/>
      </object_component>
      <object_component id="oc-2a">
         <name>.debug_abbrev</name>
         <load_address>0x52b</load_address>
         <run_address>0x52b</run_address>
         <size>0x11b</size>
         <input_file_ref idref="fl-b"/>
      </object_component>
      <object_component id="oc-2f">
         <name>.debug_abbrev</name>
         <load_address>0x646</load_address>
         <run_address>0x646</run_address>
         <size>0x21</size>
         <input_file_ref idref="fl-c"/>
      </object_component>
      <object_component id="oc-34">
         <name>.debug_abbrev</name>
         <load_address>0x667</load_address>
         <run_address>0x667</run_address>
         <size>0x16e</size>
         <input_file_ref idref="fl-d"/>
      </object_component>
      <object_component id="oc-39">
         <name>.debug_abbrev</name>
         <load_address>0x7d5</load_address>
         <run_address>0x7d5</run_address>
         <size>0x16b</size>
         <input_file_ref idref="fl-e"/>
      </object_component>
      <object_component id="oc-3f">
         <name>.debug_abbrev</name>
         <load_address>0x940</load_address>
         <run_address>0x940</run_address>
         <size>0x1d9</size>
         <input_file_ref idref="fl-f"/>
      </object_component>
      <object_component id="oc-44">
         <name>.debug_abbrev</name>
         <load_address>0xb19</load_address>
         <run_address>0xb19</run_address>
         <size>0x182</size>
         <input_file_ref idref="fl-10"/>
      </object_component>
      <object_component id="oc-49">
         <name>.debug_abbrev</name>
         <load_address>0xc9b</load_address>
         <run_address>0xc9b</run_address>
         <size>0x176</size>
         <input_file_ref idref="fl-11"/>
      </object_component>
      <object_component id="oc-4e">
         <name>.debug_abbrev</name>
         <load_address>0xe11</load_address>
         <run_address>0xe11</run_address>
         <size>0x11b</size>
         <input_file_ref idref="fl-12"/>
      </object_component>
      <object_component id="oc-53">
         <name>.debug_abbrev</name>
         <load_address>0xf2c</load_address>
         <run_address>0xf2c</run_address>
         <size>0x11d</size>
         <input_file_ref idref="fl-13"/>
      </object_component>
      <object_component id="oc-8b">
         <name>.debug_abbrev</name>
         <load_address>0x1049</load_address>
         <run_address>0x1049</run_address>
         <size>0xb6</size>
         <input_file_ref idref="fl-14"/>
      </object_component>
      <object_component id="oc-92">
         <name>.debug_abbrev</name>
         <load_address>0x10ff</load_address>
         <run_address>0x10ff</run_address>
         <size>0x45</size>
         <input_file_ref idref="fl-15"/>
      </object_component>
      <object_component id="oc-99">
         <name>.debug_abbrev</name>
         <load_address>0x1144</load_address>
         <run_address>0x1144</run_address>
         <size>0x117</size>
         <input_file_ref idref="fl-16"/>
      </object_component>
      <object_component id="oc-9e">
         <name>.debug_abbrev</name>
         <load_address>0x125b</load_address>
         <run_address>0x125b</run_address>
         <size>0xb2</size>
         <input_file_ref idref="fl-17"/>
      </object_component>
      <object_component id="oc-a3">
         <name>.debug_abbrev</name>
         <load_address>0x130d</load_address>
         <run_address>0x130d</run_address>
         <size>0xa8</size>
         <input_file_ref idref="fl-18"/>
      </object_component>
      <object_component id="oc-a8">
         <name>.debug_abbrev</name>
         <load_address>0x13b5</load_address>
         <run_address>0x13b5</run_address>
         <size>0xfe</size>
         <input_file_ref idref="fl-19"/>
      </object_component>
      <object_component id="oc-126">
         <name>.debug_abbrev</name>
         <load_address>0x14b3</load_address>
         <run_address>0x14b3</run_address>
         <size>0xf</size>
      </object_component>
      <object_component id="oc-1b">
         <name>.debug_aranges</name>
         <load_address>0x0</load_address>
         <run_address>0x0</run_address>
         <size>0x88</size>
         <input_file_ref idref="fl-2"/>
      </object_component>
      <object_component id="oc-20">
         <name>.debug_aranges</name>
         <load_address>0x88</load_address>
         <run_address>0x88</run_address>
         <size>0x88</size>
         <input_file_ref idref="fl-9"/>
      </object_component>
      <object_component id="oc-25">
         <name>.debug_aranges</name>
         <load_address>0x110</load_address>
         <run_address>0x110</run_address>
         <size>0x48</size>
         <input_file_ref idref="fl-a"/>
      </object_component>
      <object_component id="oc-2b">
         <name>.debug_aranges</name>
         <load_address>0x158</load_address>
         <run_address>0x158</run_address>
         <size>0x48</size>
         <input_file_ref idref="fl-b"/>
      </object_component>
      <object_component id="oc-30">
         <name>.debug_aranges</name>
         <load_address>0x1a0</load_address>
         <run_address>0x1a0</run_address>
         <size>0x28</size>
         <input_file_ref idref="fl-c"/>
      </object_component>
      <object_component id="oc-35">
         <name>.debug_aranges</name>
         <load_address>0x1c8</load_address>
         <run_address>0x1c8</run_address>
         <size>0x20</size>
         <input_file_ref idref="fl-d"/>
      </object_component>
      <object_component id="oc-3a">
         <name>.debug_aranges</name>
         <load_address>0x1e8</load_address>
         <run_address>0x1e8</run_address>
         <size>0x48</size>
         <input_file_ref idref="fl-e"/>
      </object_component>
      <object_component id="oc-40">
         <name>.debug_aranges</name>
         <load_address>0x230</load_address>
         <run_address>0x230</run_address>
         <size>0x68</size>
         <input_file_ref idref="fl-f"/>
      </object_component>
      <object_component id="oc-45">
         <name>.debug_aranges</name>
         <load_address>0x298</load_address>
         <run_address>0x298</run_address>
         <size>0x48</size>
         <input_file_ref idref="fl-10"/>
      </object_component>
      <object_component id="oc-4a">
         <name>.debug_aranges</name>
         <load_address>0x2e0</load_address>
         <run_address>0x2e0</run_address>
         <size>0xd8</size>
         <input_file_ref idref="fl-11"/>
      </object_component>
      <object_component id="oc-4f">
         <name>.debug_aranges</name>
         <load_address>0x3b8</load_address>
         <run_address>0x3b8</run_address>
         <size>0x58</size>
         <input_file_ref idref="fl-12"/>
      </object_component>
      <object_component id="oc-54">
         <name>.debug_aranges</name>
         <load_address>0x410</load_address>
         <run_address>0x410</run_address>
         <size>0x28</size>
         <input_file_ref idref="fl-13"/>
      </object_component>
      <object_component id="oc-8c">
         <name>.debug_aranges</name>
         <load_address>0x438</load_address>
         <run_address>0x438</run_address>
         <size>0x1b0</size>
         <input_file_ref idref="fl-14"/>
      </object_component>
      <object_component id="oc-93">
         <name>.debug_aranges</name>
         <load_address>0x5e8</load_address>
         <run_address>0x5e8</run_address>
         <size>0x20</size>
         <input_file_ref idref="fl-15"/>
      </object_component>
      <object_component id="oc-9a">
         <name>.debug_aranges</name>
         <load_address>0x608</load_address>
         <run_address>0x608</run_address>
         <size>0x28</size>
         <input_file_ref idref="fl-16"/>
      </object_component>
      <object_component id="oc-9f">
         <name>.debug_aranges</name>
         <load_address>0x630</load_address>
         <run_address>0x630</run_address>
         <size>0x30</size>
         <input_file_ref idref="fl-17"/>
      </object_component>
      <object_component id="oc-a4">
         <name>.debug_aranges</name>
         <load_address>0x660</load_address>
         <run_address>0x660</run_address>
         <size>0x20</size>
         <input_file_ref idref="fl-18"/>
      </object_component>
      <object_component id="oc-a9">
         <name>.debug_aranges</name>
         <load_address>0x680</load_address>
         <run_address>0x680</run_address>
         <size>0x20</size>
         <input_file_ref idref="fl-19"/>
      </object_component>
   </object_component_list>
   <logical_group_list>
      <logical_group id="lg-2" display="no" color="cyan">
         <name>codestart</name>
         <load_address>0x3f7ff6</load_address>
         <run_address>0x3f7ff6</run_address>
         <size>0x2</size>
         <contents>
            <object_component_ref idref="oc-13"/>
         </contents>
      </logical_group>
      <logical_group id="lg-3" display="no" color="cyan">
         <name>ramfuncs</name>
         <run_address>0x50</run_address>
         <size>0x0</size>
         <contents>
         </contents>
      </logical_group>
      <logical_group id="lg-4" display="no" color="cyan">
         <name>.cinit</name>
         <load_address>0x3f7a1a</load_address>
         <run_address>0x3f7a1a</run_address>
         <size>0x4d</size>
         <contents>
            <object_component_ref idref="oc-15"/>
            <object_component_ref idref="oc-95"/>
            <object_component_ref idref="oc-fd"/>
            <object_component_ref idref="oc-104"/>
         </contents>
      </logical_group>
      <logical_group id="lg-5" display="no" color="cyan">
         <name>.pinit</name>
         <run_address>0x0</run_address>
         <size>0x0</size>
         <contents>
         </contents>
      </logical_group>
      <logical_group id="lg-122" display="no" color="cyan">
         <name>.text</name>
         <load_address>0x3f7000</load_address>
         <run_address>0x3f7000</run_address>
         <size>0x919</size>
         <contents>
            <object_component_ref idref="oc-ab"/>
            <object_component_ref idref="oc-17"/>
            <object_component_ref idref="oc-b7"/>
            <object_component_ref idref="oc-8d"/>
            <object_component_ref idref="oc-b8"/>
            <object_component_ref idref="oc-b6"/>
            <object_component_ref idref="oc-c2"/>
            <object_component_ref idref="oc-c3"/>
            <object_component_ref idref="oc-f2"/>
            <object_component_ref idref="oc-ac"/>
            <object_component_ref idref="oc-ad"/>
            <object_component_ref idref="oc-c1"/>
            <object_component_ref idref="oc-ed"/>
            <object_component_ref idref="oc-b9"/>
            <object_component_ref idref="oc-aa"/>
            <object_component_ref idref="oc-f7"/>
            <object_component_ref idref="oc-b2"/>
            <object_component_ref idref="oc-c4"/>
            <object_component_ref idref="oc-c6"/>
            <object_component_ref idref="oc-c5"/>
            <object_component_ref idref="oc-c0"/>
            <object_component_ref idref="oc-be"/>
            <object_component_ref idref="oc-ef"/>
            <object_component_ref idref="oc-f3"/>
            <object_component_ref idref="oc-f5"/>
            <object_component_ref idref="oc-f6"/>
            <object_component_ref idref="oc-bd"/>
            <object_component_ref idref="oc-ba"/>
            <object_component_ref idref="oc-bb"/>
            <object_component_ref idref="oc-bf"/>
            <object_component_ref idref="oc-e0"/>
            <object_component_ref idref="oc-bc"/>
            <object_component_ref idref="oc-ae"/>
            <object_component_ref idref="oc-e5"/>
            <object_component_ref idref="oc-af"/>
            <object_component_ref idref="oc-d3"/>
            <object_component_ref idref="oc-d5"/>
            <object_component_ref idref="oc-d8"/>
            <object_component_ref idref="oc-d7"/>
            <object_component_ref idref="oc-103"/>
            <object_component_ref idref="oc-e1"/>
            <object_component_ref idref="oc-e3"/>
            <object_component_ref idref="oc-e4"/>
            <object_component_ref idref="oc-e6"/>
            <object_component_ref idref="oc-e7"/>
            <object_component_ref idref="oc-e9"/>
            <object_component_ref idref="oc-ea"/>
            <object_component_ref idref="oc-e8"/>
            <object_component_ref idref="oc-2c"/>
            <object_component_ref idref="oc-eb"/>
            <object_component_ref idref="oc-de"/>
            <object_component_ref idref="oc-ec"/>
            <object_component_ref idref="oc-ff"/>
            <object_component_ref idref="oc-d2"/>
            <object_component_ref idref="oc-d4"/>
            <object_component_ref idref="oc-db"/>
            <object_component_ref idref="oc-d9"/>
            <object_component_ref idref="oc-da"/>
            <object_component_ref idref="oc-100"/>
            <object_component_ref idref="oc-d1"/>
            <object_component_ref idref="oc-ce"/>
            <object_component_ref idref="oc-cf"/>
            <object_component_ref idref="oc-b4"/>
            <object_component_ref idref="oc-69"/>
            <object_component_ref idref="oc-6a"/>
            <object_component_ref idref="oc-7f"/>
            <object_component_ref idref="oc-80"/>
            <object_component_ref idref="oc-81"/>
            <object_component_ref idref="oc-82"/>
            <object_component_ref idref="oc-83"/>
            <object_component_ref idref="oc-84"/>
            <object_component_ref idref="oc-6d"/>
            <object_component_ref idref="oc-58"/>
            <object_component_ref idref="oc-78"/>
            <object_component_ref idref="oc-86"/>
            <object_component_ref idref="oc-5a"/>
            <object_component_ref idref="oc-74"/>
            <object_component_ref idref="oc-70"/>
            <object_component_ref idref="oc-75"/>
            <object_component_ref idref="oc-71"/>
            <object_component_ref idref="oc-76"/>
            <object_component_ref idref="oc-72"/>
            <object_component_ref idref="oc-77"/>
            <object_component_ref idref="oc-73"/>
            <object_component_ref idref="oc-7b"/>
            <object_component_ref idref="oc-7c"/>
            <object_component_ref idref="oc-5c"/>
            <object_component_ref idref="oc-56"/>
            <object_component_ref idref="oc-57"/>
            <object_component_ref idref="oc-5b"/>
            <object_component_ref idref="oc-87"/>
            <object_component_ref idref="oc-3c"/>
            <object_component_ref idref="oc-59"/>
            <object_component_ref idref="oc-7d"/>
            <object_component_ref idref="oc-7e"/>
            <object_component_ref idref="oc-79"/>
            <object_component_ref idref="oc-7a"/>
            <object_component_ref idref="oc-6e"/>
            <object_component_ref idref="oc-66"/>
            <object_component_ref idref="oc-67"/>
            <object_component_ref idref="oc-68"/>
            <object_component_ref idref="oc-5d"/>
            <object_component_ref idref="oc-5e"/>
            <object_component_ref idref="oc-5f"/>
            <object_component_ref idref="oc-60"/>
            <object_component_ref idref="oc-61"/>
            <object_component_ref idref="oc-62"/>
            <object_component_ref idref="oc-63"/>
            <object_component_ref idref="oc-64"/>
            <object_component_ref idref="oc-65"/>
            <object_component_ref idref="oc-6f"/>
            <object_component_ref idref="oc-6b"/>
            <object_component_ref idref="oc-6c"/>
            <object_component_ref idref="oc-85"/>
            <object_component_ref idref="oc-88"/>
            <object_component_ref idref="oc-f8"/>
            <object_component_ref idref="oc-e2"/>
            <object_component_ref idref="oc-d6"/>
            <object_component_ref idref="oc-cd"/>
            <object_component_ref idref="oc-c7"/>
            <object_component_ref idref="oc-cc"/>
            <object_component_ref idref="oc-d0"/>
            <object_component_ref idref="oc-f1"/>
            <object_component_ref idref="oc-f0"/>
            <object_component_ref idref="oc-fb"/>
            <object_component_ref idref="oc-fa"/>
            <object_component_ref idref="oc-ee"/>
            <object_component_ref idref="oc-f4"/>
            <object_component_ref idref="oc-f9"/>
            <object_component_ref idref="oc-fe"/>
            <object_component_ref idref="oc-101"/>
            <object_component_ref idref="oc-c9"/>
            <object_component_ref idref="oc-dd"/>
            <object_component_ref idref="oc-dc"/>
            <object_component_ref idref="oc-b5"/>
            <object_component_ref idref="oc-b3"/>
            <object_component_ref idref="oc-df"/>
            <object_component_ref idref="oc-b0"/>
            <object_component_ref idref="oc-cb"/>
            <object_component_ref idref="oc-c8"/>
            <object_component_ref idref="oc-ca"/>
            <object_component_ref idref="oc-b1"/>
         </contents>
      </logical_group>
      <split_section id="lg-6" display="no" color="cyan">
         <name>.text</name>
         <contents>
            <logical_group_ref idref="lg-122"/>
         </contents>
      </split_section>
      <logical_group id="lg-7" display="no" color="cyan">
         <name>csmpasswds</name>
         <run_address>0x0</run_address>
         <size>0x0</size>
         <contents>
         </contents>
      </logical_group>
      <logical_group id="lg-8" display="no" color="cyan">
         <name>csm_rsvd</name>
         <run_address>0x0</run_address>
         <size>0x0</size>
         <contents>
         </contents>
      </logical_group>
      <logical_group id="lg-9" display="no" color="cyan">
         <name>.stack</name>
         <run_address>0x400</run_address>
         <size>0x200</size>
         <contents>
            <object_component_ref idref="oc-8e"/>
            <object_component_ref idref="oc-121"/>
         </contents>
      </logical_group>
      <logical_group id="lg-123" display="no" color="cyan">
         <name>.ebss</name>
         <run_address>0x600</run_address>
         <size>0x33</size>
         <contents>
            <object_component_ref idref="oc-16"/>
            <object_component_ref idref="oc-96"/>
            <object_component_ref idref="oc-fc"/>
[...]
      </symbol>
      <symbol id="sm-12f">
         <name>_GPIO_setMode</name>
         <value>0x3f7416</value>
         <object_component_ref idref="oc-b7"/>
      </symbol>
      <symbol id="sm-130">
         <name>_GPIO_init</name>
         <value>0x3f772c</value>
         <object_component_ref idref="oc-e4"/>
      </symbol>
      <symbol id="sm-131">
         <name>_GPIO_setPullUp</name>
         <value>0x3f74cb</value>
         <object_component_ref idref="oc-b6"/>
      </symbol>
      <symbol id="sm-132">
         <name>_GPIO_setDirection</name>
         <value>0x3f74a2</value>
         <object_component_ref idref="oc-b8"/>
      </symbol>
      <symbol id="sm-15c">
         <name>_PIE_enable</name>
         <value>0x3f78f0</value>
         <object_component_ref idref="oc-f4"/>
      </symbol>
      <symbol id="sm-15d">
         <name>_PIE_enableAdcInt</name>
         <value>0x3f75db</value>
         <object_component_ref idref="oc-f7"/>
      </symbol>
      <symbol id="sm-15e">
         <name>_PIE_registerSystemIntHandler</name>
         <value>0x3f768b</value>
         <object_component_ref idref="oc-f6"/>
      </symbol>
      <symbol id="sm-15f">
         <name>_PIE_disableAllInts</name>
         <value>0x3f765a</value>
         <object_component_ref idref="oc-ef"/>
      </symbol>
      <symbol id="sm-160">
         <name>_PIE_disable</name>
         <value>0x3f78ed</value>
         <object_component_ref idref="oc-ee"/>
      </symbol>
      <symbol id="sm-161">
         <name>_PIE_illegalIsr</name>
         <value>0x3f784d</value>
         <object_component_ref idref="oc-3c"/>
      </symbol>
      <symbol id="sm-162">
         <name>_PIE_enableTimer0Int</name>
         <value>0x3f78f3</value>
         <object_component_ref idref="oc-f9"/>
      </symbol>
      <symbol id="sm-163">
         <name>_PIE_registerPieIntHandler</name>
         <value>0x3f767c</value>
         <object_component_ref idref="oc-f5"/>
      </symbol>
      <symbol id="sm-164">
         <name>_PIE_init</name>
         <value>0x3f76dc</value>
         <object_component_ref idref="oc-e5"/>
      </symbol>
      <symbol id="sm-165">
         <name>_PIE_setDebugIntVectorTable</name>
         <value>0x3f766b</value>
         <object_component_ref idref="oc-f3"/>
      </symbol>
      <symbol id="sm-166">
         <name>_PIE_tableDebugInit</name>
         <value>0x3f791a</value>
         <object_component_ref idref="oc-102"/>
      </symbol>
      <symbol id="sm-181">
         <name>_PLL_getClkStatus</name>
         <value>0x3f78f6</value>
         <object_component_ref idref="oc-fe"/>
      </symbol>
      <symbol id="sm-182">
         <name>_PLL_setDivider</name>
         <value>0x3f7779</value>
         <object_component_ref idref="oc-ff"/>
      </symbol>
      <symbol id="sm-183">
         <name>_PLL_init</name>
         <value>0x3f7734</value>
         <object_component_ref idref="oc-e6"/>
      </symbol>
      <symbol id="sm-184">
         <name>_PLL_getLockStatus</name>
         <value>0x3f78f9</value>
         <object_component_ref idref="oc-101"/>
      </symbol>
      <symbol id="sm-185">
         <name>_PLL_setup</name>
         <value>0x3f759e</value>
         <object_component_ref idref="oc-ed"/>
      </symbol>
      <symbol id="sm-186">
         <name>_PLL_setMultiplier</name>
         <value>0x3f77a3</value>
         <object_component_ref idref="oc-100"/>
      </symbol>
      <symbol id="sm-1c3">
         <name>_PWM_setPeriod</name>
         <value>0x3f7913</value>
         <object_component_ref idref="oc-c8"/>
      </symbol>
      <symbol id="sm-1c4">
         <name>_PWM_setHighSpeedClkDiv</name>
         <value>0x3f78d9</value>
         <object_component_ref idref="oc-cc"/>
      </symbol>
      <symbol id="sm-1c5">
         <name>_PWM_init</name>
         <value>0x3f773c</value>
         <object_component_ref idref="oc-e7"/>
      </symbol>
      <symbol id="sm-1c6">
         <name>_PWM_setShadowMode_CmpA</name>
         <value>0x3f77af</value>
         <object_component_ref idref="oc-ce"/>
      </symbol>
      <symbol id="sm-1c7">
         <name>_PWM_setShadowMode_CmpB</name>
         <value>0x3f77b5</value>
         <object_component_ref idref="oc-cf"/>
      </symbol>
      <symbol id="sm-1c8">
         <name>_PWM_setSocAPeriod</name>
         <value>0x3f7701</value>
         <object_component_ref idref="oc-d8"/>
      </symbol>
      <symbol id="sm-1c9">
         <name>_PWM_setDeadBandFallingEdgeDelay</name>
         <value>0x3f78ff</value>
         <object_component_ref idref="oc-dd"/>
      </symbol>
      <symbol id="sm-1ca">
         <name>_PWM_setActionQual_Zero_PwmB</name>
         <value>0x3f7787</value>
         <object_component_ref idref="oc-d4"/>
      </symbol>
      <symbol id="sm-1cb">
         <name>_PWM_setActionQual_Zero_PwmA</name>
         <value>0x3f7780</value>
         <object_component_ref idref="oc-d2"/>
      </symbol>
      <symbol id="sm-1cc">
         <name>_PWM_setPhase</name>
         <value>0x3f7915</value>
         <object_component_ref idref="oc-ca"/>
      </symbol>
      <symbol id="sm-1cd">
         <name>_PWM_setDeadBandPolarity</name>
         <value>0x3f779c</value>
         <object_component_ref idref="oc-da"/>
      </symbol>
      <symbol id="sm-1ce">
         <name>_PWM_setLoadMode_CmpB</name>
         <value>0x3f77a9</value>
         <object_component_ref idref="oc-d1"/>
      </symbol>
      <symbol id="sm-1cf">
         <name>_PWM_setLoadMode_CmpA</name>
         <value>0x3f78dd</value>
         <object_component_ref idref="oc-d0"/>
      </symbol>
      <symbol id="sm-1d0">
         <name>_PWM_disableCounterLoad</name>
         <value>0x3f78fc</value>
         <object_component_ref idref="oc-c9"/>
      </symbol>
      <symbol id="sm-1d1">
         <name>_PWM_setDeadBandOutputMode</name>
         <value>0x3f7795</value>
         <object_component_ref idref="oc-d9"/>
      </symbol>
      <symbol id="sm-1d2">
         <name>_PWM_setActionQual_CntUp_CmpA_PwmA</name>
         <value>0x3f76ef</value>
         <object_component_ref idref="oc-d3"/>
      </symbol>
      <symbol id="sm-1d3">
         <name>_PWM_setActionQual_CntUp_CmpB_PwmB</name>
         <value>0x3f76f8</value>
         <object_component_ref idref="oc-d5"/>
      </symbol>
      <symbol id="sm-1d4">
         <name>_PWM_setDeadBandInputMode</name>
         <value>0x3f778e</value>
         <object_component_ref idref="oc-db"/>
      </symbol>
      <symbol id="sm-1d5">
         <name>_PWM_enableSocAPulse</name>
         <value>0x3f78cd</value>
         <object_component_ref idref="oc-d6"/>
      </symbol>
      <symbol id="sm-1d6">
         <name>_PWM_setClkDiv</name>
         <value>0x3f78d1</value>
         <object_component_ref idref="oc-cd"/>
      </symbol>
      <symbol id="sm-1d7">
         <name>_PWM_setCounterMode</name>
         <value>0x3f78d5</value>
         <object_component_ref idref="oc-c7"/>
      </symbol>
      <symbol id="sm-1d8">
         <name>_PWM_setDeadBandRisingEdgeDelay</name>
         <value>0x3f7902</value>
         <object_component_ref idref="oc-dc"/>
      </symbol>
      <symbol id="sm-1d9">
         <name>_PWM_setSocAPulseSrc</name>
         <value>0x3f770a</value>
         <object_component_ref idref="oc-d7"/>
      </symbol>
      <symbol id="sm-1da">
         <name>_PWM_setCount</name>
         <value>0x3f7911</value>
         <object_component_ref idref="oc-cb"/>
      </symbol>
      <symbol id="sm-1f7">
         <name>_TIMER_setEmulationMode</name>
         <value>0x3f77bb</value>
         <object_component_ref idref="oc-b4"/>
      </symbol>
      <symbol id="sm-1f8">
         <name>_TIMER_start</name>
         <value>0x3f790b</value>
         <object_component_ref idref="oc-df"/>
      </symbol>
      <symbol id="sm-1f9">
         <name>_TIMER_setPreScaler</name>
         <value>0x3f75ef</value>
         <object_component_ref idref="oc-b2"/>
      </symbol>
      <symbol id="sm-1fa">
         <name>_TIMER_setPeriod</name>
         <value>0x3f7917</value>
         <object_component_ref idref="oc-b1"/>
      </symbol>
      <symbol id="sm-1fb">
         <name>_TIMER_init</name>
         <value>0x3f7744</value>
         <object_component_ref idref="oc-e9"/>
      </symbol>
      <symbol id="sm-1fc">
         <name>_TIMER_reload</name>
         <value>0x3f7908</value>
         <object_component_ref idref="oc-b3"/>
      </symbol>
      <symbol id="sm-1fd">
         <name>_TIMER_enableInt</name>
         <value>0x3f7905</value>
         <object_component_ref idref="oc-b5"/>
      </symbol>
      <symbol id="sm-1fe">
         <name>_TIMER_stop</name>
         <value>0x3f790e</value>
         <object_component_ref idref="oc-b0"/>
      </symbol>
      <symbol id="sm-20f">
         <name>_WDOG_init</name>
         <value>0x3f7754</value>
         <object_component_ref idref="oc-e8"/>
      </symbol>
      <symbol id="sm-210">
         <name>_WDOG_disable</name>
         <value>0x3f774c</value>
         <object_component_ref idref="oc-ea"/>
      </symbol>
      <symbol id="sm-2b3">
         <name>_ILLEGAL_ISR</name>
         <value>0x3f7834</value>
         <object_component_ref idref="oc-5c"/>
      </symbol>
      <symbol id="sm-2b4">
         <name>_ADCINT4_ISR</name>
         <value>0x3f77d0</value>
         <object_component_ref idref="oc-80"/>
      </symbol>
      <symbol id="sm-2b5">
         <name>_DATALOG_ISR</name>
         <value>0x3f77ee</value>
         <object_component_ref idref="oc-58"/>
      </symbol>
      <symbol id="sm-2b6">
         <name>_SPITXINTA_ISR</name>
         <value>0x3f7866</value>
         <object_component_ref idref="oc-7a"/>
      </symbol>
      <symbol id="sm-2b7">
         <name>_SPIRXINTA_ISR</name>
         <value>0x3f7861</value>
         <object_component_ref idref="oc-79"/>
      </symbol>
      <symbol id="sm-2b8">
         <name>_INT13_ISR</name>
         <value>0x3f7839</value>
         <object_component_ref idref="oc-56"/>
      </symbol>
      <symbol id="sm-2b9">
         <name>_ADCINT5_ISR</name>
         <value>0x3f77d5</value>
         <object_component_ref idref="oc-81"/>
      </symbol>
      <symbol id="sm-2ba">
         <name>_EPWM4_INT_ISR</name>
         <value>0x3f7820</value>
         <object_component_ref idref="oc-77"/>
      </symbol>
      <symbol id="sm-2bb">
         <name>_USER5_ISR</name>
         <value>0x3f7893</value>
         <object_component_ref idref="oc-61"/>
      </symbol>
      <symbol id="sm-2bc">
         <name>_EMPTY_ISR</name>
         <value>0x3f77f8</value>
         <object_component_ref idref="oc-86"/>
      </symbol>
      <symbol id="sm-2bd">
         <name>_EPWM4_TZINT_ISR</name>
         <value>0x3f7825</value>
         <object_component_ref idref="oc-73"/>
      </symbol>
      <symbol id="sm-2be">
         <name>_EMUINT_ISR</name>
         <value>0x3f77fd</value>
         <object_component_ref idref="oc-5a"/>
      </symbol>
      <symbol id="sm-2bf">
         <name>_ECAP1_INT_ISR</name>
         <value>0x3f77f3</value>
         <object_component_ref idref="oc-78"/>
      </symbol>
      <symbol id="sm-2c0">
         <name>_EPWM1_TZINT_ISR</name>
         <value>0x3f7807</value>
         <object_component_ref idref="oc-70"/>
      </symbol>
      <symbol id="sm-2c1">
         <name>_ADCINT6_ISR</name>
         <value>0x3f77da</value>
         <object_component_ref idref="oc-82"/>
      </symbol>
      <symbol id="sm-2c2">
         <name>_ADCINT8_ISR</name>
         <value>0x3f77e4</value>
         <object_component_ref idref="oc-84"/>
      </symbol>
      <symbol id="sm-2c3">
         <name>_USER11_ISR</name>
         <value>0x3f7875</value>
         <object_component_ref idref="oc-67"/>
      </symbol>
      <symbol id="sm-2c4">
         <name>_EPWM3_TZINT_ISR</name>
         <value>0x3f781b</value>
         <object_component_ref idref="oc-72"/>
      </symbol>
      <symbol id="sm-2c5">
         <name>_USER4_ISR</name>
         <value>0x3f788e</value>
         <object_component_ref idref="oc-60"/>
      </symbol>
      <symbol id="sm-2c6">
         <name>_EPWM2_TZINT_ISR</name>
         <value>0x3f7811</value>
         <object_component_ref idref="oc-71"/>
      </symbol>
      <symbol id="sm-2c7">
         <name>_EPWM2_INT_ISR</name>
         <value>0x3f780c</value>
         <object_component_ref idref="oc-75"/>
      </symbol>
      <symbol id="sm-2c8">
         <name>_TINT0_ISR</name>
         <value>0x3f786b</value>
         <object_component_ref idref="oc-6e"/>
      </symbol>
      <symbol id="sm-2c9">
         <name>_WAKEINT_ISR</name>
         <value>0x3f78ac</value>
         <object_component_ref idref="oc-6f"/>
      </symbol>
      <symbol id="sm-2ca">
         <name>_ADCINT7_ISR</name>
         <value>0x3f77df</value>
         <object_component_ref idref="oc-83"/>
      </symbol>
      <symbol id="sm-2cb">
         <name>_ADCINT9_ISR</name>
         <value>0x3f77e9</value>
         <object_component_ref idref="oc-6d"/>
      </symbol>
      <symbol id="sm-2cc">
         <name>_USER10_ISR</name>
         <value>0x3f7870</value>
         <object_component_ref idref="oc-66"/>
      </symbol>
      <symbol id="sm-2cd">
         <name>_USER7_ISR</name>
         <value>0x3f789d</value>
         <object_component_ref idref="oc-63"/>
      </symbol>
      <symbol id="sm-2ce">
         <name>_XINT1_ISR</name>
         <value>0x3f78b1</value>
         <object_component_ref idref="oc-6b"/>
      </symbol>
      <symbol id="sm-2cf">
         <name>_INT14_ISR</name>
         <value>0x3f783e</value>
         <object_component_ref idref="oc-57"/>
      </symbol>
      <symbol id="sm-2d0">
         <name>_USER6_ISR</name>
         <value>0x3f7898</value>
         <object_component_ref idref="oc-62"/>
      </symbol>
      <symbol id="sm-2d1">
         <name>_ADCINT1_ISR</name>
         <value>0x3f77c1</value>
         <object_component_ref idref="oc-69"/>
      </symbol>
      <symbol id="sm-2d2">
         <name>_USER12_ISR</name>
         <value>0x3f787a</value>
         <object_component_ref idref="oc-68"/>
      </symbol>
      <symbol id="sm-2d3">
         <name>_USER1_ISR</name>
         <value>0x3f787f</value>
         <object_component_ref idref="oc-5d"/>
      </symbol>
      <symbol id="sm-2d4">
         <name>_XINT3_ISR</name>
         <value>0x3f78bb</value>
         <object_component_ref idref="oc-85"/>
      </symbol>
      <symbol id="sm-2d5">
         <name>_NMI_ISR</name>
         <value>0x3f7843</value>
         <object_component_ref idref="oc-5b"/>
      </symbol>
      <symbol id="sm-2d6">
         <name>_ADCINT2_ISR</name>
         <value>0x3f77c6</value>
         <object_component_ref idref="oc-6a"/>
      </symbol>
      <symbol id="sm-2d7">
         <name>_PIE_RESERVED</name>
         <value>0x3f7848</value>
         <object_component_ref idref="oc-87"/>
      </symbol>
      <symbol id="sm-2d8">
         <name>_I2CINT1A_ISR</name>
         <value>0x3f782a</value>
         <object_component_ref idref="oc-7b"/>
      </symbol>
      <symbol id="sm-2d9">
         <name>_XINT2_ISR</name>
         <value>0x3f78b6</value>
         <object_component_ref idref="oc-6c"/>
      </symbol>
      <symbol id="sm-2da">
         <name>_I2CINT2A_ISR</name>
         <value>0x3f782f</value>
         <object_component_ref idref="oc-7c"/>
      </symbol>
      <symbol id="sm-2db">
         <name>_RTOSINT_ISR</name>
         <value>0x3f7852</value>
         <object_component_ref idref="oc-59"/>
      </symbol>
      <symbol id="sm-2dc">
         <name>_EPWM3_INT_ISR</name>
         <value>0x3f7816</value>
         <object_component_ref idref="oc-76"/>
      </symbol>
      <symbol id="sm-2dd">
         <name>_ADCINT3_ISR</name>
         <value>0x3f77cb</value>
         <object_component_ref idref="oc-7f"/>
      </symbol>
      <symbol id="sm-2de">
         <name>_USER9_ISR</name>
         <value>0x3f78a7</value>
         <object_component_ref idref="oc-65"/>
      </symbol>
      <symbol id="sm-2df">
         <name>_USER3_ISR</name>
         <value>0x3f7889</value>
         <object_component_ref idref="oc-5f"/>
      </symbol>
      <symbol id="sm-2e0">
         <name>_USER8_ISR</name>
         <value>0x3f78a2</value>
         <object_component_ref idref="oc-64"/>
      </symbol>
      <symbol id="sm-2e1">
         <name>_EPWM1_INT_ISR</name>
         <value>0x3f7802</value>
         <object_component_ref idref="oc-74"/>
      </symbol>
      <symbol id="sm-2e2">
         <name>_USER2_ISR</name>
         <value>0x3f7884</value>
         <object_component_ref idref="oc-5e"/>
      </symbol>
      <symbol id="sm-2e3">
         <name>_SCITXINTA_ISR</name>
         <value>0x3f785c</value>
         <object_component_ref idref="oc-7e"/>
      </symbol>
      <symbol id="sm-2e4">
         <name>_SCIRXINTA_ISR</name>
         <value>0x3f7857</value>
         <object_component_ref idref="oc-7d"/>
      </symbol>
      <symbol id="sm-2e5">
         <name>_rsvd_ISR</name>
         <value>0x3f78c0</value>
         <object_component_ref idref="oc-88"/>
      </symbol>
      <symbol id="sm-2fe">
         <name>_c_int00</name>
         <value>0x3f745e</value>
         <object_component_ref idref="oc-8d"/>
      </symbol>
      <symbol id="sm-2ff">
         <name>__stack</name>
         <value>0x400</value>
         <object_component_ref idref="oc-8e"/>
      </symbol>
      <symbol id="sm-313">
         <name>C$$EXIT</name>
         <value>0x3f756e</value>
         <object_component_ref idref="oc-ad"/>
      </symbol>
      <symbol id="sm-314">
         <name>_exit</name>
         <value>0x3f7570</value>
         <object_component_ref idref="oc-ad"/>
      </symbol>
      <symbol id="sm-315">
         <name>___TI_cleanup_ptr</name>
         <value>0x62a</value>
         <object_component_ref idref="oc-96"/>
      </symbol>
      <symbol id="sm-316">
         <name>_abort</name>
         <value>0x3f756e</value>
         <object_component_ref idref="oc-ad"/>
      </symbol>
      <symbol id="sm-317">
         <name>___TI_dtors_ptr</name>
         <value>0x62c</value>
         <object_component_ref idref="oc-96"/>
      </symbol>
      <symbol id="sm-32c">
         <name>__unlock</name>
         <value>0x630</value>
         <object_component_ref idref="oc-105"/>
      </symbol>
      <symbol id="sm-32d">
         <name>__lock</name>
         <value>0x62e</value>
         <object_component_ref idref="oc-fc"/>
      </symbol>
      <symbol id="sm-32e">
         <name>__register_lock</name>
         <value>0x3f7717</value>
         <object_component_ref idref="oc-103"/>
      </symbol>
      <symbol id="sm-32f">
         <name>__nop</name>
         <value>0x3f771b</value>
         <object_component_ref idref="oc-103"/>
      </symbol>
      <symbol id="sm-330">
         <name>__register_unlock</name>
         <value>0x3f7713</value>
         <object_component_ref idref="oc-103"/>
      </symbol>
      <symbol id="sm-342">
         <name>_memcpy</name>
         <value>0x3f7538</value>
         <object_component_ref idref="oc-f2"/>
      </symbol>
      <symbol id="sm-352">
         <name>__args_main</name>
         <value>0x3f7555</value>
         <object_component_ref idref="oc-ac"/>
      </symbol>
   </symbol_table>
   <title>Link successful</title>
</link_info>
